2025-06-18 10:21:06.014 [http-nio-8080-exec-7] INFO  c.av.controller.CustomerController - INFO log
2025-06-18 10:21:06.083 [http-nio-8080-exec-7] WARN  c.av.controller.CustomerController - WARN log
2025-06-18 10:21:06.083 [http-nio-8080-exec-7] ERROR c.av.controller.CustomerController - ERROR log
2025-06-18 10:53:17.796 [RMI TCP Connection(1587)-127.0.0.1] INFO  o.s.b.a.SpringApplicationAdminMXBeanRegistrar$SpringApplicationAdmin - Application shutdown requested.
2025-06-18 10:53:18.845 [RMI TCP Connection(1587)-127.0.0.1] INFO  o.s.b.w.e.tomcat.GracefulShutdown - Commencing graceful shutdown. Waiting for active requests to complete
2025-06-18 10:53:19.160 [tomcat-shutdown] INFO  o.a.coyote.http11.Http11NioProtocol - Pausing ProtocolHandler ["http-nio-8080"]
2025-06-18 10:53:19.387 [tomcat-shutdown] INFO  o.s.b.w.e.tomcat.GracefulShutdown - Graceful shutdown complete
2025-06-18 10:53:19.428 [RMI TCP Connection(1587)-127.0.0.1] INFO  o.a.coyote.http11.Http11NioProtocol - Stopping ProtocolHandler ["http-nio-8080"]
2025-06-18 10:57:51.278 [main] INFO  c.a.SpringBootDataMongodbApplication - Starting SpringBootDataMongodbApplication using Java 17.0.14 with PID 34924 (D:\H\av-be\bin\main started by user in D:\H\av-be)
2025-06-18 10:57:51.281 [main] INFO  c.a.SpringBootDataMongodbApplication - No active profile set, falling back to 1 default profile: "default"
2025-06-18 10:57:52.224 [main] INFO  o.s.d.r.c.RepositoryConfigurationDelegate - Bootstrapping Spring Data MongoDB repositories in DEFAULT mode.
2025-06-18 10:57:52.328 [main] INFO  o.s.d.r.c.RepositoryConfigurationDelegate - Finished Spring Data repository scanning in 93 ms. Found 2 MongoDB repository interfaces.
2025-06-18 10:57:52.972 [main] INFO  o.s.b.w.e.tomcat.TomcatWebServer - Tomcat initialized with port 8080 (http)
2025-06-18 10:57:52.991 [main] INFO  o.a.coyote.http11.Http11NioProtocol - Initializing ProtocolHandler ["http-nio-8080"]
2025-06-18 10:57:52.994 [main] INFO  o.a.catalina.core.StandardService - Starting service [Tomcat]
2025-06-18 10:57:52.995 [main] INFO  o.a.catalina.core.StandardEngine - Starting Servlet engine: [Apache Tomcat/10.1.34]
2025-06-18 10:57:53.096 [main] INFO  o.a.c.c.C.[Tomcat].[localhost].[/] - Initializing Spring embedded WebApplicationContext
2025-06-18 10:57:53.097 [main] INFO  o.s.b.w.s.c.ServletWebServerApplicationContext - Root WebApplicationContext: initialization completed in 1747 ms
2025-06-18 10:57:53.631 [main] INFO  org.mongodb.driver.client - MongoClient with metadata {"driver": {"name": "mongo-java-driver|sync|spring-boot", "version": "5.2.1"}, "os": {"type": "Windows", "name": "Windows 11", "architecture": "amd64", "version": "10.0"}, "platform": "Java/Oracle Corporation/17.0.14+8-LTS-191"} created with settings MongoClientSettings{readPreference=primary, writeConcern=WriteConcern{w=null, wTimeout=null ms, journal=null}, retryWrites=true, retryReads=true, readConcern=ReadConcern{level=null}, credential=null, transportSettings=null, commandListeners=[], codecRegistry=ProvidersCodecRegistry{codecProviders=[ValueCodecProvider{}, BsonValueCodecProvider{}, DBRefCodecProvider{}, DBObjectCodecProvider{}, DocumentCodecProvider{}, CollectionCodecProvider{}, IterableCodecProvider{}, MapCodecProvider{}, GeoJsonCodecProvider{}, GridFSFileCodecProvider{}, Jsr310CodecProvider{}, JsonObjectCodecProvider{}, BsonCodecProvider{}, EnumCodecProvider{}, com.mongodb.client.model.mql.ExpressionCodecProvider@3c9ef6e9, com.mongodb.Jep395RecordCodecProvider@3cdff901, com.mongodb.KotlinCodecProvider@57e5396b]}, loggerSettings=LoggerSettings{maxDocumentLength=1000}, clusterSettings={hosts=[localhost:27017], srvServiceName=mongodb, mode=SINGLE, requiredClusterType=UNKNOWN, requiredReplicaSetName='null', serverSelector='null', clusterListeners='[]', serverSelectionTimeout='30000 ms', localThreshold='15 ms'}, socketSettings=SocketSettings{connectTimeoutMS=10000, readTimeoutMS=0, receiveBufferSize=0, proxySettings=ProxySettings{host=null, port=null, username=null, password=null}}, heartbeatSocketSettings=SocketSettings{connectTimeoutMS=10000, readTimeoutMS=10000, receiveBufferSize=0, proxySettings=ProxySettings{host=null, port=null, username=null, password=null}}, connectionPoolSettings=ConnectionPoolSettings{maxSize=100, minSize=0, maxWaitTimeMS=120000, maxConnectionLifeTimeMS=0, maxConnectionIdleTimeMS=0, maintenanceInitialDelayMS=0, maintenanceFrequencyMS=60000, connectionPoolListeners=[], maxConnecting=2}, serverSettings=ServerSettings{heartbeatFrequencyMS=10000, minHeartbeatFrequencyMS=500, serverMonitoringMode=AUTO, serverListeners='[]', serverMonitorListeners='[]'}, sslSettings=SslSettings{enabled=false, invalidHostNameAllowed=false, context=null}, applicationName='null', compressorList=[], uuidRepresentation=JAVA_LEGACY, serverApi=null, autoEncryptionSettings=null, dnsClient=null, inetAddressResolver=null, contextProvider=null, timeoutMS=null}
2025-06-18 10:57:53.677 [cluster-ClusterId{value='68524e59192cb3699c3d8b48', description='null'}-localhost:27017] INFO  org.mongodb.driver.cluster - Monitor thread successfully connected to server with description ServerDescription{address=localhost:27017, type=STANDALONE, cryptd=false, state=CONNECTED, ok=true, minWireVersion=0, maxWireVersion=25, maxDocumentSize=16777216, logicalSessionTimeoutMinutes=30, roundTripTimeNanos=54345000, minRoundTripTimeNanos=0}
2025-06-18 10:57:54.377 [main] INFO  o.s.b.a.w.s.WelcomePageHandlerMapping - Adding welcome page: class path resource [public/index.html]
2025-06-18 10:57:54.743 [main] INFO  o.a.coyote.http11.Http11NioProtocol - Starting ProtocolHandler ["http-nio-8080"]
2025-06-18 10:57:54.785 [main] INFO  o.s.b.w.e.tomcat.TomcatWebServer - Tomcat started on port 8080 (http) with context path '/'
2025-06-18 10:57:54.799 [main] INFO  c.a.SpringBootDataMongodbApplication - Started SpringBootDataMongodbApplication in 4.394 seconds (process running for 5.967)
2025-06-18 10:58:06.011 [http-nio-8080-exec-1] INFO  o.a.c.c.C.[Tomcat].[localhost].[/] - Initializing Spring DispatcherServlet 'dispatcherServlet'
2025-06-18 10:58:06.012 [http-nio-8080-exec-1] INFO  o.s.web.servlet.DispatcherServlet - Initializing Servlet 'dispatcherServlet'
2025-06-18 10:58:06.015 [http-nio-8080-exec-1] INFO  o.s.web.servlet.DispatcherServlet - Completed initialization in 3 ms
2025-06-18 10:58:06.103 [http-nio-8080-exec-1] INFO  c.av.controller.CustomerController - INFO log
2025-06-18 10:58:06.103 [http-nio-8080-exec-1] WARN  c.av.controller.CustomerController - WARN log
2025-06-18 10:58:06.103 [http-nio-8080-exec-1] ERROR c.av.controller.CustomerController - ERROR log
2025-06-18 10:58:45.519 [http-nio-8080-exec-2] INFO  c.av.controller.CustomerController - INFO log
2025-06-18 10:58:45.520 [http-nio-8080-exec-2] WARN  c.av.controller.CustomerController - WARN log
2025-06-18 10:58:45.520 [http-nio-8080-exec-2] ERROR c.av.controller.CustomerController - ERROR log
2025-06-18 11:21:32.823 [main] INFO  c.a.SpringBootDataMongodbApplication - Starting SpringBootDataMongodbApplication using Java 17.0.14 with PID 6660 (D:\H\av-be\bin\main started by user in D:\H\av-be)
2025-06-18 11:21:32.829 [main] INFO  c.a.SpringBootDataMongodbApplication - No active profile set, falling back to 1 default profile: "default"
2025-06-18 11:21:33.715 [main] INFO  o.s.d.r.c.RepositoryConfigurationDelegate - Bootstrapping Spring Data MongoDB repositories in DEFAULT mode.
2025-06-18 11:21:33.786 [main] INFO  o.s.d.r.c.RepositoryConfigurationDelegate - Finished Spring Data repository scanning in 63 ms. Found 2 MongoDB repository interfaces.
2025-06-18 11:21:34.377 [main] INFO  o.s.b.w.e.tomcat.TomcatWebServer - Tomcat initialized with port 8080 (http)
2025-06-18 11:21:34.393 [main] INFO  o.a.coyote.http11.Http11NioProtocol - Initializing ProtocolHandler ["http-nio-8080"]
2025-06-18 11:21:34.396 [main] INFO  o.a.catalina.core.StandardService - Starting service [Tomcat]
2025-06-18 11:21:34.396 [main] INFO  o.a.catalina.core.StandardEngine - Starting Servlet engine: [Apache Tomcat/10.1.34]
2025-06-18 11:21:34.468 [main] INFO  o.a.c.c.C.[Tomcat].[localhost].[/] - Initializing Spring embedded WebApplicationContext
2025-06-18 11:21:34.469 [main] INFO  o.s.b.w.s.c.ServletWebServerApplicationContext - Root WebApplicationContext: initialization completed in 1574 ms
2025-06-18 11:21:35.076 [main] INFO  org.mongodb.driver.client - MongoClient with metadata {"driver": {"name": "mongo-java-driver|sync|spring-boot", "version": "5.2.1"}, "os": {"type": "Windows", "name": "Windows 11", "architecture": "amd64", "version": "10.0"}, "platform": "Java/Oracle Corporation/17.0.14+8-LTS-191"} created with settings MongoClientSettings{readPreference=primary, writeConcern=WriteConcern{w=null, wTimeout=null ms, journal=null}, retryWrites=true, retryReads=true, readConcern=ReadConcern{level=null}, credential=null, transportSettings=null, commandListeners=[], codecRegistry=ProvidersCodecRegistry{codecProviders=[ValueCodecProvider{}, BsonValueCodecProvider{}, DBRefCodecProvider{}, DBObjectCodecProvider{}, DocumentCodecProvider{}, CollectionCodecProvider{}, IterableCodecProvider{}, MapCodecProvider{}, GeoJsonCodecProvider{}, GridFSFileCodecProvider{}, Jsr310CodecProvider{}, JsonObjectCodecProvider{}, BsonCodecProvider{}, EnumCodecProvider{}, com.mongodb.client.model.mql.ExpressionCodecProvider@1f7cec93, com.mongodb.Jep395RecordCodecProvider@3c9ef6e9, com.mongodb.KotlinCodecProvider@3cdff901]}, loggerSettings=LoggerSettings{maxDocumentLength=1000}, clusterSettings={hosts=[localhost:27017], srvServiceName=mongodb, mode=SINGLE, requiredClusterType=UNKNOWN, requiredReplicaSetName='null', serverSelector='null', clusterListeners='[]', serverSelectionTimeout='30000 ms', localThreshold='15 ms'}, socketSettings=SocketSettings{connectTimeoutMS=10000, readTimeoutMS=0, receiveBufferSize=0, proxySettings=ProxySettings{host=null, port=null, username=null, password=null}}, heartbeatSocketSettings=SocketSettings{connectTimeoutMS=10000, readTimeoutMS=10000, receiveBufferSize=0, proxySettings=ProxySettings{host=null, port=null, username=null, password=null}}, connectionPoolSettings=ConnectionPoolSettings{maxSize=100, minSize=0, maxWaitTimeMS=120000, maxConnectionLifeTimeMS=0, maxConnectionIdleTimeMS=0, maintenanceInitialDelayMS=0, maintenanceFrequencyMS=60000, connectionPoolListeners=[], maxConnecting=2}, serverSettings=ServerSettings{heartbeatFrequencyMS=10000, minHeartbeatFrequencyMS=500, serverMonitoringMode=AUTO, serverListeners='[]', serverMonitorListeners='[]'}, sslSettings=SslSettings{enabled=false, invalidHostNameAllowed=false, context=null}, applicationName='null', compressorList=[], uuidRepresentation=JAVA_LEGACY, serverApi=null, autoEncryptionSettings=null, dnsClient=null, inetAddressResolver=null, contextProvider=null, timeoutMS=null}
2025-06-18 11:21:35.112 [cluster-ClusterId{value='685253e6f5ab3c1887c14439', description='null'}-localhost:27017] INFO  org.mongodb.driver.cluster - Monitor thread successfully connected to server with description ServerDescription{address=localhost:27017, type=STANDALONE, cryptd=false, state=CONNECTED, ok=true, minWireVersion=0, maxWireVersion=25, maxDocumentSize=16777216, logicalSessionTimeoutMinutes=30, roundTripTimeNanos=47628400, minRoundTripTimeNanos=0}
2025-06-18 11:21:36.176 [main] INFO  o.s.b.a.w.s.WelcomePageHandlerMapping - Adding welcome page: class path resource [public/index.html]
2025-06-18 11:21:38.360 [main] INFO  o.a.coyote.http11.Http11NioProtocol - Starting ProtocolHandler ["http-nio-8080"]
2025-06-18 11:21:38.416 [main] INFO  o.s.b.w.e.tomcat.TomcatWebServer - Tomcat started on port 8080 (http) with context path '/'
2025-06-18 11:21:38.428 [main] INFO  c.a.SpringBootDataMongodbApplication - Started SpringBootDataMongodbApplication in 6.366 seconds (process running for 8.302)
2025-06-18 11:26:12.213 [http-nio-8080-exec-1] INFO  o.a.c.c.C.[Tomcat].[localhost].[/] - Initializing Spring DispatcherServlet 'dispatcherServlet'
2025-06-18 11:26:12.233 [http-nio-8080-exec-1] INFO  o.s.web.servlet.DispatcherServlet - Initializing Servlet 'dispatcherServlet'
2025-06-18 11:26:12.285 [http-nio-8080-exec-1] INFO  o.s.web.servlet.DispatcherServlet - Completed initialization in 52 ms
2025-06-18 11:26:12.561 [http-nio-8080-exec-1] INFO  c.av.controller.CustomerController - INFO log
2025-06-18 11:26:12.563 [http-nio-8080-exec-1] WARN  c.av.controller.CustomerController - WARN log
2025-06-18 11:26:12.563 [http-nio-8080-exec-1] ERROR c.av.controller.CustomerController - ERROR log
2025-06-18 11:30:14.815 [http-nio-8080-exec-3] INFO  c.av.controller.CustomerController - INFO log
2025-06-18 11:30:14.823 [http-nio-8080-exec-3] WARN  c.av.controller.CustomerController - WARN log
2025-06-18 11:30:14.824 [http-nio-8080-exec-3] ERROR c.av.controller.CustomerController - ERROR log
2025-06-18 11:33:05.926 [http-nio-8080-exec-4] INFO  c.av.controller.CustomerController - INFO log
2025-06-18 11:33:05.926 [http-nio-8080-exec-4] WARN  c.av.controller.CustomerController - WARN log
2025-06-18 11:33:05.926 [http-nio-8080-exec-4] ERROR c.av.controller.CustomerController - ERROR log
2025-06-18 11:34:05.840 [http-nio-8080-exec-5] INFO  c.av.controller.CustomerController - INFO log
2025-06-18 11:34:05.841 [http-nio-8080-exec-5] WARN  c.av.controller.CustomerController - WARN log
2025-06-18 11:34:05.841 [http-nio-8080-exec-5] ERROR c.av.controller.CustomerController - ERROR log
2025-06-18 11:35:33.925 [http-nio-8080-exec-10] INFO  c.av.controller.CustomerController - INFO log
2025-06-18 11:35:33.926 [http-nio-8080-exec-10] WARN  c.av.controller.CustomerController - WARN log
2025-06-18 11:35:33.926 [http-nio-8080-exec-10] ERROR c.av.controller.CustomerController - ERROR log
2025-06-18 11:35:55.526 [http-nio-8080-exec-7] INFO  c.av.controller.CustomerController - INFO log
2025-06-18 11:35:55.526 [http-nio-8080-exec-7] WARN  c.av.controller.CustomerController - WARN log
2025-06-18 11:35:55.526 [http-nio-8080-exec-7] ERROR c.av.controller.CustomerController - ERROR log
2025-06-18 11:37:25.132 [http-nio-8080-exec-1] INFO  c.av.controller.CustomerController - INFO log
2025-06-18 11:37:25.132 [http-nio-8080-exec-1] WARN  c.av.controller.CustomerController - WARN log
2025-06-18 11:37:25.132 [http-nio-8080-exec-1] ERROR c.av.controller.CustomerController - ERROR log
2025-06-18 11:37:59.840 [http-nio-8080-exec-3] INFO  c.av.controller.CustomerController - INFO log
2025-06-18 11:37:59.841 [http-nio-8080-exec-3] WARN  c.av.controller.CustomerController - WARN log
2025-06-18 11:37:59.841 [http-nio-8080-exec-3] ERROR c.av.controller.CustomerController - ERROR log
2025-06-18 11:56:32.407 [http-nio-8080-exec-4] INFO  c.av.controller.CustomerController - INFO log
2025-06-18 11:56:32.408 [http-nio-8080-exec-4] WARN  c.av.controller.CustomerController - WARN log
2025-06-18 11:56:32.408 [http-nio-8080-exec-4] ERROR c.av.controller.CustomerController - ERROR log
2025-06-18 11:58:17.171 [http-nio-8080-exec-8] INFO  c.av.controller.CustomerController - INFO log
2025-06-18 11:58:17.172 [http-nio-8080-exec-8] WARN  c.av.controller.CustomerController - WARN log
2025-06-18 11:58:17.172 [http-nio-8080-exec-8] ERROR c.av.controller.CustomerController - ERROR log
2025-06-18 11:58:51.252 [http-nio-8080-exec-10] INFO  c.av.controller.CustomerController - INFO log
2025-06-18 11:58:51.253 [http-nio-8080-exec-10] WARN  c.av.controller.CustomerController - WARN log
2025-06-18 11:58:51.253 [http-nio-8080-exec-10] ERROR c.av.controller.CustomerController - ERROR log
2025-06-18 11:59:39.841 [http-nio-8080-exec-7] INFO  c.av.controller.CustomerController - INFO log
2025-06-18 11:59:39.842 [http-nio-8080-exec-7] WARN  c.av.controller.CustomerController - WARN log
2025-06-18 11:59:39.842 [http-nio-8080-exec-7] ERROR c.av.controller.CustomerController - ERROR log
2025-06-18 12:16:40.877 [http-nio-8080-exec-1] INFO  c.av.controller.CustomerController - INFO log
2025-06-18 12:16:40.914 [http-nio-8080-exec-1] WARN  c.av.controller.CustomerController - WARN log
2025-06-18 12:16:40.917 [http-nio-8080-exec-1] ERROR c.av.controller.CustomerController - ERROR log
2025-06-18 12:17:37.889 [http-nio-8080-exec-9] WARN  o.s.w.s.m.s.DefaultHandlerExceptionResolver - Resolved [org.springframework.http.converter.HttpMessageNotReadableException: JSON parse error: Cannot deserialize value of type `java.lang.String` from Object value (token `JsonToken.START_OBJECT`)]
2025-06-18 12:17:49.035 [http-nio-8080-exec-9] WARN  o.s.w.s.m.s.DefaultHandlerExceptionResolver - Resolved [org.springframework.http.converter.HttpMessageNotReadableException: JSON parse error: Cannot deserialize value of type `java.lang.String` from Object value (token `JsonToken.START_OBJECT`)]
2025-06-18 12:18:01.561 [http-nio-8080-exec-1] WARN  o.s.w.s.m.s.DefaultHandlerExceptionResolver - Resolved [org.springframework.http.converter.HttpMessageNotReadableException: JSON parse error: Cannot deserialize value of type `java.lang.String` from Object value (token `JsonToken.START_OBJECT`)]
2025-06-18 12:18:32.348 [http-nio-8080-exec-8] WARN  o.s.w.s.m.s.DefaultHandlerExceptionResolver - Resolved [org.springframework.http.converter.HttpMessageNotReadableException: JSON parse error: Cannot deserialize value of type `java.lang.String` from Object value (token `JsonToken.START_OBJECT`)]
2025-06-18 12:19:00.173 [http-nio-8080-exec-6] WARN  o.s.w.s.m.s.DefaultHandlerExceptionResolver - Resolved [org.springframework.http.converter.HttpMessageNotReadableException: JSON parse error: Cannot deserialize value of type `java.lang.String` from Object value (token `JsonToken.START_OBJECT`)]
2025-06-18 12:20:14.718 [http-nio-8080-exec-5] INFO  c.av.controller.CustomerController - INFO log
2025-06-18 12:20:14.719 [http-nio-8080-exec-5] WARN  c.av.controller.CustomerController - WARN log
2025-06-18 12:20:14.719 [http-nio-8080-exec-5] ERROR c.av.controller.CustomerController - ERROR log
2025-06-18 12:20:49.025 [http-nio-8080-exec-8] INFO  c.av.controller.CustomerController - INFO log
2025-06-18 12:20:49.025 [http-nio-8080-exec-8] WARN  c.av.controller.CustomerController - WARN log
2025-06-18 12:20:49.025 [http-nio-8080-exec-8] ERROR c.av.controller.CustomerController - ERROR log
2025-06-18 12:26:45.284 [http-nio-8080-exec-6] WARN  o.s.w.s.m.s.DefaultHandlerExceptionResolver - Resolved [org.springframework.http.converter.HttpMessageNotReadableException: JSON parse error: Cannot deserialize value of type `java.lang.String` from Object value (token `JsonToken.START_OBJECT`)]
2025-06-18 12:42:08.982 [http-nio-8080-exec-8] INFO  c.av.controller.CustomerController - INFO log
2025-06-18 12:42:09.014 [http-nio-8080-exec-8] WARN  c.av.controller.CustomerController - WARN log
2025-06-18 12:42:09.015 [http-nio-8080-exec-8] ERROR c.av.controller.CustomerController - ERROR log
2025-06-18 12:42:45.777 [http-nio-8080-exec-10] WARN  o.s.w.s.m.s.DefaultHandlerExceptionResolver - Resolved [org.springframework.http.converter.HttpMessageNotReadableException: JSON parse error: Cannot deserialize value of type `java.lang.String` from Object value (token `JsonToken.START_OBJECT`)]
2025-06-18 12:45:45.864 [http-nio-8080-exec-7] INFO  c.av.controller.CustomerController - INFO log
2025-06-18 12:45:45.864 [http-nio-8080-exec-7] WARN  c.av.controller.CustomerController - WARN log
2025-06-18 12:45:45.864 [http-nio-8080-exec-7] ERROR c.av.controller.CustomerController - ERROR log
2025-06-18 12:47:55.902 [http-nio-8080-exec-10] INFO  c.av.controller.CustomerController - INFO log
2025-06-18 12:47:55.907 [http-nio-8080-exec-10] WARN  c.av.controller.CustomerController - WARN log
2025-06-18 12:47:55.908 [http-nio-8080-exec-10] ERROR c.av.controller.CustomerController - ERROR log
2025-06-18 12:51:49.375 [http-nio-8080-exec-3] INFO  c.av.controller.CustomerController - INFO log
2025-06-18 12:51:49.375 [http-nio-8080-exec-3] WARN  c.av.controller.CustomerController - WARN log
2025-06-18 12:51:49.375 [http-nio-8080-exec-3] ERROR c.av.controller.CustomerController - ERROR log
2025-06-18 12:52:30.467 [http-nio-8080-exec-9] INFO  c.av.controller.CustomerController - INFO log
2025-06-18 12:52:30.469 [http-nio-8080-exec-9] WARN  c.av.controller.CustomerController - WARN log
2025-06-18 12:52:30.470 [http-nio-8080-exec-9] ERROR c.av.controller.CustomerController - ERROR log
2025-06-18 12:52:57.181 [http-nio-8080-exec-6] INFO  c.av.controller.CustomerController - INFO log
2025-06-18 12:52:57.182 [http-nio-8080-exec-6] WARN  c.av.controller.CustomerController - WARN log
2025-06-18 12:52:57.183 [http-nio-8080-exec-6] ERROR c.av.controller.CustomerController - ERROR log
2025-06-18 12:55:52.460 [http-nio-8080-exec-5] INFO  c.av.controller.CustomerController - INFO log
2025-06-18 12:55:52.463 [http-nio-8080-exec-5] WARN  c.av.controller.CustomerController - WARN log
2025-06-18 12:55:52.464 [http-nio-8080-exec-5] ERROR c.av.controller.CustomerController - ERROR log
2025-06-18 12:57:30.479 [http-nio-8080-exec-4] INFO  c.av.controller.CustomerController - INFO log
2025-06-18 12:57:30.479 [http-nio-8080-exec-4] WARN  c.av.controller.CustomerController - WARN log
2025-06-18 12:57:30.480 [http-nio-8080-exec-4] ERROR c.av.controller.CustomerController - ERROR log
2025-06-18 12:58:46.534 [http-nio-8080-exec-4] INFO  c.av.controller.CustomerController - INFO log
2025-06-18 12:58:46.535 [http-nio-8080-exec-4] WARN  c.av.controller.CustomerController - WARN log
2025-06-18 12:58:46.535 [http-nio-8080-exec-4] ERROR c.av.controller.CustomerController - ERROR log
2025-06-18 12:59:27.512 [http-nio-8080-exec-2] INFO  c.av.controller.CustomerController - INFO log
2025-06-18 12:59:27.512 [http-nio-8080-exec-2] WARN  c.av.controller.CustomerController - WARN log
2025-06-18 12:59:27.512 [http-nio-8080-exec-2] ERROR c.av.controller.CustomerController - ERROR log
2025-06-18 12:59:54.628 [http-nio-8080-exec-5] WARN  o.s.w.s.m.s.DefaultHandlerExceptionResolver - Resolved [org.springframework.http.converter.HttpMessageNotReadableException: JSON parse error: Cannot deserialize value of type `java.lang.String` from Object value (token `JsonToken.START_OBJECT`)]
2025-06-18 13:00:34.608 [http-nio-8080-exec-10] INFO  c.av.controller.CustomerController - INFO log
2025-06-18 13:00:34.608 [http-nio-8080-exec-10] WARN  c.av.controller.CustomerController - WARN log
2025-06-18 13:00:34.608 [http-nio-8080-exec-10] ERROR c.av.controller.CustomerController - ERROR log
2025-06-18 13:03:12.017 [http-nio-8080-exec-7] INFO  c.av.controller.CustomerController - INFO log
2025-06-18 13:03:12.024 [http-nio-8080-exec-7] WARN  c.av.controller.CustomerController - WARN log
2025-06-18 13:03:12.024 [http-nio-8080-exec-7] ERROR c.av.controller.CustomerController - ERROR log
2025-06-18 13:04:01.847 [http-nio-8080-exec-9] INFO  c.av.controller.CustomerController - INFO log
2025-06-18 13:04:01.847 [http-nio-8080-exec-9] WARN  c.av.controller.CustomerController - WARN log
2025-06-18 13:04:01.847 [http-nio-8080-exec-9] ERROR c.av.controller.CustomerController - ERROR log
2025-06-18 13:04:22.471 [http-nio-8080-exec-5] WARN  o.s.w.s.m.s.DefaultHandlerExceptionResolver - Resolved [org.springframework.http.converter.HttpMessageNotReadableException: JSON parse error: Cannot deserialize value of type `java.lang.String` from Object value (token `JsonToken.START_OBJECT`)]
2025-06-18 13:05:43.384 [http-nio-8080-exec-8] INFO  c.av.controller.CustomerController - INFO log
2025-06-18 13:05:43.385 [http-nio-8080-exec-8] WARN  c.av.controller.CustomerController - WARN log
2025-06-18 13:05:43.385 [http-nio-8080-exec-8] ERROR c.av.controller.CustomerController - ERROR log
2025-06-18 13:06:04.269 [http-nio-8080-exec-1] WARN  o.s.w.s.m.s.DefaultHandlerExceptionResolver - Resolved [org.springframework.http.converter.HttpMessageNotReadableException: JSON parse error: Cannot deserialize value of type `java.lang.String` from Object value (token `JsonToken.START_OBJECT`)]
2025-06-18 13:06:51.018 [http-nio-8080-exec-10] INFO  c.av.controller.CustomerController - INFO log
2025-06-18 13:06:51.018 [http-nio-8080-exec-10] WARN  c.av.controller.CustomerController - WARN log
2025-06-18 13:06:51.018 [http-nio-8080-exec-10] ERROR c.av.controller.CustomerController - ERROR log
2025-06-18 13:07:11.406 [http-nio-8080-exec-5] INFO  c.av.controller.CustomerController - INFO log
2025-06-18 13:07:11.409 [http-nio-8080-exec-5] WARN  c.av.controller.CustomerController - WARN log
2025-06-18 13:07:11.409 [http-nio-8080-exec-5] ERROR c.av.controller.CustomerController - ERROR log
2025-06-18 13:08:14.104 [http-nio-8080-exec-9] INFO  c.av.controller.CustomerController - INFO log
2025-06-18 13:08:14.105 [http-nio-8080-exec-9] WARN  c.av.controller.CustomerController - WARN log
2025-06-18 13:08:14.106 [http-nio-8080-exec-9] ERROR c.av.controller.CustomerController - ERROR log
2025-06-18 13:10:34.928 [http-nio-8080-exec-8] INFO  c.av.controller.CustomerController - INFO log
2025-06-18 13:10:34.928 [http-nio-8080-exec-8] WARN  c.av.controller.CustomerController - WARN log
2025-06-18 13:10:34.928 [http-nio-8080-exec-8] ERROR c.av.controller.CustomerController - ERROR log
2025-06-18 13:59:32.050 [http-nio-8080-exec-5] INFO  c.av.controller.CustomerController - INFO log
2025-06-18 13:59:32.054 [http-nio-8080-exec-5] WARN  c.av.controller.CustomerController - WARN log
2025-06-18 13:59:32.054 [http-nio-8080-exec-5] ERROR c.av.controller.CustomerController - ERROR log
