2025-07-01 10:21:29.260 [http-nio-8080-exec-10] INFO  c.av.controller.CustomerController - INFO log
2025-07-01 10:21:29.299 [http-nio-8080-exec-10] WARN  c.av.controller.CustomerController - WARN log
2025-07-01 10:21:29.299 [http-nio-8080-exec-10] ERROR c.av.controller.CustomerController - ERROR log
2025-07-01 10:27:00.042 [http-nio-8080-exec-3] INFO  c.av.controller.CustomerController - INFO log
2025-07-01 10:27:00.042 [http-nio-8080-exec-3] WARN  c.av.controller.CustomerController - WARN log
2025-07-01 10:27:00.042 [http-nio-8080-exec-3] ERROR c.av.controller.CustomerController - ERROR log
2025-07-01 10:40:18.036 [http-nio-8080-exec-3] INFO  c.av.controller.CustomerController - INFO log
2025-07-01 10:40:18.044 [http-nio-8080-exec-3] WARN  c.av.controller.CustomerController - WARN log
2025-07-01 10:40:18.044 [http-nio-8080-exec-3] ERROR c.av.controller.CustomerController - ERROR log
2025-07-01 10:41:13.455 [http-nio-8080-exec-6] INFO  c.av.controller.CustomerController - INFO log
2025-07-01 10:41:13.456 [http-nio-8080-exec-6] WARN  c.av.controller.CustomerController - WARN log
2025-07-01 10:41:13.457 [http-nio-8080-exec-6] ERROR c.av.controller.CustomerController - ERROR log
2025-07-01 10:42:10.823 [http-nio-8080-exec-2] INFO  c.av.controller.CustomerController - INFO log
2025-07-01 10:42:10.824 [http-nio-8080-exec-2] WARN  c.av.controller.CustomerController - WARN log
2025-07-01 10:42:10.824 [http-nio-8080-exec-2] ERROR c.av.controller.CustomerController - ERROR log
2025-07-01 10:43:43.885 [http-nio-8080-exec-6] INFO  c.av.controller.CustomerController - INFO log
2025-07-01 10:43:43.885 [http-nio-8080-exec-6] WARN  c.av.controller.CustomerController - WARN log
2025-07-01 10:43:43.885 [http-nio-8080-exec-6] ERROR c.av.controller.CustomerController - ERROR log
2025-07-01 10:44:50.696 [http-nio-8080-exec-3] INFO  c.av.controller.CustomerController - INFO log
2025-07-01 10:44:50.696 [http-nio-8080-exec-3] WARN  c.av.controller.CustomerController - WARN log
2025-07-01 10:44:50.696 [http-nio-8080-exec-3] ERROR c.av.controller.CustomerController - ERROR log
2025-07-01 10:47:03.264 [http-nio-8080-exec-1] INFO  c.av.controller.CustomerController - INFO log
2025-07-01 10:47:03.265 [http-nio-8080-exec-1] WARN  c.av.controller.CustomerController - WARN log
2025-07-01 10:47:03.265 [http-nio-8080-exec-1] ERROR c.av.controller.CustomerController - ERROR log
2025-07-01 10:49:41.793 [http-nio-8080-exec-8] INFO  c.av.controller.CustomerController - INFO log
2025-07-01 10:49:41.794 [http-nio-8080-exec-8] WARN  c.av.controller.CustomerController - WARN log
2025-07-01 10:49:41.794 [http-nio-8080-exec-8] ERROR c.av.controller.CustomerController - ERROR log
2025-07-01 10:58:49.728 [http-nio-8080-exec-1] INFO  c.av.controller.CustomerController - INFO log
2025-07-01 10:58:49.730 [http-nio-8080-exec-1] WARN  c.av.controller.CustomerController - WARN log
2025-07-01 10:58:49.731 [http-nio-8080-exec-1] ERROR c.av.controller.CustomerController - ERROR log
2025-07-01 11:00:18.976 [http-nio-8080-exec-10] INFO  c.av.controller.CustomerController - INFO log
2025-07-01 11:00:18.977 [http-nio-8080-exec-10] WARN  c.av.controller.CustomerController - WARN log
2025-07-01 11:00:18.980 [http-nio-8080-exec-10] ERROR c.av.controller.CustomerController - ERROR log
2025-07-01 11:02:25.147 [RMI TCP Connection(255)-127.0.0.1] INFO  o.s.b.a.SpringApplicationAdminMXBeanRegistrar$SpringApplicationAdmin - Application shutdown requested.
2025-07-01 11:02:25.222 [RMI TCP Connection(255)-127.0.0.1] INFO  o.s.b.w.e.tomcat.GracefulShutdown - Commencing graceful shutdown. Waiting for active requests to complete
2025-07-01 11:02:25.243 [tomcat-shutdown] INFO  o.a.coyote.http11.Http11NioProtocol - Pausing ProtocolHandler ["http-nio-8080"]
2025-07-01 11:02:25.292 [tomcat-shutdown] INFO  o.s.b.w.e.tomcat.GracefulShutdown - Graceful shutdown complete
2025-07-01 11:02:25.298 [RMI TCP Connection(255)-127.0.0.1] INFO  o.a.coyote.http11.Http11NioProtocol - Stopping ProtocolHandler ["http-nio-8080"]
2025-07-01 12:06:00.535 [main] INFO  c.a.SpringBootDataMongodbApplication - Starting SpringBootDataMongodbApplication using Java 17.0.14 with PID 19000 (D:\H\av-be\bin\main started by user in D:\H\av-be)
2025-07-01 12:06:00.538 [main] INFO  c.a.SpringBootDataMongodbApplication - No active profile set, falling back to 1 default profile: "default"
2025-07-01 12:06:01.357 [main] INFO  o.s.d.r.c.RepositoryConfigurationDelegate - Bootstrapping Spring Data MongoDB repositories in DEFAULT mode.
2025-07-01 12:06:01.432 [main] INFO  o.s.d.r.c.RepositoryConfigurationDelegate - Finished Spring Data repository scanning in 66 ms. Found 4 MongoDB repository interfaces.
2025-07-01 12:06:02.012 [main] INFO  o.s.b.w.e.tomcat.TomcatWebServer - Tomcat initialized with port 8080 (http)
2025-07-01 12:06:02.034 [main] INFO  o.a.coyote.http11.Http11NioProtocol - Initializing ProtocolHandler ["http-nio-8080"]
2025-07-01 12:06:02.036 [main] INFO  o.a.catalina.core.StandardService - Starting service [Tomcat]
2025-07-01 12:06:02.037 [main] INFO  o.a.catalina.core.StandardEngine - Starting Servlet engine: [Apache Tomcat/10.1.34]
2025-07-01 12:06:02.160 [main] INFO  o.a.c.c.C.[Tomcat].[localhost].[/] - Initializing Spring embedded WebApplicationContext
2025-07-01 12:06:02.161 [main] INFO  o.s.b.w.s.c.ServletWebServerApplicationContext - Root WebApplicationContext: initialization completed in 1558 ms
2025-07-01 12:06:02.734 [main] INFO  org.mongodb.driver.client - MongoClient with metadata {"driver": {"name": "mongo-java-driver|sync|spring-boot", "version": "5.2.1"}, "os": {"type": "Windows", "name": "Windows 11", "architecture": "amd64", "version": "10.0"}, "platform": "Java/Oracle Corporation/17.0.14+8-LTS-191"} created with settings MongoClientSettings{readPreference=primary, writeConcern=WriteConcern{w=null, wTimeout=null ms, journal=null}, retryWrites=true, retryReads=true, readConcern=ReadConcern{level=null}, credential=null, transportSettings=null, commandListeners=[], codecRegistry=ProvidersCodecRegistry{codecProviders=[ValueCodecProvider{}, BsonValueCodecProvider{}, DBRefCodecProvider{}, DBObjectCodecProvider{}, DocumentCodecProvider{}, CollectionCodecProvider{}, IterableCodecProvider{}, MapCodecProvider{}, GeoJsonCodecProvider{}, GridFSFileCodecProvider{}, Jsr310CodecProvider{}, JsonObjectCodecProvider{}, BsonCodecProvider{}, EnumCodecProvider{}, com.mongodb.client.model.mql.ExpressionCodecProvider@4dad8ec0, com.mongodb.Jep395RecordCodecProvider@24dd44f9, com.mongodb.KotlinCodecProvider@ccd341d]}, loggerSettings=LoggerSettings{maxDocumentLength=1000}, clusterSettings={hosts=[localhost:27017], srvServiceName=mongodb, mode=SINGLE, requiredClusterType=UNKNOWN, requiredReplicaSetName='null', serverSelector='null', clusterListeners='[]', serverSelectionTimeout='30000 ms', localThreshold='15 ms'}, socketSettings=SocketSettings{connectTimeoutMS=10000, readTimeoutMS=0, receiveBufferSize=0, proxySettings=ProxySettings{host=null, port=null, username=null, password=null}}, heartbeatSocketSettings=SocketSettings{connectTimeoutMS=10000, readTimeoutMS=10000, receiveBufferSize=0, proxySettings=ProxySettings{host=null, port=null, username=null, password=null}}, connectionPoolSettings=ConnectionPoolSettings{maxSize=100, minSize=0, maxWaitTimeMS=120000, maxConnectionLifeTimeMS=0, maxConnectionIdleTimeMS=0, maintenanceInitialDelayMS=0, maintenanceFrequencyMS=60000, connectionPoolListeners=[], maxConnecting=2}, serverSettings=ServerSettings{heartbeatFrequencyMS=10000, minHeartbeatFrequencyMS=500, serverMonitoringMode=AUTO, serverListeners='[]', serverMonitorListeners='[]'}, sslSettings=SslSettings{enabled=false, invalidHostNameAllowed=false, context=null}, applicationName='null', compressorList=[], uuidRepresentation=JAVA_LEGACY, serverApi=null, autoEncryptionSettings=null, dnsClient=null, inetAddressResolver=null, contextProvider=null, timeoutMS=null}
2025-07-01 12:06:02.783 [cluster-ClusterId{value='686381d225b28655ebf42183', description='null'}-localhost:27017] INFO  org.mongodb.driver.cluster - Monitor thread successfully connected to server with description ServerDescription{address=localhost:27017, type=STANDALONE, cryptd=false, state=CONNECTED, ok=true, minWireVersion=0, maxWireVersion=25, maxDocumentSize=16777216, logicalSessionTimeoutMinutes=30, roundTripTimeNanos=62332300, minRoundTripTimeNanos=0}
2025-07-01 12:06:03.531 [main] INFO  o.s.b.a.w.s.WelcomePageHandlerMapping - Adding welcome page: class path resource [public/index.html]
2025-07-01 12:06:03.910 [main] INFO  o.a.coyote.http11.Http11NioProtocol - Starting ProtocolHandler ["http-nio-8080"]
2025-07-01 12:06:03.950 [main] INFO  o.s.b.w.e.tomcat.TomcatWebServer - Tomcat started on port 8080 (http) with context path '/'
2025-07-01 12:06:03.960 [main] INFO  c.a.SpringBootDataMongodbApplication - Started SpringBootDataMongodbApplication in 4.194 seconds (process running for 5.287)
2025-07-01 12:06:13.995 [http-nio-8080-exec-1] INFO  o.a.c.c.C.[Tomcat].[localhost].[/] - Initializing Spring DispatcherServlet 'dispatcherServlet'
2025-07-01 12:06:13.996 [http-nio-8080-exec-1] INFO  o.s.web.servlet.DispatcherServlet - Initializing Servlet 'dispatcherServlet'
2025-07-01 12:06:13.999 [http-nio-8080-exec-1] INFO  o.s.web.servlet.DispatcherServlet - Completed initialization in 3 ms
2025-07-01 12:06:14.143 [http-nio-8080-exec-1] INFO  c.av.controller.CustomerController - INFO log
2025-07-01 12:06:14.143 [http-nio-8080-exec-1] WARN  c.av.controller.CustomerController - WARN log
2025-07-01 12:06:14.144 [http-nio-8080-exec-1] ERROR c.av.controller.CustomerController - ERROR log
2025-07-01 12:08:59.810 [http-nio-8080-exec-6] INFO  c.av.controller.CustomerController - INFO log
2025-07-01 12:08:59.811 [http-nio-8080-exec-6] WARN  c.av.controller.CustomerController - WARN log
2025-07-01 12:08:59.811 [http-nio-8080-exec-6] ERROR c.av.controller.CustomerController - ERROR log
2025-07-01 12:12:03.426 [http-nio-8080-exec-1] INFO  c.av.controller.CustomerController - INFO log
2025-07-01 12:12:03.427 [http-nio-8080-exec-1] WARN  c.av.controller.CustomerController - WARN log
2025-07-01 12:12:03.427 [http-nio-8080-exec-1] ERROR c.av.controller.CustomerController - ERROR log
2025-07-01 12:12:44.630 [http-nio-8080-exec-2] INFO  c.av.controller.CustomerController - INFO log
2025-07-01 12:12:44.631 [http-nio-8080-exec-2] WARN  c.av.controller.CustomerController - WARN log
2025-07-01 12:12:44.631 [http-nio-8080-exec-2] ERROR c.av.controller.CustomerController - ERROR log
2025-07-01 12:18:41.958 [http-nio-8080-exec-1] INFO  c.av.controller.CustomerController - INFO log
2025-07-01 12:18:41.958 [http-nio-8080-exec-1] WARN  c.av.controller.CustomerController - WARN log
2025-07-01 12:18:41.958 [http-nio-8080-exec-1] ERROR c.av.controller.CustomerController - ERROR log
2025-07-01 12:22:32.824 [http-nio-8080-exec-4] INFO  c.av.controller.CustomerController - INFO log
2025-07-01 12:22:32.824 [http-nio-8080-exec-4] WARN  c.av.controller.CustomerController - WARN log
2025-07-01 12:22:32.824 [http-nio-8080-exec-4] ERROR c.av.controller.CustomerController - ERROR log
2025-07-01 12:23:56.251 [http-nio-8080-exec-7] INFO  c.av.controller.CustomerController - INFO log
2025-07-01 12:23:56.251 [http-nio-8080-exec-7] WARN  c.av.controller.CustomerController - WARN log
2025-07-01 12:23:56.251 [http-nio-8080-exec-7] ERROR c.av.controller.CustomerController - ERROR log
2025-07-01 12:24:28.297 [http-nio-8080-exec-3] INFO  c.av.controller.CustomerController - INFO log
2025-07-01 12:24:28.298 [http-nio-8080-exec-3] WARN  c.av.controller.CustomerController - WARN log
2025-07-01 12:24:28.298 [http-nio-8080-exec-3] ERROR c.av.controller.CustomerController - ERROR log
2025-07-01 12:25:36.184 [http-nio-8080-exec-10] INFO  c.av.controller.CustomerController - INFO log
2025-07-01 12:25:36.185 [http-nio-8080-exec-10] WARN  c.av.controller.CustomerController - WARN log
2025-07-01 12:25:36.185 [http-nio-8080-exec-10] ERROR c.av.controller.CustomerController - ERROR log
2025-07-01 12:27:14.710 [http-nio-8080-exec-4] INFO  c.av.controller.CustomerController - INFO log
2025-07-01 12:27:14.711 [http-nio-8080-exec-4] WARN  c.av.controller.CustomerController - WARN log
2025-07-01 12:27:14.711 [http-nio-8080-exec-4] ERROR c.av.controller.CustomerController - ERROR log
2025-07-01 12:27:56.952 [http-nio-8080-exec-10] INFO  c.av.controller.CustomerController - INFO log
2025-07-01 12:27:56.952 [http-nio-8080-exec-10] WARN  c.av.controller.CustomerController - WARN log
2025-07-01 12:27:56.952 [http-nio-8080-exec-10] ERROR c.av.controller.CustomerController - ERROR log
2025-07-01 12:33:37.505 [http-nio-8080-exec-1] INFO  c.av.controller.CustomerController - INFO log
2025-07-01 12:33:37.515 [http-nio-8080-exec-1] WARN  c.av.controller.CustomerController - WARN log
2025-07-01 12:33:37.515 [http-nio-8080-exec-1] ERROR c.av.controller.CustomerController - ERROR log
2025-07-01 12:35:25.224 [main] INFO  c.a.SpringBootDataMongodbApplication - Starting SpringBootDataMongodbApplication using Java 17.0.14 with PID 13864 (D:\H\av-be\bin\main started by user in D:\H\av-be)
2025-07-01 12:35:25.231 [main] INFO  c.a.SpringBootDataMongodbApplication - No active profile set, falling back to 1 default profile: "default"
2025-07-01 12:35:26.815 [main] INFO  o.s.d.r.c.RepositoryConfigurationDelegate - Bootstrapping Spring Data MongoDB repositories in DEFAULT mode.
2025-07-01 12:35:26.911 [main] INFO  o.s.d.r.c.RepositoryConfigurationDelegate - Finished Spring Data repository scanning in 84 ms. Found 4 MongoDB repository interfaces.
2025-07-01 12:35:27.887 [main] INFO  o.s.b.w.e.tomcat.TomcatWebServer - Tomcat initialized with port 8080 (http)
2025-07-01 12:35:27.907 [main] INFO  o.a.coyote.http11.Http11NioProtocol - Initializing ProtocolHandler ["http-nio-8080"]
2025-07-01 12:35:27.910 [main] INFO  o.a.catalina.core.StandardService - Starting service [Tomcat]
2025-07-01 12:35:27.911 [main] INFO  o.a.catalina.core.StandardEngine - Starting Servlet engine: [Apache Tomcat/10.1.34]
2025-07-01 12:35:27.990 [main] INFO  o.a.c.c.C.[Tomcat].[localhost].[/] - Initializing Spring embedded WebApplicationContext
2025-07-01 12:35:27.990 [main] INFO  o.s.b.w.s.c.ServletWebServerApplicationContext - Root WebApplicationContext: initialization completed in 2617 ms
2025-07-01 12:35:28.281 [main] INFO  org.mongodb.driver.client - MongoClient with metadata {"driver": {"name": "mongo-java-driver|sync|spring-boot", "version": "5.2.1"}, "os": {"type": "Windows", "name": "Windows 11", "architecture": "amd64", "version": "10.0"}, "platform": "Java/Oracle Corporation/17.0.14+8-LTS-191"} created with settings MongoClientSettings{readPreference=primary, writeConcern=WriteConcern{w=null, wTimeout=null ms, journal=null}, retryWrites=true, retryReads=true, readConcern=ReadConcern{level=null}, credential=null, transportSettings=null, commandListeners=[], codecRegistry=ProvidersCodecRegistry{codecProviders=[ValueCodecProvider{}, BsonValueCodecProvider{}, DBRefCodecProvider{}, DBObjectCodecProvider{}, DocumentCodecProvider{}, CollectionCodecProvider{}, IterableCodecProvider{}, MapCodecProvider{}, GeoJsonCodecProvider{}, GridFSFileCodecProvider{}, Jsr310CodecProvider{}, JsonObjectCodecProvider{}, BsonCodecProvider{}, EnumCodecProvider{}, com.mongodb.client.model.mql.ExpressionCodecProvider@324b6a56, com.mongodb.Jep395RecordCodecProvider@421d54b3, com.mongodb.KotlinCodecProvider@63f40ca0]}, loggerSettings=LoggerSettings{maxDocumentLength=1000}, clusterSettings={hosts=[localhost:27017], srvServiceName=mongodb, mode=SINGLE, requiredClusterType=UNKNOWN, requiredReplicaSetName='null', serverSelector='null', clusterListeners='[]', serverSelectionTimeout='30000 ms', localThreshold='15 ms'}, socketSettings=SocketSettings{connectTimeoutMS=10000, readTimeoutMS=0, receiveBufferSize=0, proxySettings=ProxySettings{host=null, port=null, username=null, password=null}}, heartbeatSocketSettings=SocketSettings{connectTimeoutMS=10000, readTimeoutMS=10000, receiveBufferSize=0, proxySettings=ProxySettings{host=null, port=null, username=null, password=null}}, connectionPoolSettings=ConnectionPoolSettings{maxSize=100, minSize=0, maxWaitTimeMS=120000, maxConnectionLifeTimeMS=0, maxConnectionIdleTimeMS=0, maintenanceInitialDelayMS=0, maintenanceFrequencyMS=60000, connectionPoolListeners=[], maxConnecting=2}, serverSettings=ServerSettings{heartbeatFrequencyMS=10000, minHeartbeatFrequencyMS=500, serverMonitoringMode=AUTO, serverListeners='[]', serverMonitorListeners='[]'}, sslSettings=SslSettings{enabled=false, invalidHostNameAllowed=false, context=null}, applicationName='null', compressorList=[], uuidRepresentation=JAVA_LEGACY, serverApi=null, autoEncryptionSettings=null, dnsClient=null, inetAddressResolver=null, contextProvider=null, timeoutMS=null}
2025-07-01 12:35:28.314 [cluster-ClusterId{value='686388b8aef64d1715c5673d', description='null'}-localhost:27017] INFO  org.mongodb.driver.cluster - Monitor thread successfully connected to server with description ServerDescription{address=localhost:27017, type=STANDALONE, cryptd=false, state=CONNECTED, ok=true, minWireVersion=0, maxWireVersion=25, maxDocumentSize=16777216, logicalSessionTimeoutMinutes=30, roundTripTimeNanos=38385300, minRoundTripTimeNanos=0}
2025-07-01 12:35:29.465 [main] INFO  o.s.b.a.w.s.WelcomePageHandlerMapping - Adding welcome page: class path resource [public/index.html]
2025-07-01 12:35:30.171 [main] INFO  o.a.coyote.http11.Http11NioProtocol - Starting ProtocolHandler ["http-nio-8080"]
2025-07-01 12:35:30.282 [main] INFO  o.s.b.w.e.tomcat.TomcatWebServer - Tomcat started on port 8080 (http) with context path '/'
2025-07-01 12:35:30.334 [main] INFO  c.a.SpringBootDataMongodbApplication - Started SpringBootDataMongodbApplication in 5.942 seconds (process running for 6.929)
2025-07-01 13:48:35.976 [http-nio-8080-exec-2] INFO  o.a.c.c.C.[Tomcat].[localhost].[/] - Initializing Spring DispatcherServlet 'dispatcherServlet'
2025-07-01 13:48:36.070 [http-nio-8080-exec-2] INFO  o.s.web.servlet.DispatcherServlet - Initializing Servlet 'dispatcherServlet'
2025-07-01 13:48:36.153 [http-nio-8080-exec-2] INFO  o.s.web.servlet.DispatcherServlet - Completed initialization in 82 ms
2025-07-01 13:48:36.747 [http-nio-8080-exec-2] INFO  c.av.controller.CustomerController - INFO log
2025-07-01 13:48:36.748 [http-nio-8080-exec-2] WARN  c.av.controller.CustomerController - WARN log
2025-07-01 13:48:36.748 [http-nio-8080-exec-2] ERROR c.av.controller.CustomerController - ERROR log
