2025-06-23 10:20:05.011 [http-nio-8080-exec-6] INFO  c.av.controller.CustomerController - INFO log
2025-06-23 10:20:05.102 [http-nio-8080-exec-6] WARN  c.av.controller.CustomerController - WARN log
2025-06-23 10:20:05.103 [http-nio-8080-exec-6] ERROR c.av.controller.CustomerController - ERROR log
2025-06-23 10:22:52.973 [http-nio-8080-exec-8] INFO  c.av.controller.CustomerController - INFO log
2025-06-23 10:22:52.977 [http-nio-8080-exec-8] WARN  c.av.controller.CustomerController - WARN log
2025-06-23 10:22:52.977 [http-nio-8080-exec-8] ERROR c.av.controller.CustomerController - ERROR log
2025-06-23 10:26:37.131 [http-nio-8080-exec-5] INFO  c.av.controller.CustomerController - INFO log
2025-06-23 10:26:37.131 [http-nio-8080-exec-5] WARN  c.av.controller.CustomerController - WARN log
2025-06-23 10:26:37.132 [http-nio-8080-exec-5] ERROR c.av.controller.CustomerController - ERROR log
2025-06-23 10:35:25.756 [http-nio-8080-exec-7] INFO  c.av.controller.CustomerController - INFO log
2025-06-23 10:35:25.895 [http-nio-8080-exec-7] WARN  c.av.controller.CustomerController - WARN log
2025-06-23 10:35:25.895 [http-nio-8080-exec-7] ERROR c.av.controller.CustomerController - ERROR log
2025-06-23 10:38:59.196 [http-nio-8080-exec-6] INFO  c.av.controller.CustomerController - INFO log
2025-06-23 10:38:59.196 [http-nio-8080-exec-6] WARN  c.av.controller.CustomerController - WARN log
2025-06-23 10:38:59.196 [http-nio-8080-exec-6] ERROR c.av.controller.CustomerController - ERROR log
2025-06-23 10:48:40.179 [http-nio-8080-exec-8] INFO  c.av.controller.CustomerController - INFO log
2025-06-23 10:48:40.182 [http-nio-8080-exec-8] WARN  c.av.controller.CustomerController - WARN log
2025-06-23 10:48:40.182 [http-nio-8080-exec-8] ERROR c.av.controller.CustomerController - ERROR log
2025-06-23 10:48:48.196 [http-nio-8080-exec-5] INFO  c.av.controller.CustomerController - INFO log
2025-06-23 10:48:48.196 [http-nio-8080-exec-5] WARN  c.av.controller.CustomerController - WARN log
2025-06-23 10:48:48.196 [http-nio-8080-exec-5] ERROR c.av.controller.CustomerController - ERROR log
2025-06-23 10:51:32.110 [http-nio-8080-exec-10] INFO  c.av.controller.CustomerController - INFO log
2025-06-23 10:51:32.113 [http-nio-8080-exec-10] WARN  c.av.controller.CustomerController - WARN log
2025-06-23 10:51:32.113 [http-nio-8080-exec-10] ERROR c.av.controller.CustomerController - ERROR log
2025-06-23 10:52:49.370 [http-nio-8080-exec-9] INFO  c.av.controller.CustomerController - INFO log
2025-06-23 10:52:49.371 [http-nio-8080-exec-9] WARN  c.av.controller.CustomerController - WARN log
2025-06-23 10:52:49.371 [http-nio-8080-exec-9] ERROR c.av.controller.CustomerController - ERROR log
2025-06-23 10:54:27.717 [http-nio-8080-exec-7] INFO  c.av.controller.CustomerController - INFO log
2025-06-23 10:54:27.720 [http-nio-8080-exec-7] WARN  c.av.controller.CustomerController - WARN log
2025-06-23 10:54:27.720 [http-nio-8080-exec-7] ERROR c.av.controller.CustomerController - ERROR log
2025-06-23 10:58:59.284 [http-nio-8080-exec-6] INFO  c.av.controller.CustomerController - INFO log
2025-06-23 10:58:59.286 [http-nio-8080-exec-6] WARN  c.av.controller.CustomerController - WARN log
2025-06-23 10:58:59.286 [http-nio-8080-exec-6] ERROR c.av.controller.CustomerController - ERROR log
2025-06-23 11:04:26.601 [http-nio-8080-exec-2] INFO  c.av.controller.CustomerController - INFO log
2025-06-23 11:04:26.602 [http-nio-8080-exec-2] WARN  c.av.controller.CustomerController - WARN log
2025-06-23 11:04:26.602 [http-nio-8080-exec-2] ERROR c.av.controller.CustomerController - ERROR log
2025-06-23 11:05:05.690 [http-nio-8080-exec-5] INFO  c.av.controller.CustomerController - INFO log
2025-06-23 11:05:05.691 [http-nio-8080-exec-5] WARN  c.av.controller.CustomerController - WARN log
2025-06-23 11:05:05.691 [http-nio-8080-exec-5] ERROR c.av.controller.CustomerController - ERROR log
2025-06-23 11:05:11.973 [http-nio-8080-exec-2] INFO  c.av.controller.CustomerController - INFO log
2025-06-23 11:05:11.973 [http-nio-8080-exec-2] WARN  c.av.controller.CustomerController - WARN log
2025-06-23 11:05:11.987 [http-nio-8080-exec-2] ERROR c.av.controller.CustomerController - ERROR log
2025-06-23 11:05:24.240 [http-nio-8080-exec-6] INFO  c.av.controller.CustomerController - INFO log
2025-06-23 11:05:24.241 [http-nio-8080-exec-6] WARN  c.av.controller.CustomerController - WARN log
2025-06-23 11:05:24.241 [http-nio-8080-exec-6] ERROR c.av.controller.CustomerController - ERROR log
2025-06-23 11:05:32.271 [http-nio-8080-exec-10] INFO  c.av.controller.CustomerController - INFO log
2025-06-23 11:05:32.271 [http-nio-8080-exec-10] WARN  c.av.controller.CustomerController - WARN log
2025-06-23 11:05:32.271 [http-nio-8080-exec-10] ERROR c.av.controller.CustomerController - ERROR log
2025-06-23 11:06:48.225 [http-nio-8080-exec-4] INFO  c.av.controller.CustomerController - INFO log
2025-06-23 11:06:48.225 [http-nio-8080-exec-4] WARN  c.av.controller.CustomerController - WARN log
2025-06-23 11:06:48.225 [http-nio-8080-exec-4] ERROR c.av.controller.CustomerController - ERROR log
2025-06-23 11:08:27.066 [http-nio-8080-exec-1] INFO  c.av.controller.CustomerController - INFO log
2025-06-23 11:08:27.066 [http-nio-8080-exec-1] WARN  c.av.controller.CustomerController - WARN log
2025-06-23 11:08:27.066 [http-nio-8080-exec-1] ERROR c.av.controller.CustomerController - ERROR log
2025-06-23 11:08:46.531 [http-nio-8080-exec-3] INFO  c.av.controller.CustomerController - INFO log
2025-06-23 11:08:46.531 [http-nio-8080-exec-3] WARN  c.av.controller.CustomerController - WARN log
2025-06-23 11:08:46.531 [http-nio-8080-exec-3] ERROR c.av.controller.CustomerController - ERROR log
2025-06-23 11:09:53.632 [http-nio-8080-exec-7] INFO  c.av.controller.CustomerController - INFO log
2025-06-23 11:09:53.632 [http-nio-8080-exec-7] WARN  c.av.controller.CustomerController - WARN log
2025-06-23 11:09:53.632 [http-nio-8080-exec-7] ERROR c.av.controller.CustomerController - ERROR log
2025-06-23 11:15:21.414 [http-nio-8080-exec-9] INFO  c.av.controller.CustomerController - INFO log
2025-06-23 11:15:21.415 [http-nio-8080-exec-9] WARN  c.av.controller.CustomerController - WARN log
2025-06-23 11:15:21.415 [http-nio-8080-exec-9] ERROR c.av.controller.CustomerController - ERROR log
2025-06-23 11:16:48.804 [http-nio-8080-exec-7] INFO  c.av.controller.CustomerController - INFO log
2025-06-23 11:16:48.805 [http-nio-8080-exec-7] WARN  c.av.controller.CustomerController - WARN log
2025-06-23 11:16:48.805 [http-nio-8080-exec-7] ERROR c.av.controller.CustomerController - ERROR log
2025-06-23 11:17:12.744 [http-nio-8080-exec-5] INFO  c.av.controller.CustomerController - INFO log
2025-06-23 11:17:12.744 [http-nio-8080-exec-5] WARN  c.av.controller.CustomerController - WARN log
2025-06-23 11:17:12.744 [http-nio-8080-exec-5] ERROR c.av.controller.CustomerController - ERROR log
2025-06-23 11:20:18.779 [http-nio-8080-exec-6] INFO  c.av.controller.CustomerController - INFO log
2025-06-23 11:20:18.781 [http-nio-8080-exec-6] WARN  c.av.controller.CustomerController - WARN log
2025-06-23 11:20:18.781 [http-nio-8080-exec-6] ERROR c.av.controller.CustomerController - ERROR log
2025-06-23 11:28:43.885 [http-nio-8080-exec-2] INFO  c.av.controller.CustomerController - INFO log
2025-06-23 11:28:43.898 [http-nio-8080-exec-2] WARN  c.av.controller.CustomerController - WARN log
2025-06-23 11:28:43.899 [http-nio-8080-exec-2] ERROR c.av.controller.CustomerController - ERROR log
2025-06-23 11:30:22.352 [http-nio-8080-exec-10] INFO  c.av.controller.CustomerController - INFO log
2025-06-23 11:30:22.352 [http-nio-8080-exec-10] WARN  c.av.controller.CustomerController - WARN log
2025-06-23 11:30:22.352 [http-nio-8080-exec-10] ERROR c.av.controller.CustomerController - ERROR log
2025-06-23 11:32:02.866 [http-nio-8080-exec-1] INFO  c.av.controller.CustomerController - INFO log
2025-06-23 11:32:02.866 [http-nio-8080-exec-1] WARN  c.av.controller.CustomerController - WARN log
2025-06-23 11:32:02.866 [http-nio-8080-exec-1] ERROR c.av.controller.CustomerController - ERROR log
2025-06-23 11:34:42.332 [http-nio-8080-exec-9] INFO  c.av.controller.CustomerController - INFO log
2025-06-23 11:34:42.333 [http-nio-8080-exec-9] WARN  c.av.controller.CustomerController - WARN log
2025-06-23 11:34:42.333 [http-nio-8080-exec-9] ERROR c.av.controller.CustomerController - ERROR log
2025-06-23 11:36:20.675 [http-nio-8080-exec-5] INFO  c.av.controller.CustomerController - INFO log
2025-06-23 11:36:20.675 [http-nio-8080-exec-5] WARN  c.av.controller.CustomerController - WARN log
2025-06-23 11:36:20.675 [http-nio-8080-exec-5] ERROR c.av.controller.CustomerController - ERROR log
2025-06-23 11:36:57.420 [http-nio-8080-exec-2] INFO  c.av.controller.CustomerController - INFO log
2025-06-23 11:36:57.422 [http-nio-8080-exec-2] WARN  c.av.controller.CustomerController - WARN log
2025-06-23 11:36:57.423 [http-nio-8080-exec-2] ERROR c.av.controller.CustomerController - ERROR log
2025-06-23 11:40:32.772 [http-nio-8080-exec-7] INFO  c.av.controller.CustomerController - INFO log
2025-06-23 11:40:32.792 [http-nio-8080-exec-7] WARN  c.av.controller.CustomerController - WARN log
2025-06-23 11:40:32.793 [http-nio-8080-exec-7] ERROR c.av.controller.CustomerController - ERROR log
2025-06-23 11:41:13.257 [http-nio-8080-exec-8] INFO  c.av.controller.CustomerController - INFO log
2025-06-23 11:41:13.257 [http-nio-8080-exec-8] WARN  c.av.controller.CustomerController - WARN log
2025-06-23 11:41:13.258 [http-nio-8080-exec-8] ERROR c.av.controller.CustomerController - ERROR log
2025-06-23 11:41:16.244 [RMI TCP Connection(658)-127.0.0.1] INFO  o.s.b.a.SpringApplicationAdminMXBeanRegistrar$SpringApplicationAdmin - Application shutdown requested.
2025-06-23 11:41:16.450 [RMI TCP Connection(658)-127.0.0.1] INFO  o.s.b.w.e.tomcat.GracefulShutdown - Commencing graceful shutdown. Waiting for active requests to complete
2025-06-23 11:41:16.489 [tomcat-shutdown] INFO  o.a.coyote.http11.Http11NioProtocol - Pausing ProtocolHandler ["http-nio-8080"]
2025-06-23 11:41:46.655 [RMI TCP Connection(658)-127.0.0.1] INFO  o.s.c.s.DefaultLifecycleProcessor - Shutdown phase 2147482623 ends with 1 bean still running after timeout of 30000ms: [webServerGracefulShutdown]
2025-06-23 11:41:46.657 [tomcat-shutdown] INFO  o.s.b.w.e.tomcat.GracefulShutdown - Graceful shutdown aborted with one or more requests still active
2025-06-23 11:41:46.668 [RMI TCP Connection(658)-127.0.0.1] INFO  o.a.coyote.http11.Http11NioProtocol - Stopping ProtocolHandler ["http-nio-8080"]
2025-06-23 11:41:51.699 [RMI TCP Connection(658)-127.0.0.1] WARN  o.apache.tomcat.util.net.NioEndpoint - The executor associated with thread pool [http-nio-8080] has not fully shutdown. Some application threads may still be running.
2025-06-23 11:46:44.927 [main] INFO  c.a.SpringBootDataMongodbApplication - Starting SpringBootDataMongodbApplication using Java 17.0.14 with PID 23380 (D:\H\av-be\bin\main started by user in D:\H\av-be)
2025-06-23 11:46:44.931 [main] INFO  c.a.SpringBootDataMongodbApplication - No active profile set, falling back to 1 default profile: "default"
2025-06-23 11:46:46.264 [main] INFO  o.s.d.r.c.RepositoryConfigurationDelegate - Bootstrapping Spring Data MongoDB repositories in DEFAULT mode.
2025-06-23 11:46:46.549 [main] INFO  o.s.d.r.c.RepositoryConfigurationDelegate - Finished Spring Data repository scanning in 270 ms. Found 2 MongoDB repository interfaces.
2025-06-23 11:46:47.521 [main] INFO  o.s.b.w.e.tomcat.TomcatWebServer - Tomcat initialized with port 8080 (http)
2025-06-23 11:46:47.555 [main] INFO  o.a.coyote.http11.Http11NioProtocol - Initializing ProtocolHandler ["http-nio-8080"]
2025-06-23 11:46:47.560 [main] INFO  o.a.catalina.core.StandardService - Starting service [Tomcat]
2025-06-23 11:46:47.562 [main] INFO  o.a.catalina.core.StandardEngine - Starting Servlet engine: [Apache Tomcat/10.1.34]
2025-06-23 11:46:47.662 [main] INFO  o.a.c.c.C.[Tomcat].[localhost].[/] - Initializing Spring embedded WebApplicationContext
2025-06-23 11:46:47.663 [main] INFO  o.s.b.w.s.c.ServletWebServerApplicationContext - Root WebApplicationContext: initialization completed in 2580 ms
2025-06-23 11:46:48.086 [main] INFO  org.mongodb.driver.client - MongoClient with metadata {"driver": {"name": "mongo-java-driver|sync|spring-boot", "version": "5.2.1"}, "os": {"type": "Windows", "name": "Windows 11", "architecture": "amd64", "version": "10.0"}, "platform": "Java/Oracle Corporation/17.0.14+8-LTS-191"} created with settings MongoClientSettings{readPreference=primary, writeConcern=WriteConcern{w=null, wTimeout=null ms, journal=null}, retryWrites=true, retryReads=true, readConcern=ReadConcern{level=null}, credential=null, transportSettings=null, commandListeners=[], codecRegistry=ProvidersCodecRegistry{codecProviders=[ValueCodecProvider{}, BsonValueCodecProvider{}, DBRefCodecProvider{}, DBObjectCodecProvider{}, DocumentCodecProvider{}, CollectionCodecProvider{}, IterableCodecProvider{}, MapCodecProvider{}, GeoJsonCodecProvider{}, GridFSFileCodecProvider{}, Jsr310CodecProvider{}, JsonObjectCodecProvider{}, BsonCodecProvider{}, EnumCodecProvider{}, com.mongodb.client.model.mql.ExpressionCodecProvider@6097fca9, com.mongodb.Jep395RecordCodecProvider@35eee641, com.mongodb.KotlinCodecProvider@5729b410]}, loggerSettings=LoggerSettings{maxDocumentLength=1000}, clusterSettings={hosts=[localhost:27017], srvServiceName=mongodb, mode=SINGLE, requiredClusterType=UNKNOWN, requiredReplicaSetName='null', serverSelector='null', clusterListeners='[]', serverSelectionTimeout='30000 ms', localThreshold='15 ms'}, socketSettings=SocketSettings{connectTimeoutMS=10000, readTimeoutMS=0, receiveBufferSize=0, proxySettings=ProxySettings{host=null, port=null, username=null, password=null}}, heartbeatSocketSettings=SocketSettings{connectTimeoutMS=10000, readTimeoutMS=10000, receiveBufferSize=0, proxySettings=ProxySettings{host=null, port=null, username=null, password=null}}, connectionPoolSettings=ConnectionPoolSettings{maxSize=100, minSize=0, maxWaitTimeMS=120000, maxConnectionLifeTimeMS=0, maxConnectionIdleTimeMS=0, maintenanceInitialDelayMS=0, maintenanceFrequencyMS=60000, connectionPoolListeners=[], maxConnecting=2}, serverSettings=ServerSettings{heartbeatFrequencyMS=10000, minHeartbeatFrequencyMS=500, serverMonitoringMode=AUTO, serverListeners='[]', serverMonitorListeners='[]'}, sslSettings=SslSettings{enabled=false, invalidHostNameAllowed=false, context=null}, applicationName='null', compressorList=[], uuidRepresentation=JAVA_LEGACY, serverApi=null, autoEncryptionSettings=null, dnsClient=null, inetAddressResolver=null, contextProvider=null, timeoutMS=null}
2025-06-23 11:46:48.118 [cluster-ClusterId{value='6858f14fa4a8a80379e118f7', description='null'}-localhost:27017] INFO  org.mongodb.driver.cluster - Monitor thread successfully connected to server with description ServerDescription{address=localhost:27017, type=STANDALONE, cryptd=false, state=CONNECTED, ok=true, minWireVersion=0, maxWireVersion=25, maxDocumentSize=16777216, logicalSessionTimeoutMinutes=30, roundTripTimeNanos=34582701, minRoundTripTimeNanos=0}
2025-06-23 11:46:49.559 [main] INFO  o.s.b.a.w.s.WelcomePageHandlerMapping - Adding welcome page: class path resource [public/index.html]
2025-06-23 11:46:50.201 [main] INFO  o.a.coyote.http11.Http11NioProtocol - Starting ProtocolHandler ["http-nio-8080"]
2025-06-23 11:46:50.387 [main] INFO  o.s.b.w.e.tomcat.TomcatWebServer - Tomcat started on port 8080 (http) with context path '/'
2025-06-23 11:46:50.403 [main] INFO  c.a.SpringBootDataMongodbApplication - Started SpringBootDataMongodbApplication in 6.334 seconds (process running for 7.619)
2025-06-23 11:47:27.674 [http-nio-8080-exec-1] INFO  o.a.c.c.C.[Tomcat].[localhost].[/] - Initializing Spring DispatcherServlet 'dispatcherServlet'
2025-06-23 11:47:27.675 [http-nio-8080-exec-1] INFO  o.s.web.servlet.DispatcherServlet - Initializing Servlet 'dispatcherServlet'
2025-06-23 11:47:27.676 [http-nio-8080-exec-1] INFO  o.s.web.servlet.DispatcherServlet - Completed initialization in 1 ms
2025-06-23 11:48:28.849 [http-nio-8080-exec-5] INFO  c.av.controller.CustomerController - INFO log
2025-06-23 11:48:28.850 [http-nio-8080-exec-5] WARN  c.av.controller.CustomerController - WARN log
2025-06-23 11:48:28.850 [http-nio-8080-exec-5] ERROR c.av.controller.CustomerController - ERROR log
2025-06-23 12:04:45.509 [http-nio-8080-exec-4] INFO  c.av.controller.CustomerController - INFO log
2025-06-23 12:04:45.514 [http-nio-8080-exec-4] WARN  c.av.controller.CustomerController - WARN log
2025-06-23 12:04:45.515 [http-nio-8080-exec-4] ERROR c.av.controller.CustomerController - ERROR log
2025-06-23 12:09:46.414 [http-nio-8080-exec-5] INFO  c.av.controller.CustomerController - INFO log
2025-06-23 12:09:46.420 [http-nio-8080-exec-5] WARN  c.av.controller.CustomerController - WARN log
2025-06-23 12:09:46.421 [http-nio-8080-exec-5] ERROR c.av.controller.CustomerController - ERROR log
2025-06-23 12:12:51.084 [http-nio-8080-exec-10] INFO  c.av.controller.CustomerController - INFO log
2025-06-23 12:12:51.087 [http-nio-8080-exec-10] WARN  c.av.controller.CustomerController - WARN log
2025-06-23 12:12:51.087 [http-nio-8080-exec-10] ERROR c.av.controller.CustomerController - ERROR log
2025-06-23 12:13:33.560 [http-nio-8080-exec-3] INFO  c.av.controller.CustomerController - INFO log
2025-06-23 12:13:33.562 [http-nio-8080-exec-3] WARN  c.av.controller.CustomerController - WARN log
2025-06-23 12:13:33.562 [http-nio-8080-exec-3] ERROR c.av.controller.CustomerController - ERROR log
2025-06-23 12:13:39.506 [http-nio-8080-exec-2] INFO  c.av.controller.CustomerController - INFO log
2025-06-23 12:13:39.506 [http-nio-8080-exec-2] WARN  c.av.controller.CustomerController - WARN log
2025-06-23 12:13:39.506 [http-nio-8080-exec-2] ERROR c.av.controller.CustomerController - ERROR log
2025-06-23 12:26:39.316 [http-nio-8080-exec-7] INFO  c.av.controller.CustomerController - INFO log
2025-06-23 12:26:39.332 [http-nio-8080-exec-7] WARN  c.av.controller.CustomerController - WARN log
2025-06-23 12:26:39.333 [http-nio-8080-exec-7] ERROR c.av.controller.CustomerController - ERROR log
2025-06-23 12:26:51.859 [http-nio-8080-exec-6] INFO  c.av.controller.CustomerController - INFO log
2025-06-23 12:26:51.859 [http-nio-8080-exec-6] WARN  c.av.controller.CustomerController - WARN log
2025-06-23 12:26:51.859 [http-nio-8080-exec-6] ERROR c.av.controller.CustomerController - ERROR log
2025-06-23 12:27:02.429 [http-nio-8080-exec-10] INFO  c.av.controller.CustomerController - INFO log
2025-06-23 12:27:02.432 [http-nio-8080-exec-10] WARN  c.av.controller.CustomerController - WARN log
2025-06-23 12:27:02.432 [http-nio-8080-exec-10] ERROR c.av.controller.CustomerController - ERROR log
2025-06-23 12:27:44.167 [http-nio-8080-exec-9] INFO  c.av.controller.CustomerController - INFO log
2025-06-23 12:27:44.168 [http-nio-8080-exec-9] WARN  c.av.controller.CustomerController - WARN log
2025-06-23 12:27:44.169 [http-nio-8080-exec-9] ERROR c.av.controller.CustomerController - ERROR log
2025-06-23 12:31:40.188 [http-nio-8080-exec-6] INFO  c.av.controller.CustomerController - INFO log
2025-06-23 12:31:40.188 [http-nio-8080-exec-6] WARN  c.av.controller.CustomerController - WARN log
2025-06-23 12:31:40.188 [http-nio-8080-exec-6] ERROR c.av.controller.CustomerController - ERROR log
2025-06-23 12:31:42.571 [http-nio-8080-exec-10] INFO  c.av.controller.CustomerController - INFO log
2025-06-23 12:31:42.571 [http-nio-8080-exec-10] WARN  c.av.controller.CustomerController - WARN log
2025-06-23 12:31:42.571 [http-nio-8080-exec-10] ERROR c.av.controller.CustomerController - ERROR log
2025-06-23 12:32:18.427 [http-nio-8080-exec-9] INFO  c.av.controller.CustomerController - INFO log
2025-06-23 12:32:18.429 [http-nio-8080-exec-9] WARN  c.av.controller.CustomerController - WARN log
2025-06-23 12:32:18.429 [http-nio-8080-exec-9] ERROR c.av.controller.CustomerController - ERROR log
2025-06-23 12:35:51.242 [http-nio-8080-exec-3] INFO  c.av.controller.CustomerController - INFO log
2025-06-23 12:35:51.243 [http-nio-8080-exec-3] WARN  c.av.controller.CustomerController - WARN log
2025-06-23 12:35:51.243 [http-nio-8080-exec-3] ERROR c.av.controller.CustomerController - ERROR log
2025-06-23 12:37:41.205 [http-nio-8080-exec-10] INFO  c.av.controller.CustomerController - INFO log
2025-06-23 12:37:41.205 [http-nio-8080-exec-10] WARN  c.av.controller.CustomerController - WARN log
2025-06-23 12:37:41.205 [http-nio-8080-exec-10] ERROR c.av.controller.CustomerController - ERROR log
2025-06-23 12:38:19.782 [http-nio-8080-exec-7] INFO  c.av.controller.CustomerController - INFO log
2025-06-23 12:38:19.782 [http-nio-8080-exec-7] WARN  c.av.controller.CustomerController - WARN log
2025-06-23 12:38:19.782 [http-nio-8080-exec-7] ERROR c.av.controller.CustomerController - ERROR log
2025-06-23 12:40:25.417 [http-nio-8080-exec-10] INFO  c.av.controller.CustomerController - INFO log
2025-06-23 12:40:25.418 [http-nio-8080-exec-10] WARN  c.av.controller.CustomerController - WARN log
2025-06-23 12:40:25.418 [http-nio-8080-exec-10] ERROR c.av.controller.CustomerController - ERROR log
2025-06-23 12:40:53.494 [http-nio-8080-exec-2] INFO  c.av.controller.CustomerController - INFO log
2025-06-23 12:40:53.496 [http-nio-8080-exec-2] WARN  c.av.controller.CustomerController - WARN log
2025-06-23 12:40:53.496 [http-nio-8080-exec-2] ERROR c.av.controller.CustomerController - ERROR log
2025-06-23 12:41:31.040 [http-nio-8080-exec-9] INFO  c.av.controller.CustomerController - INFO log
2025-06-23 12:41:31.041 [http-nio-8080-exec-9] WARN  c.av.controller.CustomerController - WARN log
2025-06-23 12:41:31.041 [http-nio-8080-exec-9] ERROR c.av.controller.CustomerController - ERROR log
2025-06-23 12:41:40.992 [http-nio-8080-exec-10] INFO  c.av.controller.CustomerController - INFO log
2025-06-23 12:41:40.992 [http-nio-8080-exec-10] WARN  c.av.controller.CustomerController - WARN log
2025-06-23 12:41:40.992 [http-nio-8080-exec-10] ERROR c.av.controller.CustomerController - ERROR log
2025-06-23 12:42:00.224 [http-nio-8080-exec-9] INFO  c.av.controller.CustomerController - INFO log
2025-06-23 12:42:00.225 [http-nio-8080-exec-9] WARN  c.av.controller.CustomerController - WARN log
2025-06-23 12:42:00.225 [http-nio-8080-exec-9] ERROR c.av.controller.CustomerController - ERROR log
2025-06-23 12:42:17.893 [http-nio-8080-exec-1] INFO  c.av.controller.CustomerController - INFO log
2025-06-23 12:42:17.895 [http-nio-8080-exec-1] WARN  c.av.controller.CustomerController - WARN log
2025-06-23 12:42:17.895 [http-nio-8080-exec-1] ERROR c.av.controller.CustomerController - ERROR log
2025-06-23 12:43:14.122 [http-nio-8080-exec-10] INFO  c.av.controller.CustomerController - INFO log
2025-06-23 12:43:14.122 [http-nio-8080-exec-10] WARN  c.av.controller.CustomerController - WARN log
2025-06-23 12:43:14.122 [http-nio-8080-exec-10] ERROR c.av.controller.CustomerController - ERROR log
2025-06-23 12:44:38.714 [http-nio-8080-exec-4] INFO  c.av.controller.CustomerController - INFO log
2025-06-23 12:44:38.714 [http-nio-8080-exec-4] WARN  c.av.controller.CustomerController - WARN log
2025-06-23 12:44:38.715 [http-nio-8080-exec-4] ERROR c.av.controller.CustomerController - ERROR log
2025-06-23 12:44:44.216 [http-nio-8080-exec-5] INFO  c.av.controller.CustomerController - INFO log
2025-06-23 12:44:44.217 [http-nio-8080-exec-5] WARN  c.av.controller.CustomerController - WARN log
2025-06-23 12:44:44.217 [http-nio-8080-exec-5] ERROR c.av.controller.CustomerController - ERROR log
2025-06-23 13:05:01.705 [http-nio-8080-exec-6] INFO  c.av.controller.CustomerController - INFO log
2025-06-23 13:05:01.742 [http-nio-8080-exec-6] WARN  c.av.controller.CustomerController - WARN log
2025-06-23 13:05:01.743 [http-nio-8080-exec-6] ERROR c.av.controller.CustomerController - ERROR log
2025-06-23 13:07:49.191 [http-nio-8080-exec-9] INFO  c.av.controller.CustomerController - INFO log
2025-06-23 13:07:49.196 [http-nio-8080-exec-9] WARN  c.av.controller.CustomerController - WARN log
2025-06-23 13:07:49.197 [http-nio-8080-exec-9] ERROR c.av.controller.CustomerController - ERROR log
2025-06-23 13:11:29.134 [http-nio-8080-exec-2] INFO  c.av.controller.CustomerController - INFO log
2025-06-23 13:11:29.135 [http-nio-8080-exec-2] WARN  c.av.controller.CustomerController - WARN log
2025-06-23 13:11:29.135 [http-nio-8080-exec-2] ERROR c.av.controller.CustomerController - ERROR log
2025-06-23 13:13:24.515 [http-nio-8080-exec-5] INFO  c.av.controller.CustomerController - INFO log
2025-06-23 13:13:24.516 [http-nio-8080-exec-5] WARN  c.av.controller.CustomerController - WARN log
2025-06-23 13:13:24.516 [http-nio-8080-exec-5] ERROR c.av.controller.CustomerController - ERROR log
2025-06-23 13:14:39.323 [http-nio-8080-exec-6] INFO  c.av.controller.CustomerController - INFO log
2025-06-23 13:14:39.324 [http-nio-8080-exec-6] WARN  c.av.controller.CustomerController - WARN log
2025-06-23 13:14:39.325 [http-nio-8080-exec-6] ERROR c.av.controller.CustomerController - ERROR log
2025-06-23 13:15:16.069 [http-nio-8080-exec-2] INFO  c.av.controller.CustomerController - INFO log
2025-06-23 13:15:16.071 [http-nio-8080-exec-2] WARN  c.av.controller.CustomerController - WARN log
2025-06-23 13:15:16.071 [http-nio-8080-exec-2] ERROR c.av.controller.CustomerController - ERROR log
2025-06-23 14:00:45.175 [http-nio-8080-exec-5] INFO  c.av.controller.CustomerController - INFO log
2025-06-23 14:00:45.176 [http-nio-8080-exec-5] WARN  c.av.controller.CustomerController - WARN log
2025-06-23 14:00:45.176 [http-nio-8080-exec-5] ERROR c.av.controller.CustomerController - ERROR log
