2025-07-03 10:11:22.864 [http-nio-8080-exec-10] INFO  c.av.controller.CustomerController - INFO log
2025-07-03 10:11:22.883 [http-nio-8080-exec-10] WARN  c.av.controller.CustomerController - WARN log
2025-07-03 10:11:22.883 [http-nio-8080-exec-10] ERROR c.av.controller.CustomerController - ERROR log
2025-07-03 10:19:05.780 [http-nio-8080-exec-1] INFO  c.av.controller.CustomerController - INFO log
2025-07-03 10:19:05.781 [http-nio-8080-exec-1] WARN  c.av.controller.CustomerController - WARN log
2025-07-03 10:19:05.781 [http-nio-8080-exec-1] ERROR c.av.controller.CustomerController - ERROR log
2025-07-03 10:19:46.880 [http-nio-8080-exec-7] INFO  c.av.controller.CustomerController - INFO log
2025-07-03 10:19:46.882 [http-nio-8080-exec-7] WARN  c.av.controller.CustomerController - WARN log
2025-07-03 10:19:46.886 [http-nio-8080-exec-7] ERROR c.av.controller.CustomerController - ERROR log
2025-07-03 10:22:51.772 [http-nio-8080-exec-2] INFO  c.av.controller.CustomerController - INFO log
2025-07-03 10:22:51.773 [http-nio-8080-exec-2] WARN  c.av.controller.CustomerController - WARN log
2025-07-03 10:22:51.774 [http-nio-8080-exec-2] ERROR c.av.controller.CustomerController - ERROR log
2025-07-03 10:23:37.155 [http-nio-8080-exec-5] INFO  c.av.controller.CustomerController - INFO log
2025-07-03 10:23:37.156 [http-nio-8080-exec-5] WARN  c.av.controller.CustomerController - WARN log
2025-07-03 10:23:37.156 [http-nio-8080-exec-5] ERROR c.av.controller.CustomerController - ERROR log
2025-07-03 10:26:19.329 [http-nio-8080-exec-4] INFO  c.av.controller.CustomerController - INFO log
2025-07-03 10:26:19.330 [http-nio-8080-exec-4] WARN  c.av.controller.CustomerController - WARN log
2025-07-03 10:26:19.331 [http-nio-8080-exec-4] ERROR c.av.controller.CustomerController - ERROR log
2025-07-03 10:29:37.101 [http-nio-8080-exec-6] INFO  c.av.controller.CustomerController - INFO log
2025-07-03 10:29:37.101 [http-nio-8080-exec-6] WARN  c.av.controller.CustomerController - WARN log
2025-07-03 10:29:37.101 [http-nio-8080-exec-6] ERROR c.av.controller.CustomerController - ERROR log
2025-07-03 10:30:33.140 [http-nio-8080-exec-7] INFO  c.av.controller.CustomerController - INFO log
2025-07-03 10:30:33.141 [http-nio-8080-exec-7] WARN  c.av.controller.CustomerController - WARN log
2025-07-03 10:30:33.141 [http-nio-8080-exec-7] ERROR c.av.controller.CustomerController - ERROR log
2025-07-03 10:34:43.915 [http-nio-8080-exec-4] INFO  c.av.controller.CustomerController - INFO log
2025-07-03 10:34:43.915 [http-nio-8080-exec-4] WARN  c.av.controller.CustomerController - WARN log
2025-07-03 10:34:43.915 [http-nio-8080-exec-4] ERROR c.av.controller.CustomerController - ERROR log
2025-07-03 10:35:24.074 [http-nio-8080-exec-7] INFO  c.av.controller.CustomerController - INFO log
2025-07-03 10:35:24.074 [http-nio-8080-exec-7] WARN  c.av.controller.CustomerController - WARN log
2025-07-03 10:35:24.074 [http-nio-8080-exec-7] ERROR c.av.controller.CustomerController - ERROR log
2025-07-03 10:56:17.086 [http-nio-8080-exec-5] INFO  c.av.controller.CustomerController - INFO log
2025-07-03 10:56:17.089 [http-nio-8080-exec-5] WARN  c.av.controller.CustomerController - WARN log
2025-07-03 10:56:17.089 [http-nio-8080-exec-5] ERROR c.av.controller.CustomerController - ERROR log
2025-07-03 11:09:12.806 [http-nio-8080-exec-2] INFO  c.av.controller.CustomerController - INFO log
2025-07-03 11:09:12.850 [http-nio-8080-exec-2] WARN  c.av.controller.CustomerController - WARN log
2025-07-03 11:09:12.851 [http-nio-8080-exec-2] ERROR c.av.controller.CustomerController - ERROR log
2025-07-03 11:09:58.036 [http-nio-8080-exec-10] INFO  c.av.controller.CustomerController - INFO log
2025-07-03 11:09:58.037 [http-nio-8080-exec-10] WARN  c.av.controller.CustomerController - WARN log
2025-07-03 11:09:58.038 [http-nio-8080-exec-10] ERROR c.av.controller.CustomerController - ERROR log
2025-07-03 11:10:04.380 [http-nio-8080-exec-9] INFO  c.av.controller.CustomerController - INFO log
2025-07-03 11:10:04.380 [http-nio-8080-exec-9] WARN  c.av.controller.CustomerController - WARN log
2025-07-03 11:10:04.380 [http-nio-8080-exec-9] ERROR c.av.controller.CustomerController - ERROR log
2025-07-03 11:10:31.060 [http-nio-8080-exec-2] INFO  c.av.controller.CustomerController - INFO log
2025-07-03 11:10:31.060 [http-nio-8080-exec-2] WARN  c.av.controller.CustomerController - WARN log
2025-07-03 11:10:31.060 [http-nio-8080-exec-2] ERROR c.av.controller.CustomerController - ERROR log
2025-07-03 11:10:51.287 [http-nio-8080-exec-10] INFO  c.av.controller.CustomerController - INFO log
2025-07-03 11:10:51.287 [http-nio-8080-exec-10] WARN  c.av.controller.CustomerController - WARN log
2025-07-03 11:10:51.287 [http-nio-8080-exec-10] ERROR c.av.controller.CustomerController - ERROR log
2025-07-03 11:11:10.611 [http-nio-8080-exec-6] INFO  c.av.controller.CustomerController - INFO log
2025-07-03 11:11:10.612 [http-nio-8080-exec-6] WARN  c.av.controller.CustomerController - WARN log
2025-07-03 11:11:10.612 [http-nio-8080-exec-6] ERROR c.av.controller.CustomerController - ERROR log
2025-07-03 11:13:24.940 [http-nio-8080-exec-2] INFO  c.av.controller.CustomerController - INFO log
2025-07-03 11:13:24.941 [http-nio-8080-exec-2] WARN  c.av.controller.CustomerController - WARN log
2025-07-03 11:13:24.941 [http-nio-8080-exec-2] ERROR c.av.controller.CustomerController - ERROR log
2025-07-03 11:13:52.388 [http-nio-8080-exec-10] INFO  c.av.controller.CustomerController - INFO log
2025-07-03 11:13:52.389 [http-nio-8080-exec-10] WARN  c.av.controller.CustomerController - WARN log
2025-07-03 11:13:52.389 [http-nio-8080-exec-10] ERROR c.av.controller.CustomerController - ERROR log
2025-07-03 11:14:46.097 [http-nio-8080-exec-4] INFO  c.av.controller.CustomerController - INFO log
2025-07-03 11:14:46.098 [http-nio-8080-exec-4] WARN  c.av.controller.CustomerController - WARN log
2025-07-03 11:14:46.098 [http-nio-8080-exec-4] ERROR c.av.controller.CustomerController - ERROR log
2025-07-03 11:16:35.309 [http-nio-8080-exec-1] INFO  c.av.controller.CustomerController - INFO log
2025-07-03 11:16:35.310 [http-nio-8080-exec-1] WARN  c.av.controller.CustomerController - WARN log
2025-07-03 11:16:35.310 [http-nio-8080-exec-1] ERROR c.av.controller.CustomerController - ERROR log
2025-07-03 11:17:46.805 [http-nio-8080-exec-7] INFO  c.av.controller.CustomerController - INFO log
2025-07-03 11:17:46.807 [http-nio-8080-exec-7] WARN  c.av.controller.CustomerController - WARN log
2025-07-03 11:17:46.807 [http-nio-8080-exec-7] ERROR c.av.controller.CustomerController - ERROR log
2025-07-03 11:24:16.424 [http-nio-8080-exec-9] INFO  c.av.controller.CustomerController - INFO log
2025-07-03 11:24:16.424 [http-nio-8080-exec-9] WARN  c.av.controller.CustomerController - WARN log
2025-07-03 11:24:16.425 [http-nio-8080-exec-9] ERROR c.av.controller.CustomerController - ERROR log
2025-07-03 11:30:14.934 [http-nio-8080-exec-4] INFO  c.av.controller.CustomerController - INFO log
2025-07-03 11:30:14.935 [http-nio-8080-exec-4] WARN  c.av.controller.CustomerController - WARN log
2025-07-03 11:30:14.935 [http-nio-8080-exec-4] ERROR c.av.controller.CustomerController - ERROR log
2025-07-03 11:30:58.106 [http-nio-8080-exec-1] INFO  c.av.controller.CustomerController - INFO log
2025-07-03 11:30:58.106 [http-nio-8080-exec-1] WARN  c.av.controller.CustomerController - WARN log
2025-07-03 11:30:58.106 [http-nio-8080-exec-1] ERROR c.av.controller.CustomerController - ERROR log
2025-07-03 11:32:49.862 [http-nio-8080-exec-9] INFO  c.av.controller.CustomerController - INFO log
2025-07-03 11:32:49.863 [http-nio-8080-exec-9] WARN  c.av.controller.CustomerController - WARN log
2025-07-03 11:32:49.863 [http-nio-8080-exec-9] ERROR c.av.controller.CustomerController - ERROR log
2025-07-03 11:33:13.473 [http-nio-8080-exec-10] INFO  c.av.controller.CustomerController - INFO log
2025-07-03 11:33:13.473 [http-nio-8080-exec-10] WARN  c.av.controller.CustomerController - WARN log
2025-07-03 11:33:13.473 [http-nio-8080-exec-10] ERROR c.av.controller.CustomerController - ERROR log
2025-07-03 11:35:20.173 [http-nio-8080-exec-4] INFO  c.av.controller.CustomerController - INFO log
2025-07-03 11:35:20.174 [http-nio-8080-exec-4] WARN  c.av.controller.CustomerController - WARN log
2025-07-03 11:35:20.175 [http-nio-8080-exec-4] ERROR c.av.controller.CustomerController - ERROR log
2025-07-03 11:35:59.400 [http-nio-8080-exec-5] INFO  c.av.controller.CustomerController - INFO log
2025-07-03 11:35:59.401 [http-nio-8080-exec-5] WARN  c.av.controller.CustomerController - WARN log
2025-07-03 11:35:59.401 [http-nio-8080-exec-5] ERROR c.av.controller.CustomerController - ERROR log
2025-07-03 11:37:18.627 [http-nio-8080-exec-7] INFO  c.av.controller.CustomerController - INFO log
2025-07-03 11:37:18.629 [http-nio-8080-exec-7] WARN  c.av.controller.CustomerController - WARN log
2025-07-03 11:37:18.629 [http-nio-8080-exec-7] ERROR c.av.controller.CustomerController - ERROR log
2025-07-03 11:39:37.317 [http-nio-8080-exec-2] INFO  c.av.controller.CustomerController - INFO log
2025-07-03 11:39:37.318 [http-nio-8080-exec-2] WARN  c.av.controller.CustomerController - WARN log
2025-07-03 11:39:37.318 [http-nio-8080-exec-2] ERROR c.av.controller.CustomerController - ERROR log
2025-07-03 11:40:29.183 [http-nio-8080-exec-1] INFO  c.av.controller.CustomerController - INFO log
2025-07-03 11:40:29.183 [http-nio-8080-exec-1] WARN  c.av.controller.CustomerController - WARN log
2025-07-03 11:40:29.183 [http-nio-8080-exec-1] ERROR c.av.controller.CustomerController - ERROR log
2025-07-03 11:41:59.573 [http-nio-8080-exec-7] INFO  c.av.controller.CustomerController - INFO log
2025-07-03 11:41:59.573 [http-nio-8080-exec-7] WARN  c.av.controller.CustomerController - WARN log
2025-07-03 11:41:59.574 [http-nio-8080-exec-7] ERROR c.av.controller.CustomerController - ERROR log
2025-07-03 11:59:26.210 [http-nio-8080-exec-4] INFO  c.av.controller.CustomerController - INFO log
2025-07-03 11:59:26.211 [http-nio-8080-exec-4] WARN  c.av.controller.CustomerController - WARN log
2025-07-03 11:59:26.211 [http-nio-8080-exec-4] ERROR c.av.controller.CustomerController - ERROR log
2025-07-03 12:03:27.336 [main] INFO  c.a.SpringBootDataMongodbApplication - Starting SpringBootDataMongodbApplication using Java 17.0.14 with PID 22716 (D:\H\av-be\bin\main started by user in D:\H\av-be)
2025-07-03 12:03:27.339 [main] INFO  c.a.SpringBootDataMongodbApplication - No active profile set, falling back to 1 default profile: "default"
2025-07-03 12:03:28.290 [main] INFO  o.s.d.r.c.RepositoryConfigurationDelegate - Bootstrapping Spring Data MongoDB repositories in DEFAULT mode.
2025-07-03 12:03:28.371 [main] INFO  o.s.d.r.c.RepositoryConfigurationDelegate - Finished Spring Data repository scanning in 70 ms. Found 4 MongoDB repository interfaces.
2025-07-03 12:03:28.943 [main] INFO  o.s.b.w.e.tomcat.TomcatWebServer - Tomcat initialized with port 8080 (http)
2025-07-03 12:03:28.960 [main] INFO  o.a.coyote.http11.Http11NioProtocol - Initializing ProtocolHandler ["http-nio-8080"]
2025-07-03 12:03:28.962 [main] INFO  o.a.catalina.core.StandardService - Starting service [Tomcat]
2025-07-03 12:03:28.963 [main] INFO  o.a.catalina.core.StandardEngine - Starting Servlet engine: [Apache Tomcat/10.1.34]
2025-07-03 12:03:29.030 [main] INFO  o.a.c.c.C.[Tomcat].[localhost].[/] - Initializing Spring embedded WebApplicationContext
2025-07-03 12:03:29.031 [main] INFO  o.s.b.w.s.c.ServletWebServerApplicationContext - Root WebApplicationContext: initialization completed in 1598 ms
2025-07-03 12:03:29.311 [main] INFO  org.mongodb.driver.client - MongoClient with metadata {"driver": {"name": "mongo-java-driver|sync|spring-boot", "version": "5.2.1"}, "os": {"type": "Windows", "name": "Windows 11", "architecture": "amd64", "version": "10.0"}, "platform": "Java/Oracle Corporation/17.0.14+8-LTS-191"} created with settings MongoClientSettings{readPreference=primary, writeConcern=WriteConcern{w=null, wTimeout=null ms, journal=null}, retryWrites=true, retryReads=true, readConcern=ReadConcern{level=null}, credential=null, transportSettings=null, commandListeners=[], codecRegistry=ProvidersCodecRegistry{codecProviders=[ValueCodecProvider{}, BsonValueCodecProvider{}, DBRefCodecProvider{}, DBObjectCodecProvider{}, DocumentCodecProvider{}, CollectionCodecProvider{}, IterableCodecProvider{}, MapCodecProvider{}, GeoJsonCodecProvider{}, GridFSFileCodecProvider{}, Jsr310CodecProvider{}, JsonObjectCodecProvider{}, BsonCodecProvider{}, EnumCodecProvider{}, com.mongodb.client.model.mql.ExpressionCodecProvider@24dd44f9, com.mongodb.Jep395RecordCodecProvider@ccd341d, com.mongodb.KotlinCodecProvider@4f1fb828]}, loggerSettings=LoggerSettings{maxDocumentLength=1000}, clusterSettings={hosts=[localhost:27017], srvServiceName=mongodb, mode=SINGLE, requiredClusterType=UNKNOWN, requiredReplicaSetName='null', serverSelector='null', clusterListeners='[]', serverSelectionTimeout='30000 ms', localThreshold='15 ms'}, socketSettings=SocketSettings{connectTimeoutMS=10000, readTimeoutMS=0, receiveBufferSize=0, proxySettings=ProxySettings{host=null, port=null, username=null, password=null}}, heartbeatSocketSettings=SocketSettings{connectTimeoutMS=10000, readTimeoutMS=10000, receiveBufferSize=0, proxySettings=ProxySettings{host=null, port=null, username=null, password=null}}, connectionPoolSettings=ConnectionPoolSettings{maxSize=100, minSize=0, maxWaitTimeMS=120000, maxConnectionLifeTimeMS=0, maxConnectionIdleTimeMS=0, maintenanceInitialDelayMS=0, maintenanceFrequencyMS=60000, connectionPoolListeners=[], maxConnecting=2}, serverSettings=ServerSettings{heartbeatFrequencyMS=10000, minHeartbeatFrequencyMS=500, serverMonitoringMode=AUTO, serverListeners='[]', serverMonitorListeners='[]'}, sslSettings=SslSettings{enabled=false, invalidHostNameAllowed=false, context=null}, applicationName='null', compressorList=[], uuidRepresentation=JAVA_LEGACY, serverApi=null, autoEncryptionSettings=null, dnsClient=null, inetAddressResolver=null, contextProvider=null, timeoutMS=null}
2025-07-03 12:03:29.335 [cluster-ClusterId{value='68662439ce9c0f558d1f7e4f', description='null'}-localhost:27017] INFO  org.mongodb.driver.cluster - Monitor thread successfully connected to server with description ServerDescription{address=localhost:27017, type=STANDALONE, cryptd=false, state=CONNECTED, ok=true, minWireVersion=0, maxWireVersion=25, maxDocumentSize=16777216, logicalSessionTimeoutMinutes=30, roundTripTimeNanos=26347100, minRoundTripTimeNanos=0}
2025-07-03 12:03:30.073 [main] INFO  o.s.b.a.w.s.WelcomePageHandlerMapping - Adding welcome page: class path resource [public/index.html]
2025-07-03 12:03:30.542 [main] INFO  o.a.coyote.http11.Http11NioProtocol - Starting ProtocolHandler ["http-nio-8080"]
2025-07-03 12:03:30.603 [main] INFO  o.s.b.w.e.tomcat.TomcatWebServer - Tomcat started on port 8080 (http) with context path '/'
2025-07-03 12:03:30.619 [main] INFO  c.a.SpringBootDataMongodbApplication - Started SpringBootDataMongodbApplication in 4.046 seconds (process running for 5.318)
2025-07-03 12:05:50.280 [http-nio-8080-exec-2] INFO  o.a.c.c.C.[Tomcat].[localhost].[/] - Initializing Spring DispatcherServlet 'dispatcherServlet'
2025-07-03 12:05:50.284 [http-nio-8080-exec-2] INFO  o.s.web.servlet.DispatcherServlet - Initializing Servlet 'dispatcherServlet'
2025-07-03 12:05:50.289 [http-nio-8080-exec-2] INFO  o.s.web.servlet.DispatcherServlet - Completed initialization in 3 ms
2025-07-03 12:05:50.475 [http-nio-8080-exec-2] INFO  c.av.controller.CustomerController - INFO log
2025-07-03 12:05:50.475 [http-nio-8080-exec-2] WARN  c.av.controller.CustomerController - WARN log
2025-07-03 12:05:50.476 [http-nio-8080-exec-2] ERROR c.av.controller.CustomerController - ERROR log
2025-07-03 12:08:04.296 [http-nio-8080-exec-4] INFO  c.av.controller.CustomerController - INFO log
2025-07-03 12:08:04.297 [http-nio-8080-exec-4] WARN  c.av.controller.CustomerController - WARN log
2025-07-03 12:08:04.297 [http-nio-8080-exec-4] ERROR c.av.controller.CustomerController - ERROR log
2025-07-03 12:08:11.502 [http-nio-8080-exec-3] WARN  o.s.w.s.m.s.DefaultHandlerExceptionResolver - Resolved [org.springframework.web.HttpRequestMethodNotSupportedException: Request method 'DELETE' is not supported]
2025-07-03 12:08:25.595 [http-nio-8080-exec-9] WARN  o.s.w.s.m.s.DefaultHandlerExceptionResolver - Resolved [org.springframework.web.HttpRequestMethodNotSupportedException: Request method 'DELETE' is not supported]
2025-07-03 12:09:13.636 [http-nio-8080-exec-8] WARN  o.s.w.s.m.s.DefaultHandlerExceptionResolver - Resolved [org.springframework.web.HttpRequestMethodNotSupportedException: Request method 'DELETE' is not supported]
2025-07-03 12:12:44.281 [http-nio-8080-exec-10] INFO  c.av.controller.CustomerController - INFO log
2025-07-03 12:12:44.281 [http-nio-8080-exec-10] WARN  c.av.controller.CustomerController - WARN log
2025-07-03 12:12:44.281 [http-nio-8080-exec-10] ERROR c.av.controller.CustomerController - ERROR log
2025-07-03 12:13:39.345 [http-nio-8080-exec-2] WARN  o.s.w.s.m.s.DefaultHandlerExceptionResolver - Resolved [org.springframework.web.HttpRequestMethodNotSupportedException: Request method 'DELETE' is not supported]
2025-07-03 12:15:59.744 [main] INFO  c.a.SpringBootDataMongodbApplication - Starting SpringBootDataMongodbApplication using Java 17.0.14 with PID 14572 (D:\H\av-be\bin\main started by user in D:\H\av-be)
2025-07-03 12:15:59.747 [main] INFO  c.a.SpringBootDataMongodbApplication - No active profile set, falling back to 1 default profile: "default"
2025-07-03 12:16:00.596 [main] INFO  o.s.d.r.c.RepositoryConfigurationDelegate - Bootstrapping Spring Data MongoDB repositories in DEFAULT mode.
2025-07-03 12:16:00.667 [main] INFO  o.s.d.r.c.RepositoryConfigurationDelegate - Finished Spring Data repository scanning in 63 ms. Found 4 MongoDB repository interfaces.
2025-07-03 12:16:01.216 [main] INFO  o.s.b.w.e.tomcat.TomcatWebServer - Tomcat initialized with port 8080 (http)
2025-07-03 12:16:01.232 [main] INFO  o.a.coyote.http11.Http11NioProtocol - Initializing ProtocolHandler ["http-nio-8080"]
2025-07-03 12:16:01.234 [main] INFO  o.a.catalina.core.StandardService - Starting service [Tomcat]
2025-07-03 12:16:01.235 [main] INFO  o.a.catalina.core.StandardEngine - Starting Servlet engine: [Apache Tomcat/10.1.34]
2025-07-03 12:16:01.302 [main] INFO  o.a.c.c.C.[Tomcat].[localhost].[/] - Initializing Spring embedded WebApplicationContext
2025-07-03 12:16:01.302 [main] INFO  o.s.b.w.s.c.ServletWebServerApplicationContext - Root WebApplicationContext: initialization completed in 1480 ms
2025-07-03 12:16:01.587 [main] INFO  org.mongodb.driver.client - MongoClient with metadata {"driver": {"name": "mongo-java-driver|sync|spring-boot", "version": "5.2.1"}, "os": {"type": "Windows", "name": "Windows 11", "architecture": "amd64", "version": "10.0"}, "platform": "Java/Oracle Corporation/17.0.14+8-LTS-191"} created with settings MongoClientSettings{readPreference=primary, writeConcern=WriteConcern{w=null, wTimeout=null ms, journal=null}, retryWrites=true, retryReads=true, readConcern=ReadConcern{level=null}, credential=null, transportSettings=null, commandListeners=[], codecRegistry=ProvidersCodecRegistry{codecProviders=[ValueCodecProvider{}, BsonValueCodecProvider{}, DBRefCodecProvider{}, DBObjectCodecProvider{}, DocumentCodecProvider{}, CollectionCodecProvider{}, IterableCodecProvider{}, MapCodecProvider{}, GeoJsonCodecProvider{}, GridFSFileCodecProvider{}, Jsr310CodecProvider{}, JsonObjectCodecProvider{}, BsonCodecProvider{}, EnumCodecProvider{}, com.mongodb.client.model.mql.ExpressionCodecProvider@24dd44f9, com.mongodb.Jep395RecordCodecProvider@ccd341d, com.mongodb.KotlinCodecProvider@4f1fb828]}, loggerSettings=LoggerSettings{maxDocumentLength=1000}, clusterSettings={hosts=[localhost:27017], srvServiceName=mongodb, mode=SINGLE, requiredClusterType=UNKNOWN, requiredReplicaSetName='null', serverSelector='null', clusterListeners='[]', serverSelectionTimeout='30000 ms', localThreshold='15 ms'}, socketSettings=SocketSettings{connectTimeoutMS=10000, readTimeoutMS=0, receiveBufferSize=0, proxySettings=ProxySettings{host=null, port=null, username=null, password=null}}, heartbeatSocketSettings=SocketSettings{connectTimeoutMS=10000, readTimeoutMS=10000, receiveBufferSize=0, proxySettings=ProxySettings{host=null, port=null, username=null, password=null}}, connectionPoolSettings=ConnectionPoolSettings{maxSize=100, minSize=0, maxWaitTimeMS=120000, maxConnectionLifeTimeMS=0, maxConnectionIdleTimeMS=0, maintenanceInitialDelayMS=0, maintenanceFrequencyMS=60000, connectionPoolListeners=[], maxConnecting=2}, serverSettings=ServerSettings{heartbeatFrequencyMS=10000, minHeartbeatFrequencyMS=500, serverMonitoringMode=AUTO, serverListeners='[]', serverMonitorListeners='[]'}, sslSettings=SslSettings{enabled=false, invalidHostNameAllowed=false, context=null}, applicationName='null', compressorList=[], uuidRepresentation=JAVA_LEGACY, serverApi=null, autoEncryptionSettings=null, dnsClient=null, inetAddressResolver=null, contextProvider=null, timeoutMS=null}
2025-07-03 12:16:01.611 [cluster-ClusterId{value='686627294630581b9b2f35e7', description='null'}-localhost:27017] INFO  org.mongodb.driver.cluster - Monitor thread successfully connected to server with description ServerDescription{address=localhost:27017, type=STANDALONE, cryptd=false, state=CONNECTED, ok=true, minWireVersion=0, maxWireVersion=25, maxDocumentSize=16777216, logicalSessionTimeoutMinutes=30, roundTripTimeNanos=26183700, minRoundTripTimeNanos=0}
2025-07-03 12:16:02.424 [main] INFO  o.s.b.a.w.s.WelcomePageHandlerMapping - Adding welcome page: class path resource [public/index.html]
2025-07-03 12:16:02.793 [main] INFO  o.a.coyote.http11.Http11NioProtocol - Starting ProtocolHandler ["http-nio-8080"]
2025-07-03 12:16:02.831 [main] INFO  o.s.b.w.e.tomcat.TomcatWebServer - Tomcat started on port 8080 (http) with context path '/'
2025-07-03 12:16:02.842 [main] INFO  c.a.SpringBootDataMongodbApplication - Started SpringBootDataMongodbApplication in 4.2 seconds (process running for 5.248)
2025-07-03 12:16:17.966 [http-nio-8080-exec-2] INFO  o.a.c.c.C.[Tomcat].[localhost].[/] - Initializing Spring DispatcherServlet 'dispatcherServlet'
2025-07-03 12:16:17.966 [http-nio-8080-exec-2] INFO  o.s.web.servlet.DispatcherServlet - Initializing Servlet 'dispatcherServlet'
2025-07-03 12:16:17.972 [http-nio-8080-exec-2] INFO  o.s.web.servlet.DispatcherServlet - Completed initialization in 4 ms
2025-07-03 12:16:18.129 [http-nio-8080-exec-2] INFO  c.av.controller.CustomerController - INFO log
2025-07-03 12:16:18.129 [http-nio-8080-exec-2] WARN  c.av.controller.CustomerController - WARN log
2025-07-03 12:16:18.129 [http-nio-8080-exec-2] ERROR c.av.controller.CustomerController - ERROR log
2025-07-03 12:16:25.897 [http-nio-8080-exec-1] WARN  o.s.w.s.m.s.DefaultHandlerExceptionResolver - Resolved [org.springframework.web.HttpRequestMethodNotSupportedException: Request method 'DELETE' is not supported]
2025-07-03 12:16:35.629 [http-nio-8080-exec-3] WARN  o.s.w.s.m.s.DefaultHandlerExceptionResolver - Resolved [org.springframework.web.HttpRequestMethodNotSupportedException: Request method 'DELETE' is not supported]
2025-07-03 12:22:39.494 [main] INFO  c.a.SpringBootDataMongodbApplication - Starting SpringBootDataMongodbApplication using Java 17.0.14 with PID 23580 (D:\H\av-be\bin\main started by user in D:\H\av-be)
2025-07-03 12:22:39.497 [main] INFO  c.a.SpringBootDataMongodbApplication - No active profile set, falling back to 1 default profile: "default"
2025-07-03 12:22:40.255 [main] INFO  o.s.d.r.c.RepositoryConfigurationDelegate - Bootstrapping Spring Data MongoDB repositories in DEFAULT mode.
2025-07-03 12:22:40.332 [main] INFO  o.s.d.r.c.RepositoryConfigurationDelegate - Finished Spring Data repository scanning in 69 ms. Found 4 MongoDB repository interfaces.
2025-07-03 12:22:40.843 [main] INFO  o.s.b.w.e.tomcat.TomcatWebServer - Tomcat initialized with port 8080 (http)
2025-07-03 12:22:40.858 [main] INFO  o.a.coyote.http11.Http11NioProtocol - Initializing ProtocolHandler ["http-nio-8080"]
2025-07-03 12:22:40.860 [main] INFO  o.a.catalina.core.StandardService - Starting service [Tomcat]
2025-07-03 12:22:40.861 [main] INFO  o.a.catalina.core.StandardEngine - Starting Servlet engine: [Apache Tomcat/10.1.34]
2025-07-03 12:22:40.927 [main] INFO  o.a.c.c.C.[Tomcat].[localhost].[/] - Initializing Spring embedded WebApplicationContext
2025-07-03 12:22:40.928 [main] INFO  o.s.b.w.s.c.ServletWebServerApplicationContext - Root WebApplicationContext: initialization completed in 1379 ms
2025-07-03 12:22:41.151 [main] INFO  org.mongodb.driver.client - MongoClient with metadata {"driver": {"name": "mongo-java-driver|sync|spring-boot", "version": "5.2.1"}, "os": {"type": "Windows", "name": "Windows 11", "architecture": "amd64", "version": "10.0"}, "platform": "Java/Oracle Corporation/17.0.14+8-LTS-191"} created with settings MongoClientSettings{readPreference=primary, writeConcern=WriteConcern{w=null, wTimeout=null ms, journal=null}, retryWrites=true, retryReads=true, readConcern=ReadConcern{level=null}, credential=null, transportSettings=null, commandListeners=[], codecRegistry=ProvidersCodecRegistry{codecProviders=[ValueCodecProvider{}, BsonValueCodecProvider{}, DBRefCodecProvider{}, DBObjectCodecProvider{}, DocumentCodecProvider{}, CollectionCodecProvider{}, IterableCodecProvider{}, MapCodecProvider{}, GeoJsonCodecProvider{}, GridFSFileCodecProvider{}, Jsr310CodecProvider{}, JsonObjectCodecProvider{}, BsonCodecProvider{}, EnumCodecProvider{}, com.mongodb.client.model.mql.ExpressionCodecProvider@20d19f2c, com.mongodb.Jep395RecordCodecProvider@45592af7, com.mongodb.KotlinCodecProvider@77b5148c]}, loggerSettings=LoggerSettings{maxDocumentLength=1000}, clusterSettings={hosts=[localhost:27017], srvServiceName=mongodb, mode=SINGLE, requiredClusterType=UNKNOWN, requiredReplicaSetName='null', serverSelector='null', clusterListeners='[]', serverSelectionTimeout='30000 ms', localThreshold='15 ms'}, socketSettings=SocketSettings{connectTimeoutMS=10000, readTimeoutMS=0, receiveBufferSize=0, proxySettings=ProxySettings{host=null, port=null, username=null, password=null}}, heartbeatSocketSettings=SocketSettings{connectTimeoutMS=10000, readTimeoutMS=10000, receiveBufferSize=0, proxySettings=ProxySettings{host=null, port=null, username=null, password=null}}, connectionPoolSettings=ConnectionPoolSettings{maxSize=100, minSize=0, maxWaitTimeMS=120000, maxConnectionLifeTimeMS=0, maxConnectionIdleTimeMS=0, maintenanceInitialDelayMS=0, maintenanceFrequencyMS=60000, connectionPoolListeners=[], maxConnecting=2}, serverSettings=ServerSettings{heartbeatFrequencyMS=10000, minHeartbeatFrequencyMS=500, serverMonitoringMode=AUTO, serverListeners='[]', serverMonitorListeners='[]'}, sslSettings=SslSettings{enabled=false, invalidHostNameAllowed=false, context=null}, applicationName='null', compressorList=[], uuidRepresentation=JAVA_LEGACY, serverApi=null, autoEncryptionSettings=null, dnsClient=null, inetAddressResolver=null, contextProvider=null, timeoutMS=null}
2025-07-03 12:22:41.173 [cluster-ClusterId{value='686628b9a5b6ec1b0836427c', description='null'}-localhost:27017] INFO  org.mongodb.driver.cluster - Monitor thread successfully connected to server with description ServerDescription{address=localhost:27017, type=STANDALONE, cryptd=false, state=CONNECTED, ok=true, minWireVersion=0, maxWireVersion=25, maxDocumentSize=16777216, logicalSessionTimeoutMinutes=30, roundTripTimeNanos=23458700, minRoundTripTimeNanos=0}
2025-07-03 12:22:41.819 [main] INFO  o.s.b.a.w.s.WelcomePageHandlerMapping - Adding welcome page: class path resource [public/index.html]
2025-07-03 12:22:42.149 [main] INFO  o.a.coyote.http11.Http11NioProtocol - Starting ProtocolHandler ["http-nio-8080"]
2025-07-03 12:22:42.192 [main] INFO  o.s.b.w.e.tomcat.TomcatWebServer - Tomcat started on port 8080 (http) with context path '/'
2025-07-03 12:22:42.203 [main] INFO  c.a.SpringBootDataMongodbApplication - Started SpringBootDataMongodbApplication in 3.273 seconds (process running for 4.361)
2025-07-03 12:22:52.280 [http-nio-8080-exec-2] INFO  o.a.c.c.C.[Tomcat].[localhost].[/] - Initializing Spring DispatcherServlet 'dispatcherServlet'
2025-07-03 12:22:52.281 [http-nio-8080-exec-2] INFO  o.s.web.servlet.DispatcherServlet - Initializing Servlet 'dispatcherServlet'
2025-07-03 12:22:52.290 [http-nio-8080-exec-2] INFO  o.s.web.servlet.DispatcherServlet - Completed initialization in 6 ms
2025-07-03 12:22:52.450 [http-nio-8080-exec-2] INFO  c.av.controller.CustomerController - INFO log
2025-07-03 12:22:52.451 [http-nio-8080-exec-2] WARN  c.av.controller.CustomerController - WARN log
2025-07-03 12:22:52.451 [http-nio-8080-exec-2] ERROR c.av.controller.CustomerController - ERROR log
2025-07-03 12:22:59.298 [http-nio-8080-exec-3] WARN  o.s.w.s.m.s.DefaultHandlerExceptionResolver - Resolved [org.springframework.web.HttpRequestMethodNotSupportedException: Request method 'DELETE' is not supported]
2025-07-03 12:27:16.048 [main] INFO  c.a.SpringBootDataMongodbApplication - Starting SpringBootDataMongodbApplication using Java 17.0.14 with PID 21168 (D:\H\av-be\bin\main started by user in D:\H\av-be)
2025-07-03 12:27:16.051 [main] INFO  c.a.SpringBootDataMongodbApplication - No active profile set, falling back to 1 default profile: "default"
2025-07-03 12:27:17.022 [main] INFO  o.s.d.r.c.RepositoryConfigurationDelegate - Bootstrapping Spring Data MongoDB repositories in DEFAULT mode.
2025-07-03 12:27:17.143 [main] INFO  o.s.d.r.c.RepositoryConfigurationDelegate - Finished Spring Data repository scanning in 107 ms. Found 4 MongoDB repository interfaces.
2025-07-03 12:27:18.103 [main] INFO  o.s.b.w.e.tomcat.TomcatWebServer - Tomcat initialized with port 8080 (http)
2025-07-03 12:27:18.127 [main] INFO  o.a.coyote.http11.Http11NioProtocol - Initializing ProtocolHandler ["http-nio-8080"]
2025-07-03 12:27:18.131 [main] INFO  o.a.catalina.core.StandardService - Starting service [Tomcat]
2025-07-03 12:27:18.132 [main] INFO  o.a.catalina.core.StandardEngine - Starting Servlet engine: [Apache Tomcat/10.1.34]
2025-07-03 12:27:18.233 [main] INFO  o.a.c.c.C.[Tomcat].[localhost].[/] - Initializing Spring embedded WebApplicationContext
2025-07-03 12:27:18.234 [main] INFO  o.s.b.w.s.c.ServletWebServerApplicationContext - Root WebApplicationContext: initialization completed in 2130 ms
2025-07-03 12:27:18.498 [main] INFO  org.mongodb.driver.client - MongoClient with metadata {"driver": {"name": "mongo-java-driver|sync|spring-boot", "version": "5.2.1"}, "os": {"type": "Windows", "name": "Windows 11", "architecture": "amd64", "version": "10.0"}, "platform": "Java/Oracle Corporation/17.0.14+8-LTS-191"} created with settings MongoClientSettings{readPreference=primary, writeConcern=WriteConcern{w=null, wTimeout=null ms, journal=null}, retryWrites=true, retryReads=true, readConcern=ReadConcern{level=null}, credential=null, transportSettings=null, commandListeners=[], codecRegistry=ProvidersCodecRegistry{codecProviders=[ValueCodecProvider{}, BsonValueCodecProvider{}, DBRefCodecProvider{}, DBObjectCodecProvider{}, DocumentCodecProvider{}, CollectionCodecProvider{}, IterableCodecProvider{}, MapCodecProvider{}, GeoJsonCodecProvider{}, GridFSFileCodecProvider{}, Jsr310CodecProvider{}, JsonObjectCodecProvider{}, BsonCodecProvider{}, EnumCodecProvider{}, com.mongodb.client.model.mql.ExpressionCodecProvider@4b88ca8e, com.mongodb.Jep395RecordCodecProvider@6fa02932, com.mongodb.KotlinCodecProvider@61608e1a]}, loggerSettings=LoggerSettings{maxDocumentLength=1000}, clusterSettings={hosts=[localhost:27017], srvServiceName=mongodb, mode=SINGLE, requiredClusterType=UNKNOWN, requiredReplicaSetName='null', serverSelector='null', clusterListeners='[]', serverSelectionTimeout='30000 ms', localThreshold='15 ms'}, socketSettings=SocketSettings{connectTimeoutMS=10000, readTimeoutMS=0, receiveBufferSize=0, proxySettings=ProxySettings{host=null, port=null, username=null, password=null}}, heartbeatSocketSettings=SocketSettings{connectTimeoutMS=10000, readTimeoutMS=10000, receiveBufferSize=0, proxySettings=ProxySettings{host=null, port=null, username=null, password=null}}, connectionPoolSettings=ConnectionPoolSettings{maxSize=100, minSize=0, maxWaitTimeMS=120000, maxConnectionLifeTimeMS=0, maxConnectionIdleTimeMS=0, maintenanceInitialDelayMS=0, maintenanceFrequencyMS=60000, connectionPoolListeners=[], maxConnecting=2}, serverSettings=ServerSettings{heartbeatFrequencyMS=10000, minHeartbeatFrequencyMS=500, serverMonitoringMode=AUTO, serverListeners='[]', serverMonitorListeners='[]'}, sslSettings=SslSettings{enabled=false, invalidHostNameAllowed=false, context=null}, applicationName='null', compressorList=[], uuidRepresentation=JAVA_LEGACY, serverApi=null, autoEncryptionSettings=null, dnsClient=null, inetAddressResolver=null, contextProvider=null, timeoutMS=null}
2025-07-03 12:27:18.520 [cluster-ClusterId{value='686629ce76504027d8065511', description='null'}-localhost:27017] INFO  org.mongodb.driver.cluster - Monitor thread successfully connected to server with description ServerDescription{address=localhost:27017, type=STANDALONE, cryptd=false, state=CONNECTED, ok=true, minWireVersion=0, maxWireVersion=25, maxDocumentSize=16777216, logicalSessionTimeoutMinutes=30, roundTripTimeNanos=23401100, minRoundTripTimeNanos=0}
2025-07-03 12:27:19.220 [main] INFO  o.s.b.a.w.s.WelcomePageHandlerMapping - Adding welcome page: class path resource [public/index.html]
2025-07-03 12:27:19.593 [main] INFO  o.a.coyote.http11.Http11NioProtocol - Starting ProtocolHandler ["http-nio-8080"]
2025-07-03 12:27:19.632 [main] INFO  o.s.b.w.e.tomcat.TomcatWebServer - Tomcat started on port 8080 (http) with context path '/'
2025-07-03 12:27:19.645 [main] INFO  c.a.SpringBootDataMongodbApplication - Started SpringBootDataMongodbApplication in 4.176 seconds (process running for 4.952)
2025-07-03 12:27:48.561 [http-nio-8080-exec-1] INFO  o.a.c.c.C.[Tomcat].[localhost].[/] - Initializing Spring DispatcherServlet 'dispatcherServlet'
2025-07-03 12:27:48.562 [http-nio-8080-exec-1] INFO  o.s.web.servlet.DispatcherServlet - Initializing Servlet 'dispatcherServlet'
2025-07-03 12:27:48.567 [http-nio-8080-exec-1] INFO  o.s.web.servlet.DispatcherServlet - Completed initialization in 4 ms
2025-07-03 12:27:48.731 [http-nio-8080-exec-1] INFO  c.av.controller.CustomerController - INFO log
2025-07-03 12:27:48.732 [http-nio-8080-exec-1] WARN  c.av.controller.CustomerController - WARN log
2025-07-03 12:27:48.732 [http-nio-8080-exec-1] ERROR c.av.controller.CustomerController - ERROR log
2025-07-03 12:28:04.250 [http-nio-8080-exec-2] INFO  c.av.controller.CustomerController - INFO log
2025-07-03 12:28:04.250 [http-nio-8080-exec-2] WARN  c.av.controller.CustomerController - WARN log
2025-07-03 12:28:04.250 [http-nio-8080-exec-2] ERROR c.av.controller.CustomerController - ERROR log
2025-07-03 12:29:25.793 [main] INFO  c.a.SpringBootDataMongodbApplication - Starting SpringBootDataMongodbApplication using Java 17.0.14 with PID 21816 (D:\H\av-be\bin\main started by user in D:\H\av-be)
2025-07-03 12:29:25.796 [main] INFO  c.a.SpringBootDataMongodbApplication - No active profile set, falling back to 1 default profile: "default"
2025-07-03 12:29:27.011 [main] INFO  o.s.d.r.c.RepositoryConfigurationDelegate - Bootstrapping Spring Data MongoDB repositories in DEFAULT mode.
2025-07-03 12:29:27.110 [main] INFO  o.s.d.r.c.RepositoryConfigurationDelegate - Finished Spring Data repository scanning in 87 ms. Found 4 MongoDB repository interfaces.
2025-07-03 12:29:27.672 [main] INFO  o.s.b.w.e.tomcat.TomcatWebServer - Tomcat initialized with port 8080 (http)
2025-07-03 12:29:27.689 [main] INFO  o.a.coyote.http11.Http11NioProtocol - Initializing ProtocolHandler ["http-nio-8080"]
2025-07-03 12:29:27.692 [main] INFO  o.a.catalina.core.StandardService - Starting service [Tomcat]
2025-07-03 12:29:27.693 [main] INFO  o.a.catalina.core.StandardEngine - Starting Servlet engine: [Apache Tomcat/10.1.34]
2025-07-03 12:29:27.773 [main] INFO  o.a.c.c.C.[Tomcat].[localhost].[/] - Initializing Spring embedded WebApplicationContext
2025-07-03 12:29:27.774 [main] INFO  o.s.b.w.s.c.ServletWebServerApplicationContext - Root WebApplicationContext: initialization completed in 1924 ms
2025-07-03 12:29:28.022 [main] INFO  org.mongodb.driver.client - MongoClient with metadata {"driver": {"name": "mongo-java-driver|sync|spring-boot", "version": "5.2.1"}, "os": {"type": "Windows", "name": "Windows 11", "architecture": "amd64", "version": "10.0"}, "platform": "Java/Oracle Corporation/17.0.14+8-LTS-191"} created with settings MongoClientSettings{readPreference=primary, writeConcern=WriteConcern{w=null, wTimeout=null ms, journal=null}, retryWrites=true, retryReads=true, readConcern=ReadConcern{level=null}, credential=null, transportSettings=null, commandListeners=[], codecRegistry=ProvidersCodecRegistry{codecProviders=[ValueCodecProvider{}, BsonValueCodecProvider{}, DBRefCodecProvider{}, DBObjectCodecProvider{}, DocumentCodecProvider{}, CollectionCodecProvider{}, IterableCodecProvider{}, MapCodecProvider{}, GeoJsonCodecProvider{}, GridFSFileCodecProvider{}, Jsr310CodecProvider{}, JsonObjectCodecProvider{}, BsonCodecProvider{}, EnumCodecProvider{}, com.mongodb.client.model.mql.ExpressionCodecProvider@487cd177, com.mongodb.Jep395RecordCodecProvider@324b6a56, com.mongodb.KotlinCodecProvider@421d54b3]}, loggerSettings=LoggerSettings{maxDocumentLength=1000}, clusterSettings={hosts=[localhost:27017], srvServiceName=mongodb, mode=SINGLE, requiredClusterType=UNKNOWN, requiredReplicaSetName='null', serverSelector='null', clusterListeners='[]', serverSelectionTimeout='30000 ms', localThreshold='15 ms'}, socketSettings=SocketSettings{connectTimeoutMS=10000, readTimeoutMS=0, receiveBufferSize=0, proxySettings=ProxySettings{host=null, port=null, username=null, password=null}}, heartbeatSocketSettings=SocketSettings{connectTimeoutMS=10000, readTimeoutMS=10000, receiveBufferSize=0, proxySettings=ProxySettings{host=null, port=null, username=null, password=null}}, connectionPoolSettings=ConnectionPoolSettings{maxSize=100, minSize=0, maxWaitTimeMS=120000, maxConnectionLifeTimeMS=0, maxConnectionIdleTimeMS=0, maintenanceInitialDelayMS=0, maintenanceFrequencyMS=60000, connectionPoolListeners=[], maxConnecting=2}, serverSettings=ServerSettings{heartbeatFrequencyMS=10000, minHeartbeatFrequencyMS=500, serverMonitoringMode=AUTO, serverListeners='[]', serverMonitorListeners='[]'}, sslSettings=SslSettings{enabled=false, invalidHostNameAllowed=false, context=null}, applicationName='null', compressorList=[], uuidRepresentation=JAVA_LEGACY, serverApi=null, autoEncryptionSettings=null, dnsClient=null, inetAddressResolver=null, contextProvider=null, timeoutMS=null}
2025-07-03 12:29:28.047 [cluster-ClusterId{value='68662a4ffbe9a118cd509f1e', description='null'}-localhost:27017] INFO  org.mongodb.driver.cluster - Monitor thread successfully connected to server with description ServerDescription{address=localhost:27017, type=STANDALONE, cryptd=false, state=CONNECTED, ok=true, minWireVersion=0, maxWireVersion=25, maxDocumentSize=16777216, logicalSessionTimeoutMinutes=30, roundTripTimeNanos=27735200, minRoundTripTimeNanos=0}
2025-07-03 12:29:28.769 [main] INFO  o.s.b.a.w.s.WelcomePageHandlerMapping - Adding welcome page: class path resource [public/index.html]
2025-07-03 12:29:29.149 [main] INFO  o.a.coyote.http11.Http11NioProtocol - Starting ProtocolHandler ["http-nio-8080"]
2025-07-03 12:29:29.187 [main] INFO  o.s.b.w.e.tomcat.TomcatWebServer - Tomcat started on port 8080 (http) with context path '/'
2025-07-03 12:29:29.199 [main] INFO  c.a.SpringBootDataMongodbApplication - Started SpringBootDataMongodbApplication in 4.067 seconds (process running for 5.392)
2025-07-03 12:29:44.530 [http-nio-8080-exec-2] INFO  o.a.c.c.C.[Tomcat].[localhost].[/] - Initializing Spring DispatcherServlet 'dispatcherServlet'
2025-07-03 12:29:44.531 [http-nio-8080-exec-2] INFO  o.s.web.servlet.DispatcherServlet - Initializing Servlet 'dispatcherServlet'
2025-07-03 12:29:44.532 [http-nio-8080-exec-2] INFO  o.s.web.servlet.DispatcherServlet - Completed initialization in 1 ms
2025-07-03 12:30:06.794 [http-nio-8080-exec-3] INFO  c.av.controller.CustomerController - INFO log
2025-07-03 12:30:06.795 [http-nio-8080-exec-3] WARN  c.av.controller.CustomerController - WARN log
2025-07-03 12:30:06.795 [http-nio-8080-exec-3] ERROR c.av.controller.CustomerController - ERROR log
2025-07-03 12:30:30.221 [http-nio-8080-exec-5] INFO  c.av.controller.CustomerController - INFO log
2025-07-03 12:30:30.221 [http-nio-8080-exec-5] WARN  c.av.controller.CustomerController - WARN log
2025-07-03 12:30:30.221 [http-nio-8080-exec-5] ERROR c.av.controller.CustomerController - ERROR log
2025-07-03 12:30:37.488 [http-nio-8080-exec-8] INFO  c.av.controller.CustomerController - INFO log
2025-07-03 12:30:37.489 [http-nio-8080-exec-8] WARN  c.av.controller.CustomerController - WARN log
2025-07-03 12:30:37.489 [http-nio-8080-exec-8] ERROR c.av.controller.CustomerController - ERROR log
2025-07-03 12:31:26.729 [http-nio-8080-exec-2] INFO  c.av.controller.CustomerController - INFO log
2025-07-03 12:31:26.730 [http-nio-8080-exec-2] WARN  c.av.controller.CustomerController - WARN log
2025-07-03 12:31:26.730 [http-nio-8080-exec-2] ERROR c.av.controller.CustomerController - ERROR log
2025-07-03 12:48:26.288 [http-nio-8080-exec-1] INFO  c.av.controller.CustomerController - INFO log
2025-07-03 12:48:26.293 [http-nio-8080-exec-1] WARN  c.av.controller.CustomerController - WARN log
2025-07-03 12:48:26.293 [http-nio-8080-exec-1] ERROR c.av.controller.CustomerController - ERROR log
2025-07-03 13:39:55.403 [http-nio-8080-exec-5] INFO  c.av.controller.CustomerController - INFO log
2025-07-03 13:39:55.404 [http-nio-8080-exec-5] WARN  c.av.controller.CustomerController - WARN log
2025-07-03 13:39:55.404 [http-nio-8080-exec-5] ERROR c.av.controller.CustomerController - ERROR log
