2025-06-11 11:31:35.025 [main] INFO  c.a.SpringBootDataMongodbApplication - Starting SpringBootDataMongodbApplication using Java 17.0.14 with PID 26472 (D:\H\av-be\bin\main started by user in D:\H\av-be)
2025-06-11 11:31:35.028 [main] INFO  c.a.SpringBootDataMongodbApplication - No active profile set, falling back to 1 default profile: "default"
2025-06-11 11:31:35.775 [main] INFO  o.s.d.r.c.RepositoryConfigurationDelegate - Bootstrapping Spring Data MongoDB repositories in DEFAULT mode.
2025-06-11 11:31:35.846 [main] INFO  o.s.d.r.c.RepositoryConfigurationDelegate - Finished Spring Data repository scanning in 63 ms. Found 2 MongoDB repository interfaces.
2025-06-11 11:31:36.365 [main] INFO  o.s.b.w.e.tomcat.TomcatWebServer - Tomcat initialized with port 8080 (http)
2025-06-11 11:31:36.381 [main] INFO  o.a.coyote.http11.Http11NioProtocol - Initializing ProtocolHandler ["http-nio-8080"]
2025-06-11 11:31:36.385 [main] INFO  o.a.catalina.core.StandardService - Starting service [Tomcat]
2025-06-11 11:31:36.386 [main] INFO  o.a.catalina.core.StandardEngine - Starting Servlet engine: [Apache Tomcat/10.1.34]
2025-06-11 11:31:36.449 [main] INFO  o.a.c.c.C.[Tomcat].[localhost].[/] - Initializing Spring embedded WebApplicationContext
2025-06-11 11:31:36.450 [main] INFO  o.s.b.w.s.c.ServletWebServerApplicationContext - Root WebApplicationContext: initialization completed in 1362 ms
2025-06-11 11:31:36.749 [main] INFO  org.mongodb.driver.client - MongoClient with metadata {"driver": {"name": "mongo-java-driver|sync|spring-boot", "version": "5.2.1"}, "os": {"type": "Windows", "name": "Windows 11", "architecture": "amd64", "version": "10.0"}, "platform": "Java/Oracle Corporation/17.0.14+8-LTS-191"} created with settings MongoClientSettings{readPreference=primary, writeConcern=WriteConcern{w=null, wTimeout=null ms, journal=null}, retryWrites=true, retryReads=true, readConcern=ReadConcern{level=null}, credential=null, transportSettings=null, commandListeners=[], codecRegistry=ProvidersCodecRegistry{codecProviders=[ValueCodecProvider{}, BsonValueCodecProvider{}, DBRefCodecProvider{}, DBObjectCodecProvider{}, DocumentCodecProvider{}, CollectionCodecProvider{}, IterableCodecProvider{}, MapCodecProvider{}, GeoJsonCodecProvider{}, GridFSFileCodecProvider{}, Jsr310CodecProvider{}, JsonObjectCodecProvider{}, BsonCodecProvider{}, EnumCodecProvider{}, com.mongodb.client.model.mql.ExpressionCodecProvider@740fefc6, com.mongodb.Jep395RecordCodecProvider@aa61e4e, com.mongodb.KotlinCodecProvider@733e6df7]}, loggerSettings=LoggerSettings{maxDocumentLength=1000}, clusterSettings={hosts=[localhost:27017], srvServiceName=mongodb, mode=SINGLE, requiredClusterType=UNKNOWN, requiredReplicaSetName='null', serverSelector='null', clusterListeners='[]', serverSelectionTimeout='30000 ms', localThreshold='15 ms'}, socketSettings=SocketSettings{connectTimeoutMS=10000, readTimeoutMS=0, receiveBufferSize=0, proxySettings=ProxySettings{host=null, port=null, username=null, password=null}}, heartbeatSocketSettings=SocketSettings{connectTimeoutMS=10000, readTimeoutMS=10000, receiveBufferSize=0, proxySettings=ProxySettings{host=null, port=null, username=null, password=null}}, connectionPoolSettings=ConnectionPoolSettings{maxSize=100, minSize=0, maxWaitTimeMS=120000, maxConnectionLifeTimeMS=0, maxConnectionIdleTimeMS=0, maintenanceInitialDelayMS=0, maintenanceFrequencyMS=60000, connectionPoolListeners=[], maxConnecting=2}, serverSettings=ServerSettings{heartbeatFrequencyMS=10000, minHeartbeatFrequencyMS=500, serverMonitoringMode=AUTO, serverListeners='[]', serverMonitorListeners='[]'}, sslSettings=SslSettings{enabled=false, invalidHostNameAllowed=false, context=null}, applicationName='null', compressorList=[], uuidRepresentation=JAVA_LEGACY, serverApi=null, autoEncryptionSettings=null, dnsClient=null, inetAddressResolver=null, contextProvider=null, timeoutMS=null}
2025-06-11 11:31:36.780 [cluster-ClusterId{value='68491bc043bf3664f6699d02', description='null'}-localhost:27017] INFO  org.mongodb.driver.cluster - Monitor thread successfully connected to server with description ServerDescription{address=localhost:27017, type=STANDALONE, cryptd=false, state=CONNECTED, ok=true, minWireVersion=0, maxWireVersion=25, maxDocumentSize=16777216, logicalSessionTimeoutMinutes=30, roundTripTimeNanos=33831800, minRoundTripTimeNanos=0}
2025-06-11 11:31:37.306 [main] INFO  o.s.b.a.w.s.WelcomePageHandlerMapping - Adding welcome page: class path resource [public/index.html]
2025-06-11 11:31:37.629 [main] INFO  o.a.coyote.http11.Http11NioProtocol - Starting ProtocolHandler ["http-nio-8080"]
2025-06-11 11:31:37.674 [main] INFO  o.s.b.w.e.tomcat.TomcatWebServer - Tomcat started on port 8080 (http) with context path '/'
2025-06-11 11:31:37.689 [main] INFO  c.a.SpringBootDataMongodbApplication - Started SpringBootDataMongodbApplication in 3.233 seconds (process running for 4.412)
2025-06-11 11:31:46.437 [http-nio-8080-exec-2] INFO  o.a.c.c.C.[Tomcat].[localhost].[/] - Initializing Spring DispatcherServlet 'dispatcherServlet'
2025-06-11 11:31:46.438 [http-nio-8080-exec-2] INFO  o.s.web.servlet.DispatcherServlet - Initializing Servlet 'dispatcherServlet'
2025-06-11 11:31:46.442 [http-nio-8080-exec-2] INFO  o.s.web.servlet.DispatcherServlet - Completed initialization in 3 ms
2025-06-11 11:31:46.553 [http-nio-8080-exec-2] INFO  c.av.controller.CustomerController - INFO log
2025-06-11 11:31:46.554 [http-nio-8080-exec-2] WARN  c.av.controller.CustomerController - WARN log
2025-06-11 11:31:46.554 [http-nio-8080-exec-2] ERROR c.av.controller.CustomerController - ERROR log
2025-06-11 11:53:00.549 [http-nio-8080-exec-3] INFO  c.av.controller.CustomerController - INFO log
2025-06-11 11:53:00.560 [http-nio-8080-exec-3] WARN  c.av.controller.CustomerController - WARN log
2025-06-11 11:53:00.561 [http-nio-8080-exec-3] ERROR c.av.controller.CustomerController - ERROR log
2025-06-11 12:05:53.576 [http-nio-8080-exec-4] INFO  c.av.controller.CustomerController - INFO log
2025-06-11 12:05:53.577 [http-nio-8080-exec-4] WARN  c.av.controller.CustomerController - WARN log
2025-06-11 12:05:53.577 [http-nio-8080-exec-4] ERROR c.av.controller.CustomerController - ERROR log
2025-06-11 13:03:31.765 [http-nio-8080-exec-9] INFO  c.av.controller.CustomerController - INFO log
2025-06-11 13:03:31.779 [http-nio-8080-exec-9] WARN  c.av.controller.CustomerController - WARN log
2025-06-11 13:03:31.780 [http-nio-8080-exec-9] ERROR c.av.controller.CustomerController - ERROR log
2025-06-11 13:11:16.128 [http-nio-8080-exec-8] INFO  c.av.controller.CustomerController - INFO log
2025-06-11 13:11:16.131 [http-nio-8080-exec-8] WARN  c.av.controller.CustomerController - WARN log
2025-06-11 13:11:16.131 [http-nio-8080-exec-8] ERROR c.av.controller.CustomerController - ERROR log
2025-06-11 13:58:27.543 [http-nio-8080-exec-2] INFO  c.av.controller.CustomerController - INFO log
2025-06-11 13:58:27.543 [http-nio-8080-exec-2] WARN  c.av.controller.CustomerController - WARN log
2025-06-11 13:58:27.544 [http-nio-8080-exec-2] ERROR c.av.controller.CustomerController - ERROR log
2025-06-11 19:50:51.674 [http-nio-8080-exec-3] INFO  c.av.controller.CustomerController - INFO log
2025-06-11 19:50:51.705 [http-nio-8080-exec-3] WARN  c.av.controller.CustomerController - WARN log
2025-06-11 19:50:51.706 [http-nio-8080-exec-3] ERROR c.av.controller.CustomerController - ERROR log
