2025-06-28 10:32:13.370 [main] INFO  c.a.SpringBootDataMongodbApplication - Starting SpringBootDataMongodbApplication using Java 17.0.14 with PID 30236 (D:\H\av-be\bin\main started by user in D:\H\av-be)
2025-06-28 10:32:13.378 [main] INFO  c.a.SpringBootDataMongodbApplication - No active profile set, falling back to 1 default profile: "default"
2025-06-28 10:32:14.487 [main] INFO  o.s.d.r.c.RepositoryConfigurationDelegate - Bootstrapping Spring Data MongoDB repositories in DEFAULT mode.
2025-06-28 10:32:14.575 [main] INFO  o.s.d.r.c.RepositoryConfigurationDelegate - Finished Spring Data repository scanning in 78 ms. Found 4 MongoDB repository interfaces.
2025-06-28 10:32:15.247 [main] INFO  o.s.b.w.e.tomcat.TomcatWebServer - Tomcat initialized with port 8080 (http)
2025-06-28 10:32:15.264 [main] INFO  o.a.coyote.http11.Http11NioProtocol - Initializing ProtocolHandler ["http-nio-8080"]
2025-06-28 10:32:15.267 [main] INFO  o.a.catalina.core.StandardService - Starting service [Tomcat]
2025-06-28 10:32:15.267 [main] INFO  o.a.catalina.core.StandardEngine - Starting Servlet engine: [Apache Tomcat/10.1.34]
2025-06-28 10:32:15.359 [main] INFO  o.a.c.c.C.[Tomcat].[localhost].[/] - Initializing Spring embedded WebApplicationContext
2025-06-28 10:32:15.359 [main] INFO  o.s.b.w.s.c.ServletWebServerApplicationContext - Root WebApplicationContext: initialization completed in 1899 ms
2025-06-28 10:32:15.818 [main] INFO  org.mongodb.driver.client - MongoClient with metadata {"driver": {"name": "mongo-java-driver|sync|spring-boot", "version": "5.2.1"}, "os": {"type": "Windows", "name": "Windows 11", "architecture": "amd64", "version": "10.0"}, "platform": "Java/Oracle Corporation/17.0.14+8-LTS-191"} created with settings MongoClientSettings{readPreference=primary, writeConcern=WriteConcern{w=null, wTimeout=null ms, journal=null}, retryWrites=true, retryReads=true, readConcern=ReadConcern{level=null}, credential=null, transportSettings=null, commandListeners=[], codecRegistry=ProvidersCodecRegistry{codecProviders=[ValueCodecProvider{}, BsonValueCodecProvider{}, DBRefCodecProvider{}, DBObjectCodecProvider{}, DocumentCodecProvider{}, CollectionCodecProvider{}, IterableCodecProvider{}, MapCodecProvider{}, GeoJsonCodecProvider{}, GridFSFileCodecProvider{}, Jsr310CodecProvider{}, JsonObjectCodecProvider{}, BsonCodecProvider{}, EnumCodecProvider{}, com.mongodb.client.model.mql.ExpressionCodecProvider@4dad8ec0, com.mongodb.Jep395RecordCodecProvider@24dd44f9, com.mongodb.KotlinCodecProvider@ccd341d]}, loggerSettings=LoggerSettings{maxDocumentLength=1000}, clusterSettings={hosts=[localhost:27017], srvServiceName=mongodb, mode=SINGLE, requiredClusterType=UNKNOWN, requiredReplicaSetName='null', serverSelector='null', clusterListeners='[]', serverSelectionTimeout='30000 ms', localThreshold='15 ms'}, socketSettings=SocketSettings{connectTimeoutMS=10000, readTimeoutMS=0, receiveBufferSize=0, proxySettings=ProxySettings{host=null, port=null, username=null, password=null}}, heartbeatSocketSettings=SocketSettings{connectTimeoutMS=10000, readTimeoutMS=10000, receiveBufferSize=0, proxySettings=ProxySettings{host=null, port=null, username=null, password=null}}, connectionPoolSettings=ConnectionPoolSettings{maxSize=100, minSize=0, maxWaitTimeMS=120000, maxConnectionLifeTimeMS=0, maxConnectionIdleTimeMS=0, maintenanceInitialDelayMS=0, maintenanceFrequencyMS=60000, connectionPoolListeners=[], maxConnecting=2}, serverSettings=ServerSettings{heartbeatFrequencyMS=10000, minHeartbeatFrequencyMS=500, serverMonitoringMode=AUTO, serverListeners='[]', serverMonitorListeners='[]'}, sslSettings=SslSettings{enabled=false, invalidHostNameAllowed=false, context=null}, applicationName='null', compressorList=[], uuidRepresentation=JAVA_LEGACY, serverApi=null, autoEncryptionSettings=null, dnsClient=null, inetAddressResolver=null, contextProvider=null, timeoutMS=null}
2025-06-28 10:32:15.850 [cluster-ClusterId{value='685f77579492867bbd72acb2', description='null'}-localhost:27017] INFO  org.mongodb.driver.cluster - Monitor thread successfully connected to server with description ServerDescription{address=localhost:27017, type=STANDALONE, cryptd=false, state=CONNECTED, ok=true, minWireVersion=0, maxWireVersion=25, maxDocumentSize=16777216, logicalSessionTimeoutMinutes=30, roundTripTimeNanos=33345200, minRoundTripTimeNanos=0}
2025-06-28 10:32:18.231 [main] INFO  o.s.b.a.w.s.WelcomePageHandlerMapping - Adding welcome page: class path resource [public/index.html]
2025-06-28 10:32:18.612 [main] INFO  o.a.coyote.http11.Http11NioProtocol - Starting ProtocolHandler ["http-nio-8080"]
2025-06-28 10:32:18.665 [main] INFO  o.s.b.w.e.tomcat.TomcatWebServer - Tomcat started on port 8080 (http) with context path '/'
2025-06-28 10:32:18.679 [main] INFO  c.a.SpringBootDataMongodbApplication - Started SpringBootDataMongodbApplication in 6.272 seconds (process running for 8.178)
2025-06-28 10:32:37.312 [http-nio-8080-exec-1] INFO  o.a.c.c.C.[Tomcat].[localhost].[/] - Initializing Spring DispatcherServlet 'dispatcherServlet'
2025-06-28 10:32:37.313 [http-nio-8080-exec-1] INFO  o.s.web.servlet.DispatcherServlet - Initializing Servlet 'dispatcherServlet'
2025-06-28 10:32:37.315 [http-nio-8080-exec-1] INFO  o.s.web.servlet.DispatcherServlet - Completed initialization in 2 ms
2025-06-28 10:44:01.511 [main] INFO  c.a.SpringBootDataMongodbApplication - Starting SpringBootDataMongodbApplication using Java 17.0.14 with PID 24488 (D:\H\av-be\bin\main started by user in D:\H\av-be)
2025-06-28 10:44:01.516 [main] INFO  c.a.SpringBootDataMongodbApplication - No active profile set, falling back to 1 default profile: "default"
2025-06-28 10:44:02.497 [main] INFO  o.s.d.r.c.RepositoryConfigurationDelegate - Bootstrapping Spring Data MongoDB repositories in DEFAULT mode.
2025-06-28 10:44:02.589 [main] INFO  o.s.d.r.c.RepositoryConfigurationDelegate - Finished Spring Data repository scanning in 78 ms. Found 4 MongoDB repository interfaces.
2025-06-28 10:44:03.209 [main] INFO  o.s.b.w.e.tomcat.TomcatWebServer - Tomcat initialized with port 8080 (http)
2025-06-28 10:44:03.234 [main] INFO  o.a.coyote.http11.Http11NioProtocol - Initializing ProtocolHandler ["http-nio-8080"]
2025-06-28 10:44:03.236 [main] INFO  o.a.catalina.core.StandardService - Starting service [Tomcat]
2025-06-28 10:44:03.236 [main] INFO  o.a.catalina.core.StandardEngine - Starting Servlet engine: [Apache Tomcat/10.1.34]
2025-06-28 10:44:03.313 [main] INFO  o.a.c.c.C.[Tomcat].[localhost].[/] - Initializing Spring embedded WebApplicationContext
2025-06-28 10:44:03.314 [main] INFO  o.s.b.w.s.c.ServletWebServerApplicationContext - Root WebApplicationContext: initialization completed in 1724 ms
2025-06-28 10:44:03.622 [main] INFO  org.mongodb.driver.client - MongoClient with metadata {"driver": {"name": "mongo-java-driver|sync|spring-boot", "version": "5.2.1"}, "os": {"type": "Windows", "name": "Windows 11", "architecture": "amd64", "version": "10.0"}, "platform": "Java/Oracle Corporation/17.0.14+8-LTS-191"} created with settings MongoClientSettings{readPreference=primary, writeConcern=WriteConcern{w=null, wTimeout=null ms, journal=null}, retryWrites=true, retryReads=true, readConcern=ReadConcern{level=null}, credential=null, transportSettings=null, commandListeners=[], codecRegistry=ProvidersCodecRegistry{codecProviders=[ValueCodecProvider{}, BsonValueCodecProvider{}, DBRefCodecProvider{}, DBObjectCodecProvider{}, DocumentCodecProvider{}, CollectionCodecProvider{}, IterableCodecProvider{}, MapCodecProvider{}, GeoJsonCodecProvider{}, GridFSFileCodecProvider{}, Jsr310CodecProvider{}, JsonObjectCodecProvider{}, BsonCodecProvider{}, EnumCodecProvider{}, com.mongodb.client.model.mql.ExpressionCodecProvider@4f1fb828, com.mongodb.Jep395RecordCodecProvider@6ee5f485, com.mongodb.KotlinCodecProvider@20d19f2c]}, loggerSettings=LoggerSettings{maxDocumentLength=1000}, clusterSettings={hosts=[localhost:27017], srvServiceName=mongodb, mode=SINGLE, requiredClusterType=UNKNOWN, requiredReplicaSetName='null', serverSelector='null', clusterListeners='[]', serverSelectionTimeout='30000 ms', localThreshold='15 ms'}, socketSettings=SocketSettings{connectTimeoutMS=10000, readTimeoutMS=0, receiveBufferSize=0, proxySettings=ProxySettings{host=null, port=null, username=null, password=null}}, heartbeatSocketSettings=SocketSettings{connectTimeoutMS=10000, readTimeoutMS=10000, receiveBufferSize=0, proxySettings=ProxySettings{host=null, port=null, username=null, password=null}}, connectionPoolSettings=ConnectionPoolSettings{maxSize=100, minSize=0, maxWaitTimeMS=120000, maxConnectionLifeTimeMS=0, maxConnectionIdleTimeMS=0, maintenanceInitialDelayMS=0, maintenanceFrequencyMS=60000, connectionPoolListeners=[], maxConnecting=2}, serverSettings=ServerSettings{heartbeatFrequencyMS=10000, minHeartbeatFrequencyMS=500, serverMonitoringMode=AUTO, serverListeners='[]', serverMonitorListeners='[]'}, sslSettings=SslSettings{enabled=false, invalidHostNameAllowed=false, context=null}, applicationName='null', compressorList=[], uuidRepresentation=JAVA_LEGACY, serverApi=null, autoEncryptionSettings=null, dnsClient=null, inetAddressResolver=null, contextProvider=null, timeoutMS=null}
2025-06-28 10:44:03.650 [cluster-ClusterId{value='685f7a1bcf6db318ceb9140d', description='null'}-localhost:27017] INFO  org.mongodb.driver.cluster - Monitor thread successfully connected to server with description ServerDescription{address=localhost:27017, type=STANDALONE, cryptd=false, state=CONNECTED, ok=true, minWireVersion=0, maxWireVersion=25, maxDocumentSize=16777216, logicalSessionTimeoutMinutes=30, roundTripTimeNanos=28820300, minRoundTripTimeNanos=0}
2025-06-28 10:44:04.966 [main] INFO  o.s.b.a.w.s.WelcomePageHandlerMapping - Adding welcome page: class path resource [public/index.html]
2025-06-28 10:44:05.383 [main] INFO  o.a.coyote.http11.Http11NioProtocol - Starting ProtocolHandler ["http-nio-8080"]
2025-06-28 10:44:05.425 [main] INFO  o.s.b.w.e.tomcat.TomcatWebServer - Tomcat started on port 8080 (http) with context path '/'
2025-06-28 10:44:05.436 [main] INFO  c.a.SpringBootDataMongodbApplication - Started SpringBootDataMongodbApplication in 5.131 seconds (process running for 7.004)
2025-06-28 10:44:25.891 [http-nio-8080-exec-2] INFO  o.a.c.c.C.[Tomcat].[localhost].[/] - Initializing Spring DispatcherServlet 'dispatcherServlet'
2025-06-28 10:44:25.891 [http-nio-8080-exec-2] INFO  o.s.web.servlet.DispatcherServlet - Initializing Servlet 'dispatcherServlet'
2025-06-28 10:44:25.893 [http-nio-8080-exec-2] INFO  o.s.web.servlet.DispatcherServlet - Completed initialization in 2 ms
2025-06-28 10:45:29.463 [main] INFO  c.a.SpringBootDataMongodbApplication - Starting SpringBootDataMongodbApplication using Java 17.0.14 with PID 27588 (D:\H\av-be\bin\main started by user in D:\H\av-be)
2025-06-28 10:45:29.466 [main] INFO  c.a.SpringBootDataMongodbApplication - No active profile set, falling back to 1 default profile: "default"
2025-06-28 10:45:30.188 [main] INFO  o.s.d.r.c.RepositoryConfigurationDelegate - Bootstrapping Spring Data MongoDB repositories in DEFAULT mode.
2025-06-28 10:45:30.280 [main] INFO  o.s.d.r.c.RepositoryConfigurationDelegate - Finished Spring Data repository scanning in 84 ms. Found 4 MongoDB repository interfaces.
2025-06-28 10:45:30.809 [main] INFO  o.s.b.w.e.tomcat.TomcatWebServer - Tomcat initialized with port 8080 (http)
2025-06-28 10:45:30.825 [main] INFO  o.a.coyote.http11.Http11NioProtocol - Initializing ProtocolHandler ["http-nio-8080"]
2025-06-28 10:45:30.827 [main] INFO  o.a.catalina.core.StandardService - Starting service [Tomcat]
2025-06-28 10:45:30.827 [main] INFO  o.a.catalina.core.StandardEngine - Starting Servlet engine: [Apache Tomcat/10.1.34]
2025-06-28 10:45:30.893 [main] INFO  o.a.c.c.C.[Tomcat].[localhost].[/] - Initializing Spring embedded WebApplicationContext
2025-06-28 10:45:30.894 [main] INFO  o.s.b.w.s.c.ServletWebServerApplicationContext - Root WebApplicationContext: initialization completed in 1372 ms
2025-06-28 10:45:31.135 [main] INFO  org.mongodb.driver.client - MongoClient with metadata {"driver": {"name": "mongo-java-driver|sync|spring-boot", "version": "5.2.1"}, "os": {"type": "Windows", "name": "Windows 11", "architecture": "amd64", "version": "10.0"}, "platform": "Java/Oracle Corporation/17.0.14+8-LTS-191"} created with settings MongoClientSettings{readPreference=primary, writeConcern=WriteConcern{w=null, wTimeout=null ms, journal=null}, retryWrites=true, retryReads=true, readConcern=ReadConcern{level=null}, credential=null, transportSettings=null, commandListeners=[], codecRegistry=ProvidersCodecRegistry{codecProviders=[ValueCodecProvider{}, BsonValueCodecProvider{}, DBRefCodecProvider{}, DBObjectCodecProvider{}, DocumentCodecProvider{}, CollectionCodecProvider{}, IterableCodecProvider{}, MapCodecProvider{}, GeoJsonCodecProvider{}, GridFSFileCodecProvider{}, Jsr310CodecProvider{}, JsonObjectCodecProvider{}, BsonCodecProvider{}, EnumCodecProvider{}, com.mongodb.client.model.mql.ExpressionCodecProvider@62ade015, com.mongodb.Jep395RecordCodecProvider@70ede57d, com.mongodb.KotlinCodecProvider@70997a94]}, loggerSettings=LoggerSettings{maxDocumentLength=1000}, clusterSettings={hosts=[localhost:27017], srvServiceName=mongodb, mode=SINGLE, requiredClusterType=UNKNOWN, requiredReplicaSetName='null', serverSelector='null', clusterListeners='[]', serverSelectionTimeout='30000 ms', localThreshold='15 ms'}, socketSettings=SocketSettings{connectTimeoutMS=10000, readTimeoutMS=0, receiveBufferSize=0, proxySettings=ProxySettings{host=null, port=null, username=null, password=null}}, heartbeatSocketSettings=SocketSettings{connectTimeoutMS=10000, readTimeoutMS=10000, receiveBufferSize=0, proxySettings=ProxySettings{host=null, port=null, username=null, password=null}}, connectionPoolSettings=ConnectionPoolSettings{maxSize=100, minSize=0, maxWaitTimeMS=120000, maxConnectionLifeTimeMS=0, maxConnectionIdleTimeMS=0, maintenanceInitialDelayMS=0, maintenanceFrequencyMS=60000, connectionPoolListeners=[], maxConnecting=2}, serverSettings=ServerSettings{heartbeatFrequencyMS=10000, minHeartbeatFrequencyMS=500, serverMonitoringMode=AUTO, serverListeners='[]', serverMonitorListeners='[]'}, sslSettings=SslSettings{enabled=false, invalidHostNameAllowed=false, context=null}, applicationName='null', compressorList=[], uuidRepresentation=JAVA_LEGACY, serverApi=null, autoEncryptionSettings=null, dnsClient=null, inetAddressResolver=null, contextProvider=null, timeoutMS=null}
2025-06-28 10:45:31.155 [cluster-ClusterId{value='685f7a735e9abf6298c16820', description='null'}-localhost:27017] INFO  org.mongodb.driver.cluster - Monitor thread successfully connected to server with description ServerDescription{address=localhost:27017, type=STANDALONE, cryptd=false, state=CONNECTED, ok=true, minWireVersion=0, maxWireVersion=25, maxDocumentSize=16777216, logicalSessionTimeoutMinutes=30, roundTripTimeNanos=22464900, minRoundTripTimeNanos=0}
2025-06-28 10:45:31.831 [main] INFO  o.s.b.a.w.s.WelcomePageHandlerMapping - Adding welcome page: class path resource [public/index.html]
2025-06-28 10:45:32.315 [main] INFO  o.a.coyote.http11.Http11NioProtocol - Starting ProtocolHandler ["http-nio-8080"]
2025-06-28 10:45:32.380 [main] INFO  o.s.b.w.e.tomcat.TomcatWebServer - Tomcat started on port 8080 (http) with context path '/'
2025-06-28 10:45:32.404 [main] INFO  c.a.SpringBootDataMongodbApplication - Started SpringBootDataMongodbApplication in 3.569 seconds (process running for 4.43)
2025-06-28 10:47:17.422 [http-nio-8080-exec-1] INFO  o.a.c.c.C.[Tomcat].[localhost].[/] - Initializing Spring DispatcherServlet 'dispatcherServlet'
2025-06-28 10:47:17.423 [http-nio-8080-exec-1] INFO  o.s.web.servlet.DispatcherServlet - Initializing Servlet 'dispatcherServlet'
2025-06-28 10:47:17.435 [http-nio-8080-exec-1] INFO  o.s.web.servlet.DispatcherServlet - Completed initialization in 10 ms
2025-06-28 10:59:47.421 [main] INFO  c.a.SpringBootDataMongodbApplication - Starting SpringBootDataMongodbApplication using Java 17.0.14 with PID 34664 (D:\H\av-be\bin\main started by user in D:\H\av-be)
2025-06-28 10:59:47.426 [main] INFO  c.a.SpringBootDataMongodbApplication - No active profile set, falling back to 1 default profile: "default"
2025-06-28 10:59:48.498 [main] INFO  o.s.d.r.c.RepositoryConfigurationDelegate - Bootstrapping Spring Data MongoDB repositories in DEFAULT mode.
2025-06-28 10:59:48.588 [main] INFO  o.s.d.r.c.RepositoryConfigurationDelegate - Finished Spring Data repository scanning in 80 ms. Found 4 MongoDB repository interfaces.
2025-06-28 10:59:49.690 [main] INFO  o.s.b.w.e.tomcat.TomcatWebServer - Tomcat initialized with port 8080 (http)
2025-06-28 10:59:49.716 [main] INFO  o.a.coyote.http11.Http11NioProtocol - Initializing ProtocolHandler ["http-nio-8080"]
2025-06-28 10:59:49.721 [main] INFO  o.a.catalina.core.StandardService - Starting service [Tomcat]
2025-06-28 10:59:49.722 [main] INFO  o.a.catalina.core.StandardEngine - Starting Servlet engine: [Apache Tomcat/10.1.34]
2025-06-28 10:59:49.889 [main] INFO  o.a.c.c.C.[Tomcat].[localhost].[/] - Initializing Spring embedded WebApplicationContext
2025-06-28 10:59:49.889 [main] INFO  o.s.b.w.s.c.ServletWebServerApplicationContext - Root WebApplicationContext: initialization completed in 2376 ms
2025-06-28 10:59:51.670 [main] INFO  org.mongodb.driver.client - MongoClient with metadata {"driver": {"name": "mongo-java-driver|sync|spring-boot", "version": "5.2.1"}, "os": {"type": "Windows", "name": "Windows 11", "architecture": "amd64", "version": "10.0"}, "platform": "Java/Oracle Corporation/17.0.14+8-LTS-191"} created with settings MongoClientSettings{readPreference=primary, writeConcern=WriteConcern{w=null, wTimeout=null ms, journal=null}, retryWrites=true, retryReads=true, readConcern=ReadConcern{level=null}, credential=null, transportSettings=null, commandListeners=[], codecRegistry=ProvidersCodecRegistry{codecProviders=[ValueCodecProvider{}, BsonValueCodecProvider{}, DBRefCodecProvider{}, DBObjectCodecProvider{}, DocumentCodecProvider{}, CollectionCodecProvider{}, IterableCodecProvider{}, MapCodecProvider{}, GeoJsonCodecProvider{}, GridFSFileCodecProvider{}, Jsr310CodecProvider{}, JsonObjectCodecProvider{}, BsonCodecProvider{}, EnumCodecProvider{}, com.mongodb.client.model.mql.ExpressionCodecProvider@738a5848, com.mongodb.Jep395RecordCodecProvider@487cd177, com.mongodb.KotlinCodecProvider@324b6a56]}, loggerSettings=LoggerSettings{maxDocumentLength=1000}, clusterSettings={hosts=[localhost:27017], srvServiceName=mongodb, mode=SINGLE, requiredClusterType=UNKNOWN, requiredReplicaSetName='null', serverSelector='null', clusterListeners='[]', serverSelectionTimeout='30000 ms', localThreshold='15 ms'}, socketSettings=SocketSettings{connectTimeoutMS=10000, readTimeoutMS=0, receiveBufferSize=0, proxySettings=ProxySettings{host=null, port=null, username=null, password=null}}, heartbeatSocketSettings=SocketSettings{connectTimeoutMS=10000, readTimeoutMS=10000, receiveBufferSize=0, proxySettings=ProxySettings{host=null, port=null, username=null, password=null}}, connectionPoolSettings=ConnectionPoolSettings{maxSize=100, minSize=0, maxWaitTimeMS=120000, maxConnectionLifeTimeMS=0, maxConnectionIdleTimeMS=0, maintenanceInitialDelayMS=0, maintenanceFrequencyMS=60000, connectionPoolListeners=[], maxConnecting=2}, serverSettings=ServerSettings{heartbeatFrequencyMS=10000, minHeartbeatFrequencyMS=500, serverMonitoringMode=AUTO, serverListeners='[]', serverMonitorListeners='[]'}, sslSettings=SslSettings{enabled=false, invalidHostNameAllowed=false, context=null}, applicationName='null', compressorList=[], uuidRepresentation=JAVA_LEGACY, serverApi=null, autoEncryptionSettings=null, dnsClient=null, inetAddressResolver=null, contextProvider=null, timeoutMS=null}
2025-06-28 10:59:52.395 [cluster-ClusterId{value='685f7dce7ec9f1291b7e3aa5', description='null'}-localhost:27017] INFO  org.mongodb.driver.cluster - Monitor thread successfully connected to server with description ServerDescription{address=localhost:27017, type=STANDALONE, cryptd=false, state=CONNECTED, ok=true, minWireVersion=0, maxWireVersion=25, maxDocumentSize=16777216, logicalSessionTimeoutMinutes=30, roundTripTimeNanos=613847300, minRoundTripTimeNanos=0}
2025-06-28 10:59:58.396 [main] INFO  o.s.b.a.w.s.WelcomePageHandlerMapping - Adding welcome page: class path resource [public/index.html]
2025-06-28 10:59:58.786 [main] INFO  o.a.coyote.http11.Http11NioProtocol - Starting ProtocolHandler ["http-nio-8080"]
2025-06-28 10:59:58.829 [main] INFO  o.s.b.w.e.tomcat.TomcatWebServer - Tomcat started on port 8080 (http) with context path '/'
2025-06-28 10:59:58.839 [main] INFO  c.a.SpringBootDataMongodbApplication - Started SpringBootDataMongodbApplication in 15.919 seconds (process running for 17.014)
2025-06-28 10:59:58.914 [http-nio-8080-exec-2] INFO  o.a.c.c.C.[Tomcat].[localhost].[/] - Initializing Spring DispatcherServlet 'dispatcherServlet'
2025-06-28 10:59:58.914 [http-nio-8080-exec-2] INFO  o.s.web.servlet.DispatcherServlet - Initializing Servlet 'dispatcherServlet'
2025-06-28 10:59:58.917 [http-nio-8080-exec-2] INFO  o.s.web.servlet.DispatcherServlet - Completed initialization in 3 ms
2025-06-28 11:16:59.938 [http-nio-8080-exec-4] INFO  c.av.controller.CustomerController - INFO log
2025-06-28 11:16:59.961 [http-nio-8080-exec-4] WARN  c.av.controller.CustomerController - WARN log
2025-06-28 11:16:59.962 [http-nio-8080-exec-4] ERROR c.av.controller.CustomerController - ERROR log
2025-06-28 11:19:57.959 [http-nio-8080-exec-9] INFO  c.av.controller.CustomerController - INFO log
2025-06-28 11:19:57.969 [http-nio-8080-exec-9] WARN  c.av.controller.CustomerController - WARN log
2025-06-28 11:19:57.969 [http-nio-8080-exec-9] ERROR c.av.controller.CustomerController - ERROR log
2025-06-28 11:23:27.572 [http-nio-8080-exec-4] INFO  c.av.controller.CustomerController - INFO log
2025-06-28 11:23:27.573 [http-nio-8080-exec-4] WARN  c.av.controller.CustomerController - WARN log
2025-06-28 11:23:27.573 [http-nio-8080-exec-4] ERROR c.av.controller.CustomerController - ERROR log
2025-06-28 11:44:27.577 [main] INFO  c.a.SpringBootDataMongodbApplication - Starting SpringBootDataMongodbApplication using Java 17.0.14 with PID 23124 (D:\H\av-be\bin\main started by user in D:\H\av-be)
2025-06-28 11:44:27.581 [main] INFO  c.a.SpringBootDataMongodbApplication - No active profile set, falling back to 1 default profile: "default"
2025-06-28 11:44:28.451 [main] INFO  o.s.d.r.c.RepositoryConfigurationDelegate - Bootstrapping Spring Data MongoDB repositories in DEFAULT mode.
2025-06-28 11:44:28.533 [main] INFO  o.s.d.r.c.RepositoryConfigurationDelegate - Finished Spring Data repository scanning in 73 ms. Found 4 MongoDB repository interfaces.
2025-06-28 11:44:29.294 [main] INFO  o.s.b.w.e.tomcat.TomcatWebServer - Tomcat initialized with port 8080 (http)
2025-06-28 11:44:29.325 [main] INFO  o.a.coyote.http11.Http11NioProtocol - Initializing ProtocolHandler ["http-nio-8080"]
2025-06-28 11:44:29.329 [main] INFO  o.a.catalina.core.StandardService - Starting service [Tomcat]
2025-06-28 11:44:29.329 [main] INFO  o.a.catalina.core.StandardEngine - Starting Servlet engine: [Apache Tomcat/10.1.34]
2025-06-28 11:44:29.461 [main] INFO  o.a.c.c.C.[Tomcat].[localhost].[/] - Initializing Spring embedded WebApplicationContext
2025-06-28 11:44:29.462 [main] INFO  o.s.b.w.s.c.ServletWebServerApplicationContext - Root WebApplicationContext: initialization completed in 1816 ms
2025-06-28 11:44:29.936 [main] INFO  org.mongodb.driver.client - MongoClient with metadata {"driver": {"name": "mongo-java-driver|sync|spring-boot", "version": "5.2.1"}, "os": {"type": "Windows", "name": "Windows 11", "architecture": "amd64", "version": "10.0"}, "platform": "Java/Oracle Corporation/17.0.14+8-LTS-191"} created with settings MongoClientSettings{readPreference=primary, writeConcern=WriteConcern{w=null, wTimeout=null ms, journal=null}, retryWrites=true, retryReads=true, readConcern=ReadConcern{level=null}, credential=null, transportSettings=null, commandListeners=[], codecRegistry=ProvidersCodecRegistry{codecProviders=[ValueCodecProvider{}, BsonValueCodecProvider{}, DBRefCodecProvider{}, DBObjectCodecProvider{}, DocumentCodecProvider{}, CollectionCodecProvider{}, IterableCodecProvider{}, MapCodecProvider{}, GeoJsonCodecProvider{}, GridFSFileCodecProvider{}, Jsr310CodecProvider{}, JsonObjectCodecProvider{}, BsonCodecProvider{}, EnumCodecProvider{}, com.mongodb.client.model.mql.ExpressionCodecProvider@61f377d1, com.mongodb.Jep395RecordCodecProvider@6c538eb2, com.mongodb.KotlinCodecProvider@738a5848]}, loggerSettings=LoggerSettings{maxDocumentLength=1000}, clusterSettings={hosts=[localhost:27017], srvServiceName=mongodb, mode=SINGLE, requiredClusterType=UNKNOWN, requiredReplicaSetName='null', serverSelector='null', clusterListeners='[]', serverSelectionTimeout='30000 ms', localThreshold='15 ms'}, socketSettings=SocketSettings{connectTimeoutMS=10000, readTimeoutMS=0, receiveBufferSize=0, proxySettings=ProxySettings{host=null, port=null, username=null, password=null}}, heartbeatSocketSettings=SocketSettings{connectTimeoutMS=10000, readTimeoutMS=10000, receiveBufferSize=0, proxySettings=ProxySettings{host=null, port=null, username=null, password=null}}, connectionPoolSettings=ConnectionPoolSettings{maxSize=100, minSize=0, maxWaitTimeMS=120000, maxConnectionLifeTimeMS=0, maxConnectionIdleTimeMS=0, maintenanceInitialDelayMS=0, maintenanceFrequencyMS=60000, connectionPoolListeners=[], maxConnecting=2}, serverSettings=ServerSettings{heartbeatFrequencyMS=10000, minHeartbeatFrequencyMS=500, serverMonitoringMode=AUTO, serverListeners='[]', serverMonitorListeners='[]'}, sslSettings=SslSettings{enabled=false, invalidHostNameAllowed=false, context=null}, applicationName='null', compressorList=[], uuidRepresentation=JAVA_LEGACY, serverApi=null, autoEncryptionSettings=null, dnsClient=null, inetAddressResolver=null, contextProvider=null, timeoutMS=null}
2025-06-28 11:44:29.960 [cluster-ClusterId{value='685f8845677d6307aaaee097', description='null'}-localhost:27017] INFO  org.mongodb.driver.cluster - Monitor thread successfully connected to server with description ServerDescription{address=localhost:27017, type=STANDALONE, cryptd=false, state=CONNECTED, ok=true, minWireVersion=0, maxWireVersion=25, maxDocumentSize=16777216, logicalSessionTimeoutMinutes=30, roundTripTimeNanos=26420700, minRoundTripTimeNanos=0}
2025-06-28 11:44:30.777 [main] INFO  o.s.b.a.w.s.WelcomePageHandlerMapping - Adding welcome page: class path resource [public/index.html]
2025-06-28 11:44:31.145 [main] INFO  o.a.coyote.http11.Http11NioProtocol - Starting ProtocolHandler ["http-nio-8080"]
2025-06-28 11:44:31.191 [main] INFO  o.s.b.w.e.tomcat.TomcatWebServer - Tomcat started on port 8080 (http) with context path '/'
2025-06-28 11:44:31.202 [main] INFO  c.a.SpringBootDataMongodbApplication - Started SpringBootDataMongodbApplication in 4.365 seconds (process running for 5.579)
2025-06-28 11:45:01.614 [http-nio-8080-exec-2] INFO  o.a.c.c.C.[Tomcat].[localhost].[/] - Initializing Spring DispatcherServlet 'dispatcherServlet'
2025-06-28 11:45:01.614 [http-nio-8080-exec-2] INFO  o.s.web.servlet.DispatcherServlet - Initializing Servlet 'dispatcherServlet'
2025-06-28 11:45:01.617 [http-nio-8080-exec-2] INFO  o.s.web.servlet.DispatcherServlet - Completed initialization in 2 ms
2025-06-28 11:45:11.141 [http-nio-8080-exec-1] INFO  c.av.controller.CustomerController - INFO log
2025-06-28 11:45:11.141 [http-nio-8080-exec-1] WARN  c.av.controller.CustomerController - WARN log
2025-06-28 11:45:11.142 [http-nio-8080-exec-1] ERROR c.av.controller.CustomerController - ERROR log
2025-06-28 11:46:54.792 [http-nio-8080-exec-5] INFO  c.av.controller.CustomerController - INFO log
2025-06-28 11:46:54.792 [http-nio-8080-exec-5] WARN  c.av.controller.CustomerController - WARN log
2025-06-28 11:46:54.793 [http-nio-8080-exec-5] ERROR c.av.controller.CustomerController - ERROR log
2025-06-28 12:03:47.559 [http-nio-8080-exec-8] INFO  c.av.controller.CustomerController - INFO log
2025-06-28 12:03:47.582 [http-nio-8080-exec-8] WARN  c.av.controller.CustomerController - WARN log
2025-06-28 12:03:47.582 [http-nio-8080-exec-8] ERROR c.av.controller.CustomerController - ERROR log
2025-06-28 12:06:53.145 [http-nio-8080-exec-5] INFO  c.av.controller.CustomerController - INFO log
2025-06-28 12:06:53.154 [http-nio-8080-exec-5] WARN  c.av.controller.CustomerController - WARN log
2025-06-28 12:06:53.154 [http-nio-8080-exec-5] ERROR c.av.controller.CustomerController - ERROR log
2025-06-28 12:15:02.928 [http-nio-8080-exec-9] INFO  c.av.controller.CustomerController - INFO log
2025-06-28 12:15:02.936 [http-nio-8080-exec-9] WARN  c.av.controller.CustomerController - WARN log
2025-06-28 12:15:02.936 [http-nio-8080-exec-9] ERROR c.av.controller.CustomerController - ERROR log
2025-06-28 12:19:06.608 [http-nio-8080-exec-8] INFO  c.av.controller.CustomerController - INFO log
2025-06-28 12:19:06.609 [http-nio-8080-exec-8] WARN  c.av.controller.CustomerController - WARN log
2025-06-28 12:19:06.609 [http-nio-8080-exec-8] ERROR c.av.controller.CustomerController - ERROR log
2025-06-28 12:20:07.583 [http-nio-8080-exec-9] INFO  c.av.controller.CustomerController - INFO log
2025-06-28 12:20:07.583 [http-nio-8080-exec-9] WARN  c.av.controller.CustomerController - WARN log
2025-06-28 12:20:07.583 [http-nio-8080-exec-9] ERROR c.av.controller.CustomerController - ERROR log
2025-06-28 12:20:32.716 [http-nio-8080-exec-1] INFO  c.av.controller.CustomerController - INFO log
2025-06-28 12:20:32.716 [http-nio-8080-exec-1] WARN  c.av.controller.CustomerController - WARN log
2025-06-28 12:20:32.717 [http-nio-8080-exec-1] ERROR c.av.controller.CustomerController - ERROR log
2025-06-28 12:22:12.375 [http-nio-8080-exec-8] INFO  c.av.controller.CustomerController - INFO log
2025-06-28 12:22:12.376 [http-nio-8080-exec-8] WARN  c.av.controller.CustomerController - WARN log
2025-06-28 12:22:12.376 [http-nio-8080-exec-8] ERROR c.av.controller.CustomerController - ERROR log
2025-06-28 12:24:56.042 [http-nio-8080-exec-5] INFO  c.av.controller.CustomerController - INFO log
2025-06-28 12:24:56.043 [http-nio-8080-exec-5] WARN  c.av.controller.CustomerController - WARN log
2025-06-28 12:24:56.043 [http-nio-8080-exec-5] ERROR c.av.controller.CustomerController - ERROR log
2025-06-28 12:26:58.223 [http-nio-8080-exec-3] INFO  c.av.controller.CustomerController - INFO log
2025-06-28 12:26:58.224 [http-nio-8080-exec-3] WARN  c.av.controller.CustomerController - WARN log
2025-06-28 12:26:58.224 [http-nio-8080-exec-3] ERROR c.av.controller.CustomerController - ERROR log
2025-06-28 12:29:27.036 [http-nio-8080-exec-6] INFO  c.av.controller.CustomerController - INFO log
2025-06-28 12:29:27.037 [http-nio-8080-exec-6] WARN  c.av.controller.CustomerController - WARN log
2025-06-28 12:29:27.037 [http-nio-8080-exec-6] ERROR c.av.controller.CustomerController - ERROR log
2025-06-28 12:33:17.164 [http-nio-8080-exec-7] INFO  c.av.controller.CustomerController - INFO log
2025-06-28 12:33:17.172 [http-nio-8080-exec-7] WARN  c.av.controller.CustomerController - WARN log
2025-06-28 12:33:17.173 [http-nio-8080-exec-7] ERROR c.av.controller.CustomerController - ERROR log
2025-06-28 12:34:58.729 [http-nio-8080-exec-6] INFO  c.av.controller.CustomerController - INFO log
2025-06-28 12:34:58.730 [http-nio-8080-exec-6] WARN  c.av.controller.CustomerController - WARN log
2025-06-28 12:34:58.731 [http-nio-8080-exec-6] ERROR c.av.controller.CustomerController - ERROR log
2025-06-28 12:36:14.703 [http-nio-8080-exec-4] INFO  c.av.controller.CustomerController - INFO log
2025-06-28 12:36:14.704 [http-nio-8080-exec-4] WARN  c.av.controller.CustomerController - WARN log
2025-06-28 12:36:14.704 [http-nio-8080-exec-4] ERROR c.av.controller.CustomerController - ERROR log
2025-06-28 12:36:47.937 [http-nio-8080-exec-1] INFO  c.av.controller.CustomerController - INFO log
2025-06-28 12:36:47.938 [http-nio-8080-exec-1] WARN  c.av.controller.CustomerController - WARN log
2025-06-28 12:36:47.938 [http-nio-8080-exec-1] ERROR c.av.controller.CustomerController - ERROR log
2025-06-28 12:37:43.839 [http-nio-8080-exec-10] INFO  c.av.controller.CustomerController - INFO log
2025-06-28 12:37:43.839 [http-nio-8080-exec-10] WARN  c.av.controller.CustomerController - WARN log
2025-06-28 12:37:43.840 [http-nio-8080-exec-10] ERROR c.av.controller.CustomerController - ERROR log
2025-06-28 12:45:49.230 [http-nio-8080-exec-4] INFO  c.av.controller.CustomerController - INFO log
2025-06-28 12:45:49.237 [http-nio-8080-exec-4] WARN  c.av.controller.CustomerController - WARN log
2025-06-28 12:45:49.237 [http-nio-8080-exec-4] ERROR c.av.controller.CustomerController - ERROR log
2025-06-28 12:46:41.934 [http-nio-8080-exec-1] INFO  c.av.controller.CustomerController - INFO log
2025-06-28 12:46:41.935 [http-nio-8080-exec-1] WARN  c.av.controller.CustomerController - WARN log
2025-06-28 12:46:41.936 [http-nio-8080-exec-1] ERROR c.av.controller.CustomerController - ERROR log
2025-06-28 12:47:03.922 [http-nio-8080-exec-10] INFO  c.av.controller.CustomerController - INFO log
2025-06-28 12:47:03.922 [http-nio-8080-exec-10] WARN  c.av.controller.CustomerController - WARN log
2025-06-28 12:47:03.922 [http-nio-8080-exec-10] ERROR c.av.controller.CustomerController - ERROR log
2025-06-28 12:47:24.127 [http-nio-8080-exec-2] INFO  c.av.controller.CustomerController - INFO log
2025-06-28 12:47:24.127 [http-nio-8080-exec-2] WARN  c.av.controller.CustomerController - WARN log
2025-06-28 12:47:24.127 [http-nio-8080-exec-2] ERROR c.av.controller.CustomerController - ERROR log
2025-06-28 12:47:55.824 [http-nio-8080-exec-7] INFO  c.av.controller.CustomerController - INFO log
2025-06-28 12:47:55.824 [http-nio-8080-exec-7] WARN  c.av.controller.CustomerController - WARN log
2025-06-28 12:47:55.824 [http-nio-8080-exec-7] ERROR c.av.controller.CustomerController - ERROR log
2025-06-28 12:50:59.217 [http-nio-8080-exec-9] INFO  c.av.controller.CustomerController - INFO log
2025-06-28 12:50:59.222 [http-nio-8080-exec-9] WARN  c.av.controller.CustomerController - WARN log
2025-06-28 12:50:59.223 [http-nio-8080-exec-9] ERROR c.av.controller.CustomerController - ERROR log
2025-06-28 13:07:39.474 [http-nio-8080-exec-2] INFO  c.av.controller.CustomerController - INFO log
2025-06-28 13:07:39.497 [http-nio-8080-exec-2] WARN  c.av.controller.CustomerController - WARN log
2025-06-28 13:07:39.498 [http-nio-8080-exec-2] ERROR c.av.controller.CustomerController - ERROR log
2025-06-28 13:08:34.545 [http-nio-8080-exec-7] INFO  c.av.controller.CustomerController - INFO log
2025-06-28 13:08:34.545 [http-nio-8080-exec-7] WARN  c.av.controller.CustomerController - WARN log
2025-06-28 13:08:34.545 [http-nio-8080-exec-7] ERROR c.av.controller.CustomerController - ERROR log
2025-06-28 13:12:55.603 [http-nio-8080-exec-9] INFO  c.av.controller.CustomerController - INFO log
2025-06-28 13:12:55.622 [http-nio-8080-exec-9] WARN  c.av.controller.CustomerController - WARN log
2025-06-28 13:12:55.622 [http-nio-8080-exec-9] ERROR c.av.controller.CustomerController - ERROR log
2025-06-28 13:14:16.206 [http-nio-8080-exec-8] INFO  c.av.controller.CustomerController - INFO log
2025-06-28 13:14:16.208 [http-nio-8080-exec-8] WARN  c.av.controller.CustomerController - WARN log
2025-06-28 13:14:16.208 [http-nio-8080-exec-8] ERROR c.av.controller.CustomerController - ERROR log
