2025-06-30 10:21:04.761 [main] INFO  c.a.SpringBootDataMongodbApplication - Starting SpringBootDataMongodbApplication using Java 17.0.14 with PID 19248 (D:\H\av-be\bin\main started by user in D:\H\av-be)
2025-06-30 10:21:04.776 [main] INFO  c.a.SpringBootDataMongodbApplication - No active profile set, falling back to 1 default profile: "default"
2025-06-30 10:21:07.642 [main] INFO  o.s.d.r.c.RepositoryConfigurationDelegate - Bootstrapping Spring Data MongoDB repositories in DEFAULT mode.
2025-06-30 10:21:08.085 [main] INFO  o.s.d.r.c.RepositoryConfigurationDelegate - Finished Spring Data repository scanning in 389 ms. Found 4 MongoDB repository interfaces.
2025-06-30 10:21:09.740 [main] INFO  o.s.b.w.e.tomcat.TomcatWebServer - Tomcat initialized with port 8080 (http)
2025-06-30 10:21:09.775 [main] INFO  o.a.coyote.http11.Http11NioProtocol - Initializing ProtocolHandler ["http-nio-8080"]
2025-06-30 10:21:09.786 [main] INFO  o.a.catalina.core.StandardService - Starting service [Tomcat]
2025-06-30 10:21:09.787 [main] INFO  o.a.catalina.core.StandardEngine - Starting Servlet engine: [Apache Tomcat/10.1.34]
2025-06-30 10:21:09.956 [main] INFO  o.a.c.c.C.[Tomcat].[localhost].[/] - Initializing Spring embedded WebApplicationContext
2025-06-30 10:21:09.957 [main] INFO  o.s.b.w.s.c.ServletWebServerApplicationContext - Root WebApplicationContext: initialization completed in 4785 ms
2025-06-30 10:21:10.589 [main] INFO  org.mongodb.driver.client - MongoClient with metadata {"driver": {"name": "mongo-java-driver|sync|spring-boot", "version": "5.2.1"}, "os": {"type": "Windows", "name": "Windows 11", "architecture": "amd64", "version": "10.0"}, "platform": "Java/Oracle Corporation/17.0.14+8-LTS-191"} created with settings MongoClientSettings{readPreference=primary, writeConcern=WriteConcern{w=null, wTimeout=null ms, journal=null}, retryWrites=true, retryReads=true, readConcern=ReadConcern{level=null}, credential=null, transportSettings=null, commandListeners=[], codecRegistry=ProvidersCodecRegistry{codecProviders=[ValueCodecProvider{}, BsonValueCodecProvider{}, DBRefCodecProvider{}, DBObjectCodecProvider{}, DocumentCodecProvider{}, CollectionCodecProvider{}, IterableCodecProvider{}, MapCodecProvider{}, GeoJsonCodecProvider{}, GridFSFileCodecProvider{}, Jsr310CodecProvider{}, JsonObjectCodecProvider{}, BsonCodecProvider{}, EnumCodecProvider{}, com.mongodb.client.model.mql.ExpressionCodecProvider@437bd805, com.mongodb.Jep395RecordCodecProvider@4b88ca8e, com.mongodb.KotlinCodecProvider@6fa02932]}, loggerSettings=LoggerSettings{maxDocumentLength=1000}, clusterSettings={hosts=[localhost:27017], srvServiceName=mongodb, mode=SINGLE, requiredClusterType=UNKNOWN, requiredReplicaSetName='null', serverSelector='null', clusterListeners='[]', serverSelectionTimeout='30000 ms', localThreshold='15 ms'}, socketSettings=SocketSettings{connectTimeoutMS=10000, readTimeoutMS=0, receiveBufferSize=0, proxySettings=ProxySettings{host=null, port=null, username=null, password=null}}, heartbeatSocketSettings=SocketSettings{connectTimeoutMS=10000, readTimeoutMS=10000, receiveBufferSize=0, proxySettings=ProxySettings{host=null, port=null, username=null, password=null}}, connectionPoolSettings=ConnectionPoolSettings{maxSize=100, minSize=0, maxWaitTimeMS=120000, maxConnectionLifeTimeMS=0, maxConnectionIdleTimeMS=0, maintenanceInitialDelayMS=0, maintenanceFrequencyMS=60000, connectionPoolListeners=[], maxConnecting=2}, serverSettings=ServerSettings{heartbeatFrequencyMS=10000, minHeartbeatFrequencyMS=500, serverMonitoringMode=AUTO, serverListeners='[]', serverMonitorListeners='[]'}, sslSettings=SslSettings{enabled=false, invalidHostNameAllowed=false, context=null}, applicationName='null', compressorList=[], uuidRepresentation=JAVA_LEGACY, serverApi=null, autoEncryptionSettings=null, dnsClient=null, inetAddressResolver=null, contextProvider=null, timeoutMS=null}
2025-06-30 10:21:10.648 [cluster-ClusterId{value='686217be0a89f6446b472e6d', description='null'}-localhost:27017] INFO  org.mongodb.driver.cluster - Monitor thread successfully connected to server with description ServerDescription{address=localhost:27017, type=STANDALONE, cryptd=false, state=CONNECTED, ok=true, minWireVersion=0, maxWireVersion=25, maxDocumentSize=16777216, logicalSessionTimeoutMinutes=30, roundTripTimeNanos=73039500, minRoundTripTimeNanos=0}
2025-06-30 10:21:12.383 [main] INFO  o.s.b.a.w.s.WelcomePageHandlerMapping - Adding welcome page: class path resource [public/index.html]
2025-06-30 10:21:13.318 [main] INFO  o.a.coyote.http11.Http11NioProtocol - Starting ProtocolHandler ["http-nio-8080"]
2025-06-30 10:21:13.390 [main] INFO  o.s.b.w.e.tomcat.TomcatWebServer - Tomcat started on port 8080 (http) with context path '/'
2025-06-30 10:21:13.412 [main] INFO  c.a.SpringBootDataMongodbApplication - Started SpringBootDataMongodbApplication in 10.802 seconds (process running for 12.903)
2025-06-30 10:46:38.157 [http-nio-8080-exec-1] INFO  o.a.c.c.C.[Tomcat].[localhost].[/] - Initializing Spring DispatcherServlet 'dispatcherServlet'
2025-06-30 10:46:38.160 [http-nio-8080-exec-1] INFO  o.s.web.servlet.DispatcherServlet - Initializing Servlet 'dispatcherServlet'
2025-06-30 10:46:38.165 [http-nio-8080-exec-1] INFO  o.s.web.servlet.DispatcherServlet - Completed initialization in 2 ms
2025-06-30 10:46:38.644 [http-nio-8080-exec-3] INFO  c.av.controller.CustomerController - INFO log
2025-06-30 10:46:38.646 [http-nio-8080-exec-3] WARN  c.av.controller.CustomerController - WARN log
2025-06-30 10:46:38.646 [http-nio-8080-exec-3] ERROR c.av.controller.CustomerController - ERROR log
2025-06-30 10:51:14.126 [http-nio-8080-exec-6] INFO  c.av.controller.CustomerController - INFO log
2025-06-30 10:51:14.128 [http-nio-8080-exec-6] WARN  c.av.controller.CustomerController - WARN log
2025-06-30 10:51:14.128 [http-nio-8080-exec-6] ERROR c.av.controller.CustomerController - ERROR log
2025-06-30 10:53:37.691 [http-nio-8080-exec-8] INFO  c.av.controller.CustomerController - INFO log
2025-06-30 10:53:37.692 [http-nio-8080-exec-8] WARN  c.av.controller.CustomerController - WARN log
2025-06-30 10:53:37.692 [http-nio-8080-exec-8] ERROR c.av.controller.CustomerController - ERROR log
2025-06-30 10:54:26.467 [http-nio-8080-exec-2] INFO  c.av.controller.CustomerController - INFO log
2025-06-30 10:54:26.468 [http-nio-8080-exec-2] WARN  c.av.controller.CustomerController - WARN log
2025-06-30 10:54:26.468 [http-nio-8080-exec-2] ERROR c.av.controller.CustomerController - ERROR log
2025-06-30 10:55:06.662 [http-nio-8080-exec-10] INFO  c.av.controller.CustomerController - INFO log
2025-06-30 10:55:06.662 [http-nio-8080-exec-10] WARN  c.av.controller.CustomerController - WARN log
2025-06-30 10:55:06.662 [http-nio-8080-exec-10] ERROR c.av.controller.CustomerController - ERROR log
2025-06-30 10:55:26.438 [http-nio-8080-exec-3] INFO  c.av.controller.CustomerController - INFO log
2025-06-30 10:55:26.438 [http-nio-8080-exec-3] WARN  c.av.controller.CustomerController - WARN log
2025-06-30 10:55:26.438 [http-nio-8080-exec-3] ERROR c.av.controller.CustomerController - ERROR log
2025-06-30 11:02:11.082 [http-nio-8080-exec-10] INFO  c.av.controller.CustomerController - INFO log
2025-06-30 11:02:11.082 [http-nio-8080-exec-10] WARN  c.av.controller.CustomerController - WARN log
2025-06-30 11:02:11.082 [http-nio-8080-exec-10] ERROR c.av.controller.CustomerController - ERROR log
2025-06-30 11:03:39.284 [http-nio-8080-exec-9] INFO  c.av.controller.CustomerController - INFO log
2025-06-30 11:03:39.284 [http-nio-8080-exec-9] WARN  c.av.controller.CustomerController - WARN log
2025-06-30 11:03:39.284 [http-nio-8080-exec-9] ERROR c.av.controller.CustomerController - ERROR log
2025-06-30 11:12:44.961 [http-nio-8080-exec-3] INFO  c.av.controller.CustomerController - INFO log
2025-06-30 11:12:44.962 [http-nio-8080-exec-3] WARN  c.av.controller.CustomerController - WARN log
2025-06-30 11:12:44.963 [http-nio-8080-exec-3] ERROR c.av.controller.CustomerController - ERROR log
2025-06-30 11:13:50.685 [http-nio-8080-exec-6] INFO  c.av.controller.CustomerController - INFO log
2025-06-30 11:13:50.685 [http-nio-8080-exec-6] WARN  c.av.controller.CustomerController - WARN log
2025-06-30 11:13:50.686 [http-nio-8080-exec-6] ERROR c.av.controller.CustomerController - ERROR log
2025-06-30 11:19:44.256 [http-nio-8080-exec-9] INFO  c.av.controller.CustomerController - INFO log
2025-06-30 11:19:44.257 [http-nio-8080-exec-9] WARN  c.av.controller.CustomerController - WARN log
2025-06-30 11:19:44.258 [http-nio-8080-exec-9] ERROR c.av.controller.CustomerController - ERROR log
2025-06-30 11:26:16.489 [http-nio-8080-exec-3] INFO  c.av.controller.CustomerController - INFO log
2025-06-30 11:26:16.490 [http-nio-8080-exec-3] WARN  c.av.controller.CustomerController - WARN log
2025-06-30 11:26:16.490 [http-nio-8080-exec-3] ERROR c.av.controller.CustomerController - ERROR log
2025-06-30 11:28:30.247 [http-nio-8080-exec-6] INFO  c.av.controller.CustomerController - INFO log
2025-06-30 11:28:30.248 [http-nio-8080-exec-6] WARN  c.av.controller.CustomerController - WARN log
2025-06-30 11:28:30.248 [http-nio-8080-exec-6] ERROR c.av.controller.CustomerController - ERROR log
2025-06-30 11:30:38.273 [http-nio-8080-exec-8] INFO  c.av.controller.CustomerController - INFO log
2025-06-30 11:30:38.274 [http-nio-8080-exec-8] WARN  c.av.controller.CustomerController - WARN log
2025-06-30 11:30:38.274 [http-nio-8080-exec-8] ERROR c.av.controller.CustomerController - ERROR log
2025-06-30 11:31:30.421 [http-nio-8080-exec-2] INFO  c.av.controller.CustomerController - INFO log
2025-06-30 11:31:30.421 [http-nio-8080-exec-2] WARN  c.av.controller.CustomerController - WARN log
2025-06-30 11:31:30.421 [http-nio-8080-exec-2] ERROR c.av.controller.CustomerController - ERROR log
2025-06-30 11:33:32.392 [http-nio-8080-exec-4] INFO  c.av.controller.CustomerController - INFO log
2025-06-30 11:33:32.393 [http-nio-8080-exec-4] WARN  c.av.controller.CustomerController - WARN log
2025-06-30 11:33:32.393 [http-nio-8080-exec-4] ERROR c.av.controller.CustomerController - ERROR log
2025-06-30 11:34:08.979 [http-nio-8080-exec-5] INFO  c.av.controller.CustomerController - INFO log
2025-06-30 11:34:08.979 [http-nio-8080-exec-5] WARN  c.av.controller.CustomerController - WARN log
2025-06-30 11:34:08.979 [http-nio-8080-exec-5] ERROR c.av.controller.CustomerController - ERROR log
2025-06-30 11:34:33.341 [http-nio-8080-exec-1] INFO  c.av.controller.CustomerController - INFO log
2025-06-30 11:34:33.341 [http-nio-8080-exec-1] WARN  c.av.controller.CustomerController - WARN log
2025-06-30 11:34:33.341 [http-nio-8080-exec-1] ERROR c.av.controller.CustomerController - ERROR log
2025-06-30 11:35:05.732 [http-nio-8080-exec-7] INFO  c.av.controller.CustomerController - INFO log
2025-06-30 11:35:05.732 [http-nio-8080-exec-7] WARN  c.av.controller.CustomerController - WARN log
2025-06-30 11:35:05.732 [http-nio-8080-exec-7] ERROR c.av.controller.CustomerController - ERROR log
2025-06-30 11:35:23.061 [http-nio-8080-exec-6] INFO  c.av.controller.CustomerController - INFO log
2025-06-30 11:35:23.061 [http-nio-8080-exec-6] WARN  c.av.controller.CustomerController - WARN log
2025-06-30 11:35:23.061 [http-nio-8080-exec-6] ERROR c.av.controller.CustomerController - ERROR log
2025-06-30 11:59:26.595 [http-nio-8080-exec-9] INFO  c.av.controller.CustomerController - INFO log
2025-06-30 11:59:26.595 [http-nio-8080-exec-9] WARN  c.av.controller.CustomerController - WARN log
2025-06-30 11:59:26.596 [http-nio-8080-exec-9] ERROR c.av.controller.CustomerController - ERROR log
2025-06-30 12:02:44.377 [http-nio-8080-exec-3] INFO  c.av.controller.CustomerController - INFO log
2025-06-30 12:02:44.379 [http-nio-8080-exec-3] WARN  c.av.controller.CustomerController - WARN log
2025-06-30 12:02:44.379 [http-nio-8080-exec-3] ERROR c.av.controller.CustomerController - ERROR log
2025-06-30 12:03:57.653 [http-nio-8080-exec-6] INFO  c.av.controller.CustomerController - INFO log
2025-06-30 12:03:57.653 [http-nio-8080-exec-6] WARN  c.av.controller.CustomerController - WARN log
2025-06-30 12:03:57.653 [http-nio-8080-exec-6] ERROR c.av.controller.CustomerController - ERROR log
2025-06-30 12:05:53.626 [http-nio-8080-exec-8] INFO  c.av.controller.CustomerController - INFO log
2025-06-30 12:05:53.627 [http-nio-8080-exec-8] WARN  c.av.controller.CustomerController - WARN log
2025-06-30 12:05:53.627 [http-nio-8080-exec-8] ERROR c.av.controller.CustomerController - ERROR log
2025-06-30 12:07:47.140 [http-nio-8080-exec-2] INFO  c.av.controller.CustomerController - INFO log
2025-06-30 12:07:47.141 [http-nio-8080-exec-2] WARN  c.av.controller.CustomerController - WARN log
2025-06-30 12:07:47.141 [http-nio-8080-exec-2] ERROR c.av.controller.CustomerController - ERROR log
2025-06-30 12:13:27.338 [http-nio-8080-exec-4] INFO  c.av.controller.CustomerController - INFO log
2025-06-30 12:13:27.339 [http-nio-8080-exec-4] WARN  c.av.controller.CustomerController - WARN log
2025-06-30 12:13:27.339 [http-nio-8080-exec-4] ERROR c.av.controller.CustomerController - ERROR log
2025-06-30 12:14:24.770 [http-nio-8080-exec-5] INFO  c.av.controller.CustomerController - INFO log
2025-06-30 12:14:24.770 [http-nio-8080-exec-5] WARN  c.av.controller.CustomerController - WARN log
2025-06-30 12:14:24.770 [http-nio-8080-exec-5] ERROR c.av.controller.CustomerController - ERROR log
2025-06-30 12:14:28.184 [http-nio-8080-exec-8] INFO  c.av.controller.CustomerController - INFO log
2025-06-30 12:14:28.184 [http-nio-8080-exec-8] WARN  c.av.controller.CustomerController - WARN log
2025-06-30 12:14:28.184 [http-nio-8080-exec-8] ERROR c.av.controller.CustomerController - ERROR log
2025-06-30 12:14:56.366 [http-nio-8080-exec-2] INFO  c.av.controller.CustomerController - INFO log
2025-06-30 12:14:56.367 [http-nio-8080-exec-2] WARN  c.av.controller.CustomerController - WARN log
2025-06-30 12:14:56.367 [http-nio-8080-exec-2] ERROR c.av.controller.CustomerController - ERROR log
2025-06-30 12:17:33.335 [http-nio-8080-exec-2] INFO  c.av.controller.CustomerController - INFO log
2025-06-30 12:17:33.335 [http-nio-8080-exec-2] WARN  c.av.controller.CustomerController - WARN log
2025-06-30 12:17:33.335 [http-nio-8080-exec-2] ERROR c.av.controller.CustomerController - ERROR log
2025-06-30 12:18:41.211 [http-nio-8080-exec-4] INFO  c.av.controller.CustomerController - INFO log
2025-06-30 12:18:41.211 [http-nio-8080-exec-4] WARN  c.av.controller.CustomerController - WARN log
2025-06-30 12:18:41.211 [http-nio-8080-exec-4] ERROR c.av.controller.CustomerController - ERROR log
2025-06-30 12:19:17.266 [http-nio-8080-exec-10] INFO  c.av.controller.CustomerController - INFO log
2025-06-30 12:19:17.266 [http-nio-8080-exec-10] WARN  c.av.controller.CustomerController - WARN log
2025-06-30 12:19:17.266 [http-nio-8080-exec-10] ERROR c.av.controller.CustomerController - ERROR log
2025-06-30 12:19:26.357 [http-nio-8080-exec-9] INFO  c.av.controller.CustomerController - INFO log
2025-06-30 12:19:26.357 [http-nio-8080-exec-9] WARN  c.av.controller.CustomerController - WARN log
2025-06-30 12:19:26.357 [http-nio-8080-exec-9] ERROR c.av.controller.CustomerController - ERROR log
2025-06-30 12:19:30.425 [http-nio-8080-exec-1] INFO  c.av.controller.CustomerController - INFO log
2025-06-30 12:19:30.426 [http-nio-8080-exec-1] WARN  c.av.controller.CustomerController - WARN log
2025-06-30 12:19:30.426 [http-nio-8080-exec-1] ERROR c.av.controller.CustomerController - ERROR log
2025-06-30 12:29:00.150 [http-nio-8080-exec-5] INFO  c.av.controller.CustomerController - INFO log
2025-06-30 12:29:00.150 [http-nio-8080-exec-5] WARN  c.av.controller.CustomerController - WARN log
2025-06-30 12:29:00.150 [http-nio-8080-exec-5] ERROR c.av.controller.CustomerController - ERROR log
2025-06-30 12:29:33.008 [http-nio-8080-exec-9] INFO  c.av.controller.CustomerController - INFO log
2025-06-30 12:29:33.009 [http-nio-8080-exec-9] WARN  c.av.controller.CustomerController - WARN log
2025-06-30 12:29:33.009 [http-nio-8080-exec-9] ERROR c.av.controller.CustomerController - ERROR log
2025-06-30 12:29:41.390 [http-nio-8080-exec-7] INFO  c.av.controller.CustomerController - INFO log
2025-06-30 12:29:41.390 [http-nio-8080-exec-7] WARN  c.av.controller.CustomerController - WARN log
2025-06-30 12:29:41.390 [http-nio-8080-exec-7] ERROR c.av.controller.CustomerController - ERROR log
2025-06-30 12:30:19.610 [http-nio-8080-exec-10] INFO  c.av.controller.CustomerController - INFO log
2025-06-30 12:30:19.611 [http-nio-8080-exec-10] WARN  c.av.controller.CustomerController - WARN log
2025-06-30 12:30:19.611 [http-nio-8080-exec-10] ERROR c.av.controller.CustomerController - ERROR log
2025-06-30 12:30:41.220 [http-nio-8080-exec-5] INFO  c.av.controller.CustomerController - INFO log
2025-06-30 12:30:41.220 [http-nio-8080-exec-5] WARN  c.av.controller.CustomerController - WARN log
2025-06-30 12:30:41.220 [http-nio-8080-exec-5] ERROR c.av.controller.CustomerController - ERROR log
2025-06-30 12:30:50.833 [http-nio-8080-exec-9] INFO  c.av.controller.CustomerController - INFO log
2025-06-30 12:30:50.834 [http-nio-8080-exec-9] WARN  c.av.controller.CustomerController - WARN log
2025-06-30 12:30:50.834 [http-nio-8080-exec-9] ERROR c.av.controller.CustomerController - ERROR log
2025-06-30 12:31:55.596 [http-nio-8080-exec-3] INFO  c.av.controller.CustomerController - INFO log
2025-06-30 12:31:55.597 [http-nio-8080-exec-3] WARN  c.av.controller.CustomerController - WARN log
2025-06-30 12:31:55.597 [http-nio-8080-exec-3] ERROR c.av.controller.CustomerController - ERROR log
2025-06-30 12:32:05.418 [http-nio-8080-exec-4] INFO  c.av.controller.CustomerController - INFO log
2025-06-30 12:32:05.418 [http-nio-8080-exec-4] WARN  c.av.controller.CustomerController - WARN log
2025-06-30 12:32:05.418 [http-nio-8080-exec-4] ERROR c.av.controller.CustomerController - ERROR log
2025-06-30 12:32:13.740 [http-nio-8080-exec-6] INFO  c.av.controller.CustomerController - INFO log
2025-06-30 12:32:13.741 [http-nio-8080-exec-6] WARN  c.av.controller.CustomerController - WARN log
2025-06-30 12:32:13.741 [http-nio-8080-exec-6] ERROR c.av.controller.CustomerController - ERROR log
2025-06-30 12:33:07.176 [http-nio-8080-exec-10] INFO  c.av.controller.CustomerController - INFO log
2025-06-30 12:33:07.177 [http-nio-8080-exec-10] WARN  c.av.controller.CustomerController - WARN log
2025-06-30 12:33:07.177 [http-nio-8080-exec-10] ERROR c.av.controller.CustomerController - ERROR log
2025-06-30 12:40:09.170 [http-nio-8080-exec-8] INFO  c.av.controller.CustomerController - INFO log
2025-06-30 12:40:09.170 [http-nio-8080-exec-8] WARN  c.av.controller.CustomerController - WARN log
2025-06-30 12:40:09.170 [http-nio-8080-exec-8] ERROR c.av.controller.CustomerController - ERROR log
2025-06-30 12:46:16.695 [http-nio-8080-exec-2] INFO  c.av.controller.CustomerController - INFO log
2025-06-30 12:46:16.695 [http-nio-8080-exec-2] WARN  c.av.controller.CustomerController - WARN log
2025-06-30 12:46:16.695 [http-nio-8080-exec-2] ERROR c.av.controller.CustomerController - ERROR log
2025-06-30 12:46:38.455 [http-nio-8080-exec-4] INFO  c.av.controller.CustomerController - INFO log
2025-06-30 12:46:38.455 [http-nio-8080-exec-4] WARN  c.av.controller.CustomerController - WARN log
2025-06-30 12:46:38.455 [http-nio-8080-exec-4] ERROR c.av.controller.CustomerController - ERROR log
2025-06-30 12:53:27.731 [http-nio-8080-exec-5] INFO  c.av.controller.CustomerController - INFO log
2025-06-30 12:53:27.732 [http-nio-8080-exec-5] WARN  c.av.controller.CustomerController - WARN log
2025-06-30 12:53:27.732 [http-nio-8080-exec-5] ERROR c.av.controller.CustomerController - ERROR log
2025-06-30 12:54:00.065 [http-nio-8080-exec-1] INFO  c.av.controller.CustomerController - INFO log
2025-06-30 12:54:00.065 [http-nio-8080-exec-1] WARN  c.av.controller.CustomerController - WARN log
2025-06-30 12:54:00.065 [http-nio-8080-exec-1] ERROR c.av.controller.CustomerController - ERROR log
2025-06-30 19:47:53.922 [http-nio-8080-exec-10] INFO  c.av.controller.CustomerController - INFO log
2025-06-30 19:47:53.926 [http-nio-8080-exec-10] WARN  c.av.controller.CustomerController - WARN log
2025-06-30 19:47:53.926 [http-nio-8080-exec-10] ERROR c.av.controller.CustomerController - ERROR log
2025-06-30 19:48:02.737 [http-nio-8080-exec-8] INFO  c.av.controller.CustomerController - INFO log
2025-06-30 19:48:02.738 [http-nio-8080-exec-8] WARN  c.av.controller.CustomerController - WARN log
2025-06-30 19:48:02.738 [http-nio-8080-exec-8] ERROR c.av.controller.CustomerController - ERROR log
2025-06-30 19:56:34.739 [http-nio-8080-exec-1] INFO  c.av.controller.CustomerController - INFO log
2025-06-30 19:56:34.740 [http-nio-8080-exec-1] WARN  c.av.controller.CustomerController - WARN log
2025-06-30 19:56:34.740 [http-nio-8080-exec-1] ERROR c.av.controller.CustomerController - ERROR log
2025-06-30 20:02:55.998 [http-nio-8080-exec-3] INFO  c.av.controller.CustomerController - INFO log
2025-06-30 20:02:56.001 [http-nio-8080-exec-3] WARN  c.av.controller.CustomerController - WARN log
2025-06-30 20:02:56.001 [http-nio-8080-exec-3] ERROR c.av.controller.CustomerController - ERROR log
2025-06-30 20:52:23.836 [http-nio-8080-exec-4] INFO  c.av.controller.CustomerController - INFO log
2025-06-30 20:52:23.837 [http-nio-8080-exec-4] WARN  c.av.controller.CustomerController - WARN log
2025-06-30 20:52:23.837 [http-nio-8080-exec-4] ERROR c.av.controller.CustomerController - ERROR log
