2025-06-26 10:22:13.732 [RMI TCP Connection(63)-127.0.0.1] WARN  javax.management.remote.misc - The server has decided to close this client connection.
2025-06-26 10:22:31.837 [http-nio-8080-exec-7] INFO  c.av.controller.CustomerController - INFO log
2025-06-26 10:22:31.837 [http-nio-8080-exec-7] WARN  c.av.controller.CustomerController - WARN log
2025-06-26 10:22:31.837 [http-nio-8080-exec-7] ERROR c.av.controller.CustomerController - ERROR log
2025-06-26 10:32:37.919 [main] INFO  c.a.SpringBootDataMongodbApplication - Starting SpringBootDataMongodbApplication using Java 17.0.14 with PID 2112 (D:\H\av-be\bin\main started by user in D:\H\av-be)
2025-06-26 10:32:37.922 [main] INFO  c.a.SpringBootDataMongodbApplication - No active profile set, falling back to 1 default profile: "default"
2025-06-26 10:32:38.865 [main] INFO  o.s.d.r.c.RepositoryConfigurationDelegate - Bootstrapping Spring Data MongoDB repositories in DEFAULT mode.
2025-06-26 10:32:38.938 [main] INFO  o.s.d.r.c.RepositoryConfigurationDelegate - Finished Spring Data repository scanning in 65 ms. Found 3 MongoDB repository interfaces.
2025-06-26 10:32:39.558 [main] INFO  o.s.b.w.e.tomcat.TomcatWebServer - Tomcat initialized with port 8080 (http)
2025-06-26 10:32:39.575 [main] INFO  o.a.coyote.http11.Http11NioProtocol - Initializing ProtocolHandler ["http-nio-8080"]
2025-06-26 10:32:39.577 [main] INFO  o.a.catalina.core.StandardService - Starting service [Tomcat]
2025-06-26 10:32:39.578 [main] INFO  o.a.catalina.core.StandardEngine - Starting Servlet engine: [Apache Tomcat/10.1.34]
2025-06-26 10:32:39.650 [main] INFO  o.a.c.c.C.[Tomcat].[localhost].[/] - Initializing Spring embedded WebApplicationContext
2025-06-26 10:32:39.650 [main] INFO  o.s.b.w.s.c.ServletWebServerApplicationContext - Root WebApplicationContext: initialization completed in 1642 ms
2025-06-26 10:32:39.945 [main] INFO  org.mongodb.driver.client - MongoClient with metadata {"driver": {"name": "mongo-java-driver|sync|spring-boot", "version": "5.2.1"}, "os": {"type": "Windows", "name": "Windows 11", "architecture": "amd64", "version": "10.0"}, "platform": "Java/Oracle Corporation/17.0.14+8-LTS-191"} created with settings MongoClientSettings{readPreference=primary, writeConcern=WriteConcern{w=null, wTimeout=null ms, journal=null}, retryWrites=true, retryReads=true, readConcern=ReadConcern{level=null}, credential=null, transportSettings=null, commandListeners=[], codecRegistry=ProvidersCodecRegistry{codecProviders=[ValueCodecProvider{}, BsonValueCodecProvider{}, DBRefCodecProvider{}, DBObjectCodecProvider{}, DocumentCodecProvider{}, CollectionCodecProvider{}, IterableCodecProvider{}, MapCodecProvider{}, GeoJsonCodecProvider{}, GridFSFileCodecProvider{}, Jsr310CodecProvider{}, JsonObjectCodecProvider{}, BsonCodecProvider{}, EnumCodecProvider{}, com.mongodb.client.model.mql.ExpressionCodecProvider@3cdff901, com.mongodb.Jep395RecordCodecProvider@57e5396b, com.mongodb.KotlinCodecProvider@2f054f70]}, loggerSettings=LoggerSettings{maxDocumentLength=1000}, clusterSettings={hosts=[localhost:27017], srvServiceName=mongodb, mode=SINGLE, requiredClusterType=UNKNOWN, requiredReplicaSetName='null', serverSelector='null', clusterListeners='[]', serverSelectionTimeout='30000 ms', localThreshold='15 ms'}, socketSettings=SocketSettings{connectTimeoutMS=10000, readTimeoutMS=0, receiveBufferSize=0, proxySettings=ProxySettings{host=null, port=null, username=null, password=null}}, heartbeatSocketSettings=SocketSettings{connectTimeoutMS=10000, readTimeoutMS=10000, receiveBufferSize=0, proxySettings=ProxySettings{host=null, port=null, username=null, password=null}}, connectionPoolSettings=ConnectionPoolSettings{maxSize=100, minSize=0, maxWaitTimeMS=120000, maxConnectionLifeTimeMS=0, maxConnectionIdleTimeMS=0, maintenanceInitialDelayMS=0, maintenanceFrequencyMS=60000, connectionPoolListeners=[], maxConnecting=2}, serverSettings=ServerSettings{heartbeatFrequencyMS=10000, minHeartbeatFrequencyMS=500, serverMonitoringMode=AUTO, serverListeners='[]', serverMonitorListeners='[]'}, sslSettings=SslSettings{enabled=false, invalidHostNameAllowed=false, context=null}, applicationName='null', compressorList=[], uuidRepresentation=JAVA_LEGACY, serverApi=null, autoEncryptionSettings=null, dnsClient=null, inetAddressResolver=null, contextProvider=null, timeoutMS=null}
2025-06-26 10:32:39.970 [cluster-ClusterId{value='685cd46f9d60d26707b3b091', description='null'}-localhost:27017] INFO  org.mongodb.driver.cluster - Monitor thread successfully connected to server with description ServerDescription{address=localhost:27017, type=STANDALONE, cryptd=false, state=CONNECTED, ok=true, minWireVersion=0, maxWireVersion=25, maxDocumentSize=16777216, logicalSessionTimeoutMinutes=30, roundTripTimeNanos=26827900, minRoundTripTimeNanos=0}
2025-06-26 10:33:00.225 [main] INFO  o.s.b.a.w.s.WelcomePageHandlerMapping - Adding welcome page: class path resource [public/index.html]
2025-06-26 10:33:00.636 [main] INFO  o.a.coyote.http11.Http11NioProtocol - Starting ProtocolHandler ["http-nio-8080"]
2025-06-26 10:33:00.707 [main] INFO  o.s.b.w.e.tomcat.TomcatWebServer - Tomcat started on port 8080 (http) with context path '/'
2025-06-26 10:33:00.722 [main] INFO  c.a.SpringBootDataMongodbApplication - Started SpringBootDataMongodbApplication in 23.534 seconds (process running for 24.818)
2025-06-26 10:36:23.779 [main] INFO  c.a.SpringBootDataMongodbApplication - Starting SpringBootDataMongodbApplication using Java 17.0.14 with PID 1868 (D:\H\av-be\bin\main started by user in D:\H\av-be)
2025-06-26 10:36:23.781 [main] INFO  c.a.SpringBootDataMongodbApplication - No active profile set, falling back to 1 default profile: "default"
2025-06-26 10:36:24.517 [main] INFO  o.s.d.r.c.RepositoryConfigurationDelegate - Bootstrapping Spring Data MongoDB repositories in DEFAULT mode.
2025-06-26 10:36:24.594 [main] INFO  o.s.d.r.c.RepositoryConfigurationDelegate - Finished Spring Data repository scanning in 68 ms. Found 3 MongoDB repository interfaces.
2025-06-26 10:36:25.098 [main] INFO  o.s.b.w.e.tomcat.TomcatWebServer - Tomcat initialized with port 8080 (http)
2025-06-26 10:36:25.121 [main] INFO  o.a.coyote.http11.Http11NioProtocol - Initializing ProtocolHandler ["http-nio-8080"]
2025-06-26 10:36:25.123 [main] INFO  o.a.catalina.core.StandardService - Starting service [Tomcat]
2025-06-26 10:36:25.124 [main] INFO  o.a.catalina.core.StandardEngine - Starting Servlet engine: [Apache Tomcat/10.1.34]
2025-06-26 10:36:25.191 [main] INFO  o.a.c.c.C.[Tomcat].[localhost].[/] - Initializing Spring embedded WebApplicationContext
2025-06-26 10:36:25.191 [main] INFO  o.s.b.w.s.c.ServletWebServerApplicationContext - Root WebApplicationContext: initialization completed in 1361 ms
2025-06-26 10:36:25.439 [main] INFO  org.mongodb.driver.client - MongoClient with metadata {"driver": {"name": "mongo-java-driver|sync|spring-boot", "version": "5.2.1"}, "os": {"type": "Windows", "name": "Windows 11", "architecture": "amd64", "version": "10.0"}, "platform": "Java/Oracle Corporation/17.0.14+8-LTS-191"} created with settings MongoClientSettings{readPreference=primary, writeConcern=WriteConcern{w=null, wTimeout=null ms, journal=null}, retryWrites=true, retryReads=true, readConcern=ReadConcern{level=null}, credential=null, transportSettings=null, commandListeners=[], codecRegistry=ProvidersCodecRegistry{codecProviders=[ValueCodecProvider{}, BsonValueCodecProvider{}, DBRefCodecProvider{}, DBObjectCodecProvider{}, DocumentCodecProvider{}, CollectionCodecProvider{}, IterableCodecProvider{}, MapCodecProvider{}, GeoJsonCodecProvider{}, GridFSFileCodecProvider{}, Jsr310CodecProvider{}, JsonObjectCodecProvider{}, BsonCodecProvider{}, EnumCodecProvider{}, com.mongodb.client.model.mql.ExpressionCodecProvider@5aa62ee7, com.mongodb.Jep395RecordCodecProvider@1f7cec93, com.mongodb.KotlinCodecProvider@3c9ef6e9]}, loggerSettings=LoggerSettings{maxDocumentLength=1000}, clusterSettings={hosts=[localhost:27017], srvServiceName=mongodb, mode=SINGLE, requiredClusterType=UNKNOWN, requiredReplicaSetName='null', serverSelector='null', clusterListeners='[]', serverSelectionTimeout='30000 ms', localThreshold='15 ms'}, socketSettings=SocketSettings{connectTimeoutMS=10000, readTimeoutMS=0, receiveBufferSize=0, proxySettings=ProxySettings{host=null, port=null, username=null, password=null}}, heartbeatSocketSettings=SocketSettings{connectTimeoutMS=10000, readTimeoutMS=10000, receiveBufferSize=0, proxySettings=ProxySettings{host=null, port=null, username=null, password=null}}, connectionPoolSettings=ConnectionPoolSettings{maxSize=100, minSize=0, maxWaitTimeMS=120000, maxConnectionLifeTimeMS=0, maxConnectionIdleTimeMS=0, maintenanceInitialDelayMS=0, maintenanceFrequencyMS=60000, connectionPoolListeners=[], maxConnecting=2}, serverSettings=ServerSettings{heartbeatFrequencyMS=10000, minHeartbeatFrequencyMS=500, serverMonitoringMode=AUTO, serverListeners='[]', serverMonitorListeners='[]'}, sslSettings=SslSettings{enabled=false, invalidHostNameAllowed=false, context=null}, applicationName='null', compressorList=[], uuidRepresentation=JAVA_LEGACY, serverApi=null, autoEncryptionSettings=null, dnsClient=null, inetAddressResolver=null, contextProvider=null, timeoutMS=null}
2025-06-26 10:36:25.465 [cluster-ClusterId{value='685cd551d737513486397111', description='null'}-localhost:27017] INFO  org.mongodb.driver.cluster - Monitor thread successfully connected to server with description ServerDescription{address=localhost:27017, type=STANDALONE, cryptd=false, state=CONNECTED, ok=true, minWireVersion=0, maxWireVersion=25, maxDocumentSize=16777216, logicalSessionTimeoutMinutes=30, roundTripTimeNanos=27477300, minRoundTripTimeNanos=0}
2025-06-26 10:36:26.393 [main] INFO  o.s.b.a.w.s.WelcomePageHandlerMapping - Adding welcome page: class path resource [public/index.html]
2025-06-26 10:36:26.737 [main] INFO  o.a.coyote.http11.Http11NioProtocol - Starting ProtocolHandler ["http-nio-8080"]
2025-06-26 10:36:26.747 [main] WARN  o.s.b.w.s.c.AnnotationConfigServletWebServerApplicationContext - Exception encountered during context initialization - cancelling refresh attempt: org.springframework.context.ApplicationContextException: Failed to start bean 'webServerStartStop'
2025-06-26 10:36:26.785 [main] INFO  o.s.b.a.l.ConditionEvaluationReportLogger - 

Error starting ApplicationContext. To display the condition evaluation report re-run your application with 'debug' enabled.
2025-06-26 10:36:26.807 [main] ERROR o.s.b.d.LoggingFailureAnalysisReporter - 

***************************
APPLICATION FAILED TO START
***************************

Description:

Web server failed to start. Port 8080 was already in use.

Action:

Identify and stop the process that's listening on port 8080 or configure this application to listen on another port.

2025-06-26 10:37:03.693 [main] INFO  c.a.SpringBootDataMongodbApplication - Starting SpringBootDataMongodbApplication using Java 17.0.14 with PID 29324 (D:\H\av-be\bin\main started by user in D:\H\av-be)
2025-06-26 10:37:03.697 [main] INFO  c.a.SpringBootDataMongodbApplication - No active profile set, falling back to 1 default profile: "default"
2025-06-26 10:37:05.000 [main] INFO  o.s.d.r.c.RepositoryConfigurationDelegate - Bootstrapping Spring Data MongoDB repositories in DEFAULT mode.
2025-06-26 10:37:05.111 [main] INFO  o.s.d.r.c.RepositoryConfigurationDelegate - Finished Spring Data repository scanning in 98 ms. Found 3 MongoDB repository interfaces.
2025-06-26 10:37:05.851 [main] INFO  o.s.b.w.e.tomcat.TomcatWebServer - Tomcat initialized with port 8080 (http)
2025-06-26 10:37:05.872 [main] INFO  o.a.coyote.http11.Http11NioProtocol - Initializing ProtocolHandler ["http-nio-8080"]
2025-06-26 10:37:05.876 [main] INFO  o.a.catalina.core.StandardService - Starting service [Tomcat]
2025-06-26 10:37:05.876 [main] INFO  o.a.catalina.core.StandardEngine - Starting Servlet engine: [Apache Tomcat/10.1.34]
2025-06-26 10:37:05.966 [main] INFO  o.a.c.c.C.[Tomcat].[localhost].[/] - Initializing Spring embedded WebApplicationContext
2025-06-26 10:37:05.966 [main] INFO  o.s.b.w.s.c.ServletWebServerApplicationContext - Root WebApplicationContext: initialization completed in 2184 ms
2025-06-26 10:37:06.442 [main] INFO  org.mongodb.driver.client - MongoClient with metadata {"driver": {"name": "mongo-java-driver|sync|spring-boot", "version": "5.2.1"}, "os": {"type": "Windows", "name": "Windows 11", "architecture": "amd64", "version": "10.0"}, "platform": "Java/Oracle Corporation/17.0.14+8-LTS-191"} created with settings MongoClientSettings{readPreference=primary, writeConcern=WriteConcern{w=null, wTimeout=null ms, journal=null}, retryWrites=true, retryReads=true, readConcern=ReadConcern{level=null}, credential=null, transportSettings=null, commandListeners=[], codecRegistry=ProvidersCodecRegistry{codecProviders=[ValueCodecProvider{}, BsonValueCodecProvider{}, DBRefCodecProvider{}, DBObjectCodecProvider{}, DocumentCodecProvider{}, CollectionCodecProvider{}, IterableCodecProvider{}, MapCodecProvider{}, GeoJsonCodecProvider{}, GridFSFileCodecProvider{}, Jsr310CodecProvider{}, JsonObjectCodecProvider{}, BsonCodecProvider{}, EnumCodecProvider{}, com.mongodb.client.model.mql.ExpressionCodecProvider@631c6d11, com.mongodb.Jep395RecordCodecProvider@65be88ae, com.mongodb.KotlinCodecProvider@62ade015]}, loggerSettings=LoggerSettings{maxDocumentLength=1000}, clusterSettings={hosts=[localhost:27017], srvServiceName=mongodb, mode=SINGLE, requiredClusterType=UNKNOWN, requiredReplicaSetName='null', serverSelector='null', clusterListeners='[]', serverSelectionTimeout='30000 ms', localThreshold='15 ms'}, socketSettings=SocketSettings{connectTimeoutMS=10000, readTimeoutMS=0, receiveBufferSize=0, proxySettings=ProxySettings{host=null, port=null, username=null, password=null}}, heartbeatSocketSettings=SocketSettings{connectTimeoutMS=10000, readTimeoutMS=10000, receiveBufferSize=0, proxySettings=ProxySettings{host=null, port=null, username=null, password=null}}, connectionPoolSettings=ConnectionPoolSettings{maxSize=100, minSize=0, maxWaitTimeMS=120000, maxConnectionLifeTimeMS=0, maxConnectionIdleTimeMS=0, maintenanceInitialDelayMS=0, maintenanceFrequencyMS=60000, connectionPoolListeners=[], maxConnecting=2}, serverSettings=ServerSettings{heartbeatFrequencyMS=10000, minHeartbeatFrequencyMS=500, serverMonitoringMode=AUTO, serverListeners='[]', serverMonitorListeners='[]'}, sslSettings=SslSettings{enabled=false, invalidHostNameAllowed=false, context=null}, applicationName='null', compressorList=[], uuidRepresentation=JAVA_LEGACY, serverApi=null, autoEncryptionSettings=null, dnsClient=null, inetAddressResolver=null, contextProvider=null, timeoutMS=null}
2025-06-26 10:37:06.478 [cluster-ClusterId{value='685cd57a977fea78388370a0', description='null'}-localhost:27017] INFO  org.mongodb.driver.cluster - Monitor thread successfully connected to server with description ServerDescription{address=localhost:27017, type=STANDALONE, cryptd=false, state=CONNECTED, ok=true, minWireVersion=0, maxWireVersion=25, maxDocumentSize=16777216, logicalSessionTimeoutMinutes=30, roundTripTimeNanos=37820300, minRoundTripTimeNanos=0}
2025-06-26 10:37:07.337 [main] INFO  o.s.b.a.w.s.WelcomePageHandlerMapping - Adding welcome page: class path resource [public/index.html]
2025-06-26 10:37:07.728 [main] INFO  o.a.coyote.http11.Http11NioProtocol - Starting ProtocolHandler ["http-nio-8080"]
2025-06-26 10:37:07.775 [main] INFO  o.s.b.w.e.tomcat.TomcatWebServer - Tomcat started on port 8080 (http) with context path '/'
2025-06-26 10:37:07.787 [main] INFO  c.a.SpringBootDataMongodbApplication - Started SpringBootDataMongodbApplication in 5.509 seconds (process running for 6.609)
2025-06-26 10:37:22.448 [http-nio-8080-exec-1] INFO  o.a.c.c.C.[Tomcat].[localhost].[/] - Initializing Spring DispatcherServlet 'dispatcherServlet'
2025-06-26 10:37:22.449 [http-nio-8080-exec-1] INFO  o.s.web.servlet.DispatcherServlet - Initializing Servlet 'dispatcherServlet'
2025-06-26 10:37:22.453 [http-nio-8080-exec-1] INFO  o.s.web.servlet.DispatcherServlet - Completed initialization in 2 ms
2025-06-26 10:37:22.554 [http-nio-8080-exec-1] INFO  c.av.controller.CustomerController - INFO log
2025-06-26 10:37:22.555 [http-nio-8080-exec-1] WARN  c.av.controller.CustomerController - WARN log
2025-06-26 10:37:22.555 [http-nio-8080-exec-1] ERROR c.av.controller.CustomerController - ERROR log
2025-06-26 10:38:54.703 [http-nio-8080-exec-9] INFO  c.av.controller.CustomerController - INFO log
2025-06-26 10:38:54.705 [http-nio-8080-exec-9] WARN  c.av.controller.CustomerController - WARN log
2025-06-26 10:38:54.705 [http-nio-8080-exec-9] ERROR c.av.controller.CustomerController - ERROR log
2025-06-26 11:17:44.927 [main] INFO  c.a.SpringBootDataMongodbApplication - Starting SpringBootDataMongodbApplication using Java 17.0.14 with PID 16356 (D:\H\av-be\bin\main started by user in D:\H\av-be)
2025-06-26 11:17:44.935 [main] INFO  c.a.SpringBootDataMongodbApplication - No active profile set, falling back to 1 default profile: "default"
2025-06-26 11:17:47.079 [main] INFO  o.s.d.r.c.RepositoryConfigurationDelegate - Bootstrapping Spring Data MongoDB repositories in DEFAULT mode.
2025-06-26 11:17:47.238 [main] INFO  o.s.d.r.c.RepositoryConfigurationDelegate - Finished Spring Data repository scanning in 142 ms. Found 3 MongoDB repository interfaces.
2025-06-26 11:17:48.387 [main] INFO  o.s.b.w.e.tomcat.TomcatWebServer - Tomcat initialized with port 8080 (http)
2025-06-26 11:17:48.422 [main] INFO  o.a.coyote.http11.Http11NioProtocol - Initializing ProtocolHandler ["http-nio-8080"]
2025-06-26 11:17:48.425 [main] INFO  o.a.catalina.core.StandardService - Starting service [Tomcat]
2025-06-26 11:17:48.426 [main] INFO  o.a.catalina.core.StandardEngine - Starting Servlet engine: [Apache Tomcat/10.1.34]
2025-06-26 11:17:48.555 [main] INFO  o.a.c.c.C.[Tomcat].[localhost].[/] - Initializing Spring embedded WebApplicationContext
2025-06-26 11:17:48.556 [main] INFO  o.s.b.w.s.c.ServletWebServerApplicationContext - Root WebApplicationContext: initialization completed in 3442 ms
2025-06-26 11:17:49.325 [main] INFO  org.mongodb.driver.client - MongoClient with metadata {"driver": {"name": "mongo-java-driver|sync|spring-boot", "version": "5.2.1"}, "os": {"type": "Windows", "name": "Windows 11", "architecture": "amd64", "version": "10.0"}, "platform": "Java/Oracle Corporation/17.0.14+8-LTS-191"} created with settings MongoClientSettings{readPreference=primary, writeConcern=WriteConcern{w=null, wTimeout=null ms, journal=null}, retryWrites=true, retryReads=true, readConcern=ReadConcern{level=null}, credential=null, transportSettings=null, commandListeners=[], codecRegistry=ProvidersCodecRegistry{codecProviders=[ValueCodecProvider{}, BsonValueCodecProvider{}, DBRefCodecProvider{}, DBObjectCodecProvider{}, DocumentCodecProvider{}, CollectionCodecProvider{}, IterableCodecProvider{}, MapCodecProvider{}, GeoJsonCodecProvider{}, GridFSFileCodecProvider{}, Jsr310CodecProvider{}, JsonObjectCodecProvider{}, BsonCodecProvider{}, EnumCodecProvider{}, com.mongodb.client.model.mql.ExpressionCodecProvider@794eeaf8, com.mongodb.Jep395RecordCodecProvider@37c5284a, com.mongodb.KotlinCodecProvider@5b8572df]}, loggerSettings=LoggerSettings{maxDocumentLength=1000}, clusterSettings={hosts=[localhost:27017], srvServiceName=mongodb, mode=SINGLE, requiredClusterType=UNKNOWN, requiredReplicaSetName='null', serverSelector='null', clusterListeners='[]', serverSelectionTimeout='30000 ms', localThreshold='15 ms'}, socketSettings=SocketSettings{connectTimeoutMS=10000, readTimeoutMS=0, receiveBufferSize=0, proxySettings=ProxySettings{host=null, port=null, username=null, password=null}}, heartbeatSocketSettings=SocketSettings{connectTimeoutMS=10000, readTimeoutMS=10000, receiveBufferSize=0, proxySettings=ProxySettings{host=null, port=null, username=null, password=null}}, connectionPoolSettings=ConnectionPoolSettings{maxSize=100, minSize=0, maxWaitTimeMS=120000, maxConnectionLifeTimeMS=0, maxConnectionIdleTimeMS=0, maintenanceInitialDelayMS=0, maintenanceFrequencyMS=60000, connectionPoolListeners=[], maxConnecting=2}, serverSettings=ServerSettings{heartbeatFrequencyMS=10000, minHeartbeatFrequencyMS=500, serverMonitoringMode=AUTO, serverListeners='[]', serverMonitorListeners='[]'}, sslSettings=SslSettings{enabled=false, invalidHostNameAllowed=false, context=null}, applicationName='null', compressorList=[], uuidRepresentation=JAVA_LEGACY, serverApi=null, autoEncryptionSettings=null, dnsClient=null, inetAddressResolver=null, contextProvider=null, timeoutMS=null}
2025-06-26 11:17:49.391 [cluster-ClusterId{value='685cdf05034736147cebf632', description='null'}-localhost:27017] INFO  org.mongodb.driver.cluster - Monitor thread successfully connected to server with description ServerDescription{address=localhost:27017, type=STANDALONE, cryptd=false, state=CONNECTED, ok=true, minWireVersion=0, maxWireVersion=25, maxDocumentSize=16777216, logicalSessionTimeoutMinutes=30, roundTripTimeNanos=96634400, minRoundTripTimeNanos=0}
2025-06-26 11:17:51.666 [main] INFO  o.s.b.a.w.s.WelcomePageHandlerMapping - Adding welcome page: class path resource [public/index.html]
2025-06-26 11:17:52.440 [main] INFO  o.a.coyote.http11.Http11NioProtocol - Starting ProtocolHandler ["http-nio-8080"]
2025-06-26 11:17:52.536 [main] INFO  o.s.b.w.e.tomcat.TomcatWebServer - Tomcat started on port 8080 (http) with context path '/'
2025-06-26 11:17:52.557 [main] INFO  c.a.SpringBootDataMongodbApplication - Started SpringBootDataMongodbApplication in 9.25 seconds (process running for 12.447)
2025-06-26 11:17:59.782 [http-nio-8080-exec-1] INFO  o.a.c.c.C.[Tomcat].[localhost].[/] - Initializing Spring DispatcherServlet 'dispatcherServlet'
2025-06-26 11:17:59.782 [http-nio-8080-exec-1] INFO  o.s.web.servlet.DispatcherServlet - Initializing Servlet 'dispatcherServlet'
2025-06-26 11:17:59.785 [http-nio-8080-exec-1] INFO  o.s.web.servlet.DispatcherServlet - Completed initialization in 3 ms
2025-06-26 11:17:59.887 [http-nio-8080-exec-1] INFO  c.av.controller.CustomerController - INFO log
2025-06-26 11:17:59.888 [http-nio-8080-exec-1] WARN  c.av.controller.CustomerController - WARN log
2025-06-26 11:17:59.888 [http-nio-8080-exec-1] ERROR c.av.controller.CustomerController - ERROR log
2025-06-26 11:18:05.558 [http-nio-8080-exec-3] INFO  c.av.controller.CustomerController - INFO log
2025-06-26 11:18:05.558 [http-nio-8080-exec-3] WARN  c.av.controller.CustomerController - WARN log
2025-06-26 11:18:05.558 [http-nio-8080-exec-3] ERROR c.av.controller.CustomerController - ERROR log
2025-06-26 11:19:21.941 [http-nio-8080-exec-8] INFO  c.av.controller.CustomerController - INFO log
2025-06-26 11:19:21.942 [http-nio-8080-exec-8] WARN  c.av.controller.CustomerController - WARN log
2025-06-26 11:19:21.943 [http-nio-8080-exec-8] ERROR c.av.controller.CustomerController - ERROR log
2025-06-26 11:24:57.385 [http-nio-8080-exec-9] INFO  c.av.controller.CustomerController - INFO log
2025-06-26 11:24:57.391 [http-nio-8080-exec-9] WARN  c.av.controller.CustomerController - WARN log
2025-06-26 11:24:57.392 [http-nio-8080-exec-9] ERROR c.av.controller.CustomerController - ERROR log
2025-06-26 11:26:31.396 [http-nio-8080-exec-2] INFO  c.av.controller.CustomerController - INFO log
2025-06-26 11:26:31.397 [http-nio-8080-exec-2] WARN  c.av.controller.CustomerController - WARN log
2025-06-26 11:26:31.398 [http-nio-8080-exec-2] ERROR c.av.controller.CustomerController - ERROR log
2025-06-26 11:27:16.587 [http-nio-8080-exec-8] INFO  c.av.controller.CustomerController - INFO log
2025-06-26 11:27:16.589 [http-nio-8080-exec-8] WARN  c.av.controller.CustomerController - WARN log
2025-06-26 11:27:16.589 [http-nio-8080-exec-8] ERROR c.av.controller.CustomerController - ERROR log
2025-06-26 11:30:50.085 [http-nio-8080-exec-5] INFO  c.av.controller.CustomerController - INFO log
2025-06-26 11:30:50.087 [http-nio-8080-exec-5] WARN  c.av.controller.CustomerController - WARN log
2025-06-26 11:30:50.087 [http-nio-8080-exec-5] ERROR c.av.controller.CustomerController - ERROR log
2025-06-26 11:35:40.469 [main] INFO  c.a.SpringBootDataMongodbApplication - Starting SpringBootDataMongodbApplication using Java 17.0.14 with PID 34440 (D:\H\av-be\bin\main started by user in D:\H\av-be)
2025-06-26 11:35:40.472 [main] INFO  c.a.SpringBootDataMongodbApplication - No active profile set, falling back to 1 default profile: "default"
2025-06-26 11:35:41.374 [main] INFO  o.s.d.r.c.RepositoryConfigurationDelegate - Bootstrapping Spring Data MongoDB repositories in DEFAULT mode.
2025-06-26 11:35:41.462 [main] INFO  o.s.d.r.c.RepositoryConfigurationDelegate - Finished Spring Data repository scanning in 77 ms. Found 3 MongoDB repository interfaces.
2025-06-26 11:35:42.022 [main] INFO  o.s.b.w.e.tomcat.TomcatWebServer - Tomcat initialized with port 8080 (http)
2025-06-26 11:35:42.044 [main] INFO  o.a.coyote.http11.Http11NioProtocol - Initializing ProtocolHandler ["http-nio-8080"]
2025-06-26 11:35:42.046 [main] INFO  o.a.catalina.core.StandardService - Starting service [Tomcat]
2025-06-26 11:35:42.047 [main] INFO  o.a.catalina.core.StandardEngine - Starting Servlet engine: [Apache Tomcat/10.1.34]
2025-06-26 11:35:42.116 [main] INFO  o.a.c.c.C.[Tomcat].[localhost].[/] - Initializing Spring embedded WebApplicationContext
2025-06-26 11:35:42.117 [main] INFO  o.s.b.w.s.c.ServletWebServerApplicationContext - Root WebApplicationContext: initialization completed in 1572 ms
2025-06-26 11:35:42.417 [main] INFO  org.mongodb.driver.client - MongoClient with metadata {"driver": {"name": "mongo-java-driver|sync|spring-boot", "version": "5.2.1"}, "os": {"type": "Windows", "name": "Windows 11", "architecture": "amd64", "version": "10.0"}, "platform": "Java/Oracle Corporation/17.0.14+8-LTS-191"} created with settings MongoClientSettings{readPreference=primary, writeConcern=WriteConcern{w=null, wTimeout=null ms, journal=null}, retryWrites=true, retryReads=true, readConcern=ReadConcern{level=null}, credential=null, transportSettings=null, commandListeners=[], codecRegistry=ProvidersCodecRegistry{codecProviders=[ValueCodecProvider{}, BsonValueCodecProvider{}, DBRefCodecProvider{}, DBObjectCodecProvider{}, DocumentCodecProvider{}, CollectionCodecProvider{}, IterableCodecProvider{}, MapCodecProvider{}, GeoJsonCodecProvider{}, GridFSFileCodecProvider{}, Jsr310CodecProvider{}, JsonObjectCodecProvider{}, BsonCodecProvider{}, EnumCodecProvider{}, com.mongodb.client.model.mql.ExpressionCodecProvider@b5b9333, com.mongodb.Jep395RecordCodecProvider@52b959df, com.mongodb.KotlinCodecProvider@38588dea]}, loggerSettings=LoggerSettings{maxDocumentLength=1000}, clusterSettings={hosts=[localhost:27017], srvServiceName=mongodb, mode=SINGLE, requiredClusterType=UNKNOWN, requiredReplicaSetName='null', serverSelector='null', clusterListeners='[]', serverSelectionTimeout='30000 ms', localThreshold='15 ms'}, socketSettings=SocketSettings{connectTimeoutMS=10000, readTimeoutMS=0, receiveBufferSize=0, proxySettings=ProxySettings{host=null, port=null, username=null, password=null}}, heartbeatSocketSettings=SocketSettings{connectTimeoutMS=10000, readTimeoutMS=10000, receiveBufferSize=0, proxySettings=ProxySettings{host=null, port=null, username=null, password=null}}, connectionPoolSettings=ConnectionPoolSettings{maxSize=100, minSize=0, maxWaitTimeMS=120000, maxConnectionLifeTimeMS=0, maxConnectionIdleTimeMS=0, maintenanceInitialDelayMS=0, maintenanceFrequencyMS=60000, connectionPoolListeners=[], maxConnecting=2}, serverSettings=ServerSettings{heartbeatFrequencyMS=10000, minHeartbeatFrequencyMS=500, serverMonitoringMode=AUTO, serverListeners='[]', serverMonitorListeners='[]'}, sslSettings=SslSettings{enabled=false, invalidHostNameAllowed=false, context=null}, applicationName='null', compressorList=[], uuidRepresentation=JAVA_LEGACY, serverApi=null, autoEncryptionSettings=null, dnsClient=null, inetAddressResolver=null, contextProvider=null, timeoutMS=null}
2025-06-26 11:35:42.444 [cluster-ClusterId{value='685ce3361962927216c28899', description='null'}-localhost:27017] INFO  org.mongodb.driver.cluster - Monitor thread successfully connected to server with description ServerDescription{address=localhost:27017, type=STANDALONE, cryptd=false, state=CONNECTED, ok=true, minWireVersion=0, maxWireVersion=25, maxDocumentSize=16777216, logicalSessionTimeoutMinutes=30, roundTripTimeNanos=30394700, minRoundTripTimeNanos=0}
2025-06-26 11:35:43.195 [main] INFO  o.s.b.a.w.s.WelcomePageHandlerMapping - Adding welcome page: class path resource [public/index.html]
2025-06-26 11:35:43.563 [main] INFO  o.a.coyote.http11.Http11NioProtocol - Starting ProtocolHandler ["http-nio-8080"]
2025-06-26 11:35:43.634 [main] INFO  o.s.b.w.e.tomcat.TomcatWebServer - Tomcat started on port 8080 (http) with context path '/'
2025-06-26 11:35:43.649 [main] INFO  c.a.SpringBootDataMongodbApplication - Started SpringBootDataMongodbApplication in 4.887 seconds (process running for 10.601)
2025-06-26 11:35:52.026 [http-nio-8080-exec-1] INFO  o.a.c.c.C.[Tomcat].[localhost].[/] - Initializing Spring DispatcherServlet 'dispatcherServlet'
2025-06-26 11:35:52.027 [http-nio-8080-exec-1] INFO  o.s.web.servlet.DispatcherServlet - Initializing Servlet 'dispatcherServlet'
2025-06-26 11:35:52.030 [http-nio-8080-exec-1] INFO  o.s.web.servlet.DispatcherServlet - Completed initialization in 3 ms
2025-06-26 11:35:52.219 [http-nio-8080-exec-1] INFO  c.av.controller.CustomerController - INFO log
2025-06-26 11:35:52.219 [http-nio-8080-exec-1] WARN  c.av.controller.CustomerController - WARN log
2025-06-26 11:35:52.219 [http-nio-8080-exec-1] ERROR c.av.controller.CustomerController - ERROR log
2025-06-26 11:40:41.446 [http-nio-8080-exec-8] INFO  c.av.controller.CustomerController - INFO log
2025-06-26 11:40:41.524 [http-nio-8080-exec-8] WARN  c.av.controller.CustomerController - WARN log
2025-06-26 11:40:41.526 [http-nio-8080-exec-8] ERROR c.av.controller.CustomerController - ERROR log
2025-06-26 11:41:16.376 [http-nio-8080-exec-1] INFO  c.av.controller.CustomerController - INFO log
2025-06-26 11:41:16.376 [http-nio-8080-exec-1] WARN  c.av.controller.CustomerController - WARN log
2025-06-26 11:41:16.376 [http-nio-8080-exec-1] ERROR c.av.controller.CustomerController - ERROR log
2025-06-26 11:41:21.717 [http-nio-8080-exec-3] INFO  c.av.controller.CustomerController - INFO log
2025-06-26 11:41:21.719 [http-nio-8080-exec-3] WARN  c.av.controller.CustomerController - WARN log
2025-06-26 11:41:21.719 [http-nio-8080-exec-3] ERROR c.av.controller.CustomerController - ERROR log
2025-06-26 11:43:20.446 [http-nio-8080-exec-2] INFO  c.av.controller.CustomerController - INFO log
2025-06-26 11:43:20.452 [http-nio-8080-exec-2] WARN  c.av.controller.CustomerController - WARN log
2025-06-26 11:43:20.452 [http-nio-8080-exec-2] ERROR c.av.controller.CustomerController - ERROR log
2025-06-26 11:44:03.126 [http-nio-8080-exec-7] INFO  c.av.controller.CustomerController - INFO log
2025-06-26 11:44:03.126 [http-nio-8080-exec-7] WARN  c.av.controller.CustomerController - WARN log
2025-06-26 11:44:03.126 [http-nio-8080-exec-7] ERROR c.av.controller.CustomerController - ERROR log
2025-06-26 11:44:19.194 [http-nio-8080-exec-8] INFO  c.av.controller.CustomerController - INFO log
2025-06-26 11:44:19.195 [http-nio-8080-exec-8] WARN  c.av.controller.CustomerController - WARN log
2025-06-26 11:44:19.196 [http-nio-8080-exec-8] ERROR c.av.controller.CustomerController - ERROR log
2025-06-26 11:45:48.984 [http-nio-8080-exec-2] INFO  c.av.controller.CustomerController - INFO log
2025-06-26 11:45:48.985 [http-nio-8080-exec-2] WARN  c.av.controller.CustomerController - WARN log
2025-06-26 11:45:48.985 [http-nio-8080-exec-2] ERROR c.av.controller.CustomerController - ERROR log
2025-06-26 11:47:47.802 [http-nio-8080-exec-9] INFO  c.av.controller.CustomerController - INFO log
2025-06-26 11:47:47.807 [http-nio-8080-exec-9] WARN  c.av.controller.CustomerController - WARN log
2025-06-26 11:47:47.808 [http-nio-8080-exec-9] ERROR c.av.controller.CustomerController - ERROR log
2025-06-26 11:48:10.424 [http-nio-8080-exec-10] INFO  c.av.controller.CustomerController - INFO log
2025-06-26 11:48:10.425 [http-nio-8080-exec-10] WARN  c.av.controller.CustomerController - WARN log
2025-06-26 11:48:10.425 [http-nio-8080-exec-10] ERROR c.av.controller.CustomerController - ERROR log
2025-06-26 11:50:52.344 [http-nio-8080-exec-6] INFO  c.av.controller.CustomerController - INFO log
2025-06-26 11:50:52.368 [http-nio-8080-exec-6] WARN  c.av.controller.CustomerController - WARN log
2025-06-26 11:50:52.369 [http-nio-8080-exec-6] ERROR c.av.controller.CustomerController - ERROR log
2025-06-26 12:06:41.831 [http-nio-8080-exec-1] INFO  c.av.controller.CustomerController - INFO log
2025-06-26 12:06:41.838 [http-nio-8080-exec-1] WARN  c.av.controller.CustomerController - WARN log
2025-06-26 12:06:41.839 [http-nio-8080-exec-1] ERROR c.av.controller.CustomerController - ERROR log
2025-06-26 12:12:50.787 [http-nio-8080-exec-2] INFO  c.av.controller.CustomerController - INFO log
2025-06-26 12:12:50.788 [http-nio-8080-exec-2] WARN  c.av.controller.CustomerController - WARN log
2025-06-26 12:12:50.788 [http-nio-8080-exec-2] ERROR c.av.controller.CustomerController - ERROR log
2025-06-26 12:16:36.231 [http-nio-8080-exec-9] INFO  c.av.controller.CustomerController - INFO log
2025-06-26 12:16:36.272 [http-nio-8080-exec-9] WARN  c.av.controller.CustomerController - WARN log
2025-06-26 12:16:36.273 [http-nio-8080-exec-9] ERROR c.av.controller.CustomerController - ERROR log
2025-06-26 12:17:43.606 [http-nio-8080-exec-4] INFO  c.av.controller.CustomerController - INFO log
2025-06-26 12:17:43.610 [http-nio-8080-exec-4] WARN  c.av.controller.CustomerController - WARN log
2025-06-26 12:17:43.613 [http-nio-8080-exec-4] ERROR c.av.controller.CustomerController - ERROR log
2025-06-26 12:18:38.020 [http-nio-8080-exec-5] INFO  c.av.controller.CustomerController - INFO log
2025-06-26 12:18:38.020 [http-nio-8080-exec-5] WARN  c.av.controller.CustomerController - WARN log
2025-06-26 12:18:38.020 [http-nio-8080-exec-5] ERROR c.av.controller.CustomerController - ERROR log
2025-06-26 12:18:59.936 [http-nio-8080-exec-6] INFO  c.av.controller.CustomerController - INFO log
2025-06-26 12:18:59.936 [http-nio-8080-exec-6] WARN  c.av.controller.CustomerController - WARN log
2025-06-26 12:18:59.936 [http-nio-8080-exec-6] ERROR c.av.controller.CustomerController - ERROR log
2025-06-26 12:20:51.142 [http-nio-8080-exec-9] INFO  c.av.controller.CustomerController - INFO log
2025-06-26 12:20:51.151 [http-nio-8080-exec-9] WARN  c.av.controller.CustomerController - WARN log
2025-06-26 12:20:51.151 [http-nio-8080-exec-9] ERROR c.av.controller.CustomerController - ERROR log
2025-06-26 12:28:12.121 [http-nio-8080-exec-1] INFO  c.av.controller.CustomerController - INFO log
2025-06-26 12:28:12.195 [http-nio-8080-exec-1] WARN  c.av.controller.CustomerController - WARN log
2025-06-26 12:28:12.196 [http-nio-8080-exec-1] ERROR c.av.controller.CustomerController - ERROR log
2025-06-26 12:28:36.565 [http-nio-8080-exec-10] INFO  c.av.controller.CustomerController - INFO log
2025-06-26 12:28:36.566 [http-nio-8080-exec-10] WARN  c.av.controller.CustomerController - WARN log
2025-06-26 12:28:36.568 [http-nio-8080-exec-10] ERROR c.av.controller.CustomerController - ERROR log
2025-06-26 12:41:07.454 [http-nio-8080-exec-8] INFO  c.av.controller.CustomerController - INFO log
2025-06-26 12:41:07.498 [http-nio-8080-exec-8] WARN  c.av.controller.CustomerController - WARN log
2025-06-26 12:41:07.499 [http-nio-8080-exec-8] ERROR c.av.controller.CustomerController - ERROR log
2025-06-26 12:43:35.742 [http-nio-8080-exec-6] INFO  c.av.controller.CustomerController - INFO log
2025-06-26 12:43:35.743 [http-nio-8080-exec-6] WARN  c.av.controller.CustomerController - WARN log
2025-06-26 12:43:35.743 [http-nio-8080-exec-6] ERROR c.av.controller.CustomerController - ERROR log
2025-06-26 12:52:20.919 [http-nio-8080-exec-6] INFO  c.av.controller.CustomerController - INFO log
2025-06-26 12:52:20.995 [http-nio-8080-exec-6] WARN  c.av.controller.CustomerController - WARN log
2025-06-26 12:52:20.995 [http-nio-8080-exec-6] ERROR c.av.controller.CustomerController - ERROR log
2025-06-26 12:52:52.275 [http-nio-8080-exec-10] INFO  c.av.controller.CustomerController - INFO log
2025-06-26 12:52:52.276 [http-nio-8080-exec-10] WARN  c.av.controller.CustomerController - WARN log
2025-06-26 12:52:52.276 [http-nio-8080-exec-10] ERROR c.av.controller.CustomerController - ERROR log
2025-06-26 12:53:15.636 [http-nio-8080-exec-2] INFO  c.av.controller.CustomerController - INFO log
2025-06-26 12:53:15.636 [http-nio-8080-exec-2] WARN  c.av.controller.CustomerController - WARN log
2025-06-26 12:53:15.636 [http-nio-8080-exec-2] ERROR c.av.controller.CustomerController - ERROR log
2025-06-26 12:55:17.534 [http-nio-8080-exec-3] INFO  c.av.controller.CustomerController - INFO log
2025-06-26 12:55:17.539 [http-nio-8080-exec-3] WARN  c.av.controller.CustomerController - WARN log
2025-06-26 12:55:17.539 [http-nio-8080-exec-3] ERROR c.av.controller.CustomerController - ERROR log
2025-06-26 12:56:46.673 [http-nio-8080-exec-5] INFO  c.av.controller.CustomerController - INFO log
2025-06-26 12:56:46.674 [http-nio-8080-exec-5] WARN  c.av.controller.CustomerController - WARN log
2025-06-26 12:56:46.674 [http-nio-8080-exec-5] ERROR c.av.controller.CustomerController - ERROR log
2025-06-26 12:57:29.083 [http-nio-8080-exec-2] INFO  c.av.controller.CustomerController - INFO log
2025-06-26 12:57:29.084 [http-nio-8080-exec-2] WARN  c.av.controller.CustomerController - WARN log
2025-06-26 12:57:29.085 [http-nio-8080-exec-2] ERROR c.av.controller.CustomerController - ERROR log
2025-06-26 13:06:06.951 [http-nio-8080-exec-6] INFO  c.av.controller.CustomerController - INFO log
2025-06-26 13:06:06.978 [http-nio-8080-exec-6] WARN  c.av.controller.CustomerController - WARN log
2025-06-26 13:06:06.979 [http-nio-8080-exec-6] ERROR c.av.controller.CustomerController - ERROR log
2025-06-26 13:07:03.311 [http-nio-8080-exec-4] INFO  c.av.controller.CustomerController - INFO log
2025-06-26 13:07:03.316 [http-nio-8080-exec-4] WARN  c.av.controller.CustomerController - WARN log
2025-06-26 13:07:03.316 [http-nio-8080-exec-4] ERROR c.av.controller.CustomerController - ERROR log
2025-06-26 13:07:17.137 [http-nio-8080-exec-1] INFO  c.av.controller.CustomerController - INFO log
2025-06-26 13:07:17.138 [http-nio-8080-exec-1] WARN  c.av.controller.CustomerController - WARN log
2025-06-26 13:07:17.138 [http-nio-8080-exec-1] ERROR c.av.controller.CustomerController - ERROR log
2025-06-26 13:09:04.009 [http-nio-8080-exec-2] INFO  c.av.controller.CustomerController - INFO log
2025-06-26 13:09:04.010 [http-nio-8080-exec-2] WARN  c.av.controller.CustomerController - WARN log
2025-06-26 13:09:04.010 [http-nio-8080-exec-2] ERROR c.av.controller.CustomerController - ERROR log
2025-06-26 13:09:49.566 [http-nio-8080-exec-3] INFO  c.av.controller.CustomerController - INFO log
2025-06-26 13:09:49.566 [http-nio-8080-exec-3] WARN  c.av.controller.CustomerController - WARN log
2025-06-26 13:09:49.566 [http-nio-8080-exec-3] ERROR c.av.controller.CustomerController - ERROR log
2025-06-26 13:11:13.584 [http-nio-8080-exec-8] INFO  c.av.controller.CustomerController - INFO log
2025-06-26 13:11:13.585 [http-nio-8080-exec-8] WARN  c.av.controller.CustomerController - WARN log
2025-06-26 13:11:13.585 [http-nio-8080-exec-8] ERROR c.av.controller.CustomerController - ERROR log
2025-06-26 13:11:30.400 [http-nio-8080-exec-9] INFO  c.av.controller.CustomerController - INFO log
2025-06-26 13:11:30.400 [http-nio-8080-exec-9] WARN  c.av.controller.CustomerController - WARN log
2025-06-26 13:11:30.400 [http-nio-8080-exec-9] ERROR c.av.controller.CustomerController - ERROR log
2025-06-26 13:11:52.593 [http-nio-8080-exec-2] INFO  c.av.controller.CustomerController - INFO log
2025-06-26 13:11:52.597 [http-nio-8080-exec-2] WARN  c.av.controller.CustomerController - WARN log
2025-06-26 13:11:52.597 [http-nio-8080-exec-2] ERROR c.av.controller.CustomerController - ERROR log
2025-06-26 13:55:54.054 [http-nio-8080-exec-6] INFO  c.av.controller.CustomerController - INFO log
2025-06-26 13:55:54.180 [http-nio-8080-exec-6] WARN  c.av.controller.CustomerController - WARN log
2025-06-26 13:55:54.180 [http-nio-8080-exec-6] ERROR c.av.controller.CustomerController - ERROR log
